Component: ARM Compiler 5.06 update 7 (build 960) Tool: armlink [4d3601]

==============================================================================

Section Cross References

    startup_stm32f103xb.o(RESET) refers to startup_stm32f103xb.o(STACK) for __initial_sp
    startup_stm32f103xb.o(RESET) refers to startup_stm32f103xb.o(.text) for Reset_Handler
    startup_stm32f103xb.o(RESET) refers to stm32f1xx_it.o(i.NMI_Handler) for NMI_Handler
    startup_stm32f103xb.o(RESET) refers to stm32f1xx_it.o(i.HardFault_Handler) for HardFault_Handler
    startup_stm32f103xb.o(RESET) refers to stm32f1xx_it.o(i.MemManage_Handler) for MemManage_Handler
    startup_stm32f103xb.o(RESET) refers to stm32f1xx_it.o(i.BusFault_Handler) for BusFault_Handler
    startup_stm32f103xb.o(RESET) refers to stm32f1xx_it.o(i.UsageFault_Handler) for UsageFault_Handler
    startup_stm32f103xb.o(RESET) refers to stm32f1xx_it.o(i.SVC_Handler) for SVC_Handler
    startup_stm32f103xb.o(RESET) refers to stm32f1xx_it.o(i.DebugMon_Handler) for DebugMon_Handler
    startup_stm32f103xb.o(RESET) refers to stm32f1xx_it.o(i.PendSV_Handler) for PendSV_Handler
    startup_stm32f103xb.o(RESET) refers to stm32f1xx_it.o(i.SysTick_Handler) for SysTick_Handler
    startup_stm32f103xb.o(RESET) refers to stm32f1xx_it.o(i.USB_LP_CAN1_RX0_IRQHandler) for USB_LP_CAN1_RX0_IRQHandler
    startup_stm32f103xb.o(RESET) refers to stm32f1xx_it.o(i.TIM2_IRQHandler) for TIM2_IRQHandler
    startup_stm32f103xb.o(RESET) refers to stm32f1xx_it.o(i.USART1_IRQHandler) for USART1_IRQHandler
    startup_stm32f103xb.o(RESET) refers to stm32f1xx_it.o(i.USART2_IRQHandler) for USART2_IRQHandler
    startup_stm32f103xb.o(RESET) refers to stm32f1xx_it.o(i.USART3_IRQHandler) for USART3_IRQHandler
    startup_stm32f103xb.o(.text) refers to system_stm32f1xx.o(i.SystemInit) for SystemInit
    startup_stm32f103xb.o(.text) refers to entry.o(.ARM.Collect$$$$00000000) for __main
    main.o(i.ES8266_MQTT_Init) refers to esp8266_at.o(i.ESP8266_Sub) for ESP8266_Sub
    main.o(i.ES8266_MQTT_Init) refers to printf5.o(i.__0printf$5) for __2printf
    main.o(i.ES8266_MQTT_Init) refers to esp8266_at.o(i.ESP8266_Init) for ESP8266_Init
    main.o(i.ES8266_MQTT_Init) refers to esp8266_at.o(i.ESP8266_ConnectAP) for ESP8266_ConnectAP
    main.o(i.ES8266_MQTT_Init) refers to esp8266_at.o(i.ESP8266_USERCFG) for ESP8266_USERCFG
    main.o(i.ES8266_MQTT_Init) refers to esp8266_at.o(i.ESP8266_USERCLIENT) for ESP8266_USERCLIENT
    main.o(i.ES8266_MQTT_Init) refers to esp8266_at.o(i.ESP8266_ConnectIOT) for ESP8266_ConnectIOT
    main.o(i.ES8266_MQTT_Init) refers to main.o(i.Enter_ErrorMode) for Enter_ErrorMode
    main.o(i.ES8266_MQTT_Init) refers to main.o(.data) for .data
    main.o(i.ES8266_MQTT_Init) refers to esp8266_at.o(.bss) for Passward
    main.o(i.ES8266_MQTT_Init) refers to esp8266_at.o(.data) for ServerPort
    main.o(i.Enter_ErrorMode) refers to printf5.o(i.__0printf$5) for __2printf
    main.o(i.Enter_ErrorMode) refers to stm32f1xx_hal.o(i.HAL_Delay) for HAL_Delay
    main.o(i.HAL_TIM_PeriodElapsedCallback) refers to main.o(.data) for .data
    main.o(i.HAL_UART_RxCpltCallback) refers to stm32f1xx_hal_uart.o(i.HAL_UART_Receive_IT) for HAL_UART_Receive_IT
    main.o(i.HAL_UART_RxCpltCallback) refers to main.o(.data) for .data
    main.o(i.HAL_UART_RxCpltCallback) refers to main.o(.bss) for .bss
    main.o(i.HAL_UART_RxCpltCallback) refers to usart.o(.bss) for huart1
    main.o(i.HAL_UART_RxCpltCallback) refers to esp8266_at.o(.data) for usart2_rxcounter
    main.o(i.HAL_UART_RxCpltCallback) refers to esp8266_at.o(.bss) for usart2_rxbuf
    main.o(i.SystemClock_Config) refers to memseta.o(.text) for __aeabi_memclr4
    main.o(i.SystemClock_Config) refers to stm32f1xx_hal_rcc.o(i.HAL_RCC_OscConfig) for HAL_RCC_OscConfig
    main.o(i.SystemClock_Config) refers to stm32f1xx_hal_rcc.o(i.HAL_RCC_ClockConfig) for HAL_RCC_ClockConfig
    main.o(i.SystemClock_Config) refers to stm32f1xx_hal_rcc_ex.o(i.HAL_RCCEx_PeriphCLKConfig) for HAL_RCCEx_PeriphCLKConfig
    main.o(i.USB_RESET) refers to stm32f1xx_hal_gpio.o(i.HAL_GPIO_WritePin) for HAL_GPIO_WritePin
    main.o(i.USB_RESET) refers to stm32f1xx_hal_gpio.o(i.HAL_GPIO_Init) for HAL_GPIO_Init
    main.o(i.USB_RESET) refers to stm32f1xx_hal.o(i.HAL_Delay) for HAL_Delay
    main.o(i.fputc) refers to usbd_cdc_if.o(i.CDC_Transmit_FS) for CDC_Transmit_FS
    main.o(i.get_TimeDiff) refers to stm32f1xx_hal.o(i.HAL_GetTick) for HAL_GetTick
    main.o(i.main) refers to stm32f1xx_hal.o(i.HAL_Init) for HAL_Init
    main.o(i.main) refers to main.o(i.USB_RESET) for USB_RESET
    main.o(i.main) refers to main.o(i.SystemClock_Config) for SystemClock_Config
    main.o(i.main) refers to gpio.o(i.MX_GPIO_Init) for MX_GPIO_Init
    main.o(i.main) refers to tim.o(i.MX_TIM2_Init) for MX_TIM2_Init
    main.o(i.main) refers to usart.o(i.MX_USART1_UART_Init) for MX_USART1_UART_Init
    main.o(i.main) refers to usart.o(i.MX_USART3_UART_Init) for MX_USART3_UART_Init
[...]
    UART_EndRxTransfer                       0x080035eb   Thumb Code    78  stm32f1xx_hal_uart.o(i.UART_EndRxTransfer)
    i.UART_Receive_IT                        0x08003638   Section        0  stm32f1xx_hal_uart.o(i.UART_Receive_IT)
    UART_Receive_IT                          0x08003639   Thumb Code   194  stm32f1xx_hal_uart.o(i.UART_Receive_IT)
    i.UART_SetConfig                         0x080036fc   Section        0  stm32f1xx_hal_uart.o(i.UART_SetConfig)
    UART_SetConfig                           0x080036fd   Thumb Code   178  stm32f1xx_hal_uart.o(i.UART_SetConfig)
    i.UART_Start_Receive_IT                  0x080037b4   Section        0  stm32f1xx_hal_uart.o(i.UART_Start_Receive_IT)
    i.UART_WaitOnFlagUntilTimeout            0x080037ea   Section        0  stm32f1xx_hal_uart.o(i.UART_WaitOnFlagUntilTimeout)
    UART_WaitOnFlagUntilTimeout              0x080037eb   Thumb Code   120  stm32f1xx_hal_uart.o(i.UART_WaitOnFlagUntilTimeout)
    i.USART1_IRQHandler                      0x08003864   Section        0  stm32f1xx_it.o(i.USART1_IRQHandler)
    i.USART2_IRQHandler                      0x08003870   Section        0  stm32f1xx_it.o(i.USART2_IRQHandler)
    i.USART3_IRQHandler                      0x0800387c   Section        0  stm32f1xx_it.o(i.USART3_IRQHandler)
    i.USBD_CDC_DataIn                        0x08003888   Section        0  usbd_cdc.o(i.USBD_CDC_DataIn)
    USBD_CDC_DataIn                          0x08003889   Thumb Code    70  usbd_cdc.o(i.USBD_CDC_DataIn)
    i.USBD_CDC_DataOut                       0x080038ce   Section        0  usbd_cdc.o(i.USBD_CDC_DataOut)
    USBD_CDC_DataOut                         0x080038cf   Thumb Code    46  usbd_cdc.o(i.USBD_CDC_DataOut)
    i.USBD_CDC_DeInit                        0x080038fc   Section        0  usbd_cdc.o(i.USBD_CDC_DeInit)
    USBD_CDC_DeInit                          0x080038fd   Thumb Code    68  usbd_cdc.o(i.USBD_CDC_DeInit)
    i.USBD_CDC_EP0_RxReady                   0x08003940   Section        0  usbd_cdc.o(i.USBD_CDC_EP0_RxReady)
    USBD_CDC_EP0_RxReady                     0x08003941   Thumb Code    36  usbd_cdc.o(i.USBD_CDC_EP0_RxReady)
    i.USBD_CDC_GetDeviceQualifierDescriptor  0x08003964   Section        0  usbd_cdc.o(i.USBD_CDC_GetDeviceQualifierDescriptor)
    i.USBD_CDC_GetFSCfgDesc                  0x08003970   Section        0  usbd_cdc.o(i.USBD_CDC_GetFSCfgDesc)
    USBD_CDC_GetFSCfgDesc                    0x08003971   Thumb Code     8  usbd_cdc.o(i.USBD_CDC_GetFSCfgDesc)
    i.USBD_CDC_GetHSCfgDesc                  0x0800397c   Section        0  usbd_cdc.o(i.USBD_CDC_GetHSCfgDesc)
    USBD_CDC_GetHSCfgDesc                    0x0800397d   Thumb Code     8  usbd_cdc.o(i.USBD_CDC_GetHSCfgDesc)
    i.USBD_CDC_GetOtherSpeedCfgDesc          0x08003988   Section        0  usbd_cdc.o(i.USBD_CDC_GetOtherSpeedCfgDesc)
    USBD_CDC_GetOtherSpeedCfgDesc            0x08003989   Thumb Code     8  usbd_cdc.o(i.USBD_CDC_GetOtherSpeedCfgDesc)
    i.USBD_CDC_Init                          0x08003994   Section        0  usbd_cdc.o(i.USBD_CDC_Init)
    USBD_CDC_Init                            0x08003995   Thumb Code   148  usbd_cdc.o(i.USBD_CDC_Init)
    i.USBD_CDC_ReceivePacket                 0x08003a28   Section        0  usbd_cdc.o(i.USBD_CDC_ReceivePacket)
    i.USBD_CDC_RegisterInterface             0x08003a50   Section        0  usbd_cdc.o(i.USBD_CDC_RegisterInterface)
    i.USBD_CDC_SetRxBuffer                   0x08003a60   Section        0  usbd_cdc.o(i.USBD_CDC_SetRxBuffer)
    i.USBD_CDC_SetTxBuffer                   0x08003a6c   Section        0  usbd_cdc.o(i.USBD_CDC_SetTxBuffer)
    i.USBD_CDC_Setup                         0x08003a7c   Section        0  usbd_cdc.o(i.USBD_CDC_Setup)
    USBD_CDC_Setup                           0x08003a7d   Thumb Code   172  usbd_cdc.o(i.USBD_CDC_Setup)
    i.USBD_CDC_TransmitPacket                0x08003b28   Section        0  usbd_cdc.o(i.USBD_CDC_TransmitPacket)
    i.USBD_ClrClassConfig                    0x08003b5e   Section        0  usbd_core.o(i.USBD_ClrClassConfig)
    i.USBD_CtlContinueRx                     0x08003b6c   Section        0  usbd_ioreq.o(i.USBD_CtlContinueRx)
    i.USBD_CtlContinueSendData               0x08003b7c   Section        0  usbd_ioreq.o(i.USBD_CtlContinueSendData)
    i.USBD_CtlError                          0x08003b8c   Section        0  usbd_ctlreq.o(i.USBD_CtlError)
    i.USBD_CtlPrepareRx                      0x08003ba2   Section        0  usbd_ioreq.o(i.USBD_CtlPrepareRx)
    i.USBD_CtlReceiveStatus                  0x08003bc0   Section        0  usbd_ioreq.o(i.USBD_CtlReceiveStatus)
    i.USBD_CtlSendData                       0x08003bd6   Section        0  usbd_ioreq.o(i.USBD_CtlSendData)
    i.USBD_CtlSendStatus                     0x08003bf0   Section        0  usbd_ioreq.o(i.USBD_CtlSendStatus)
    i.USBD_FS_ConfigStrDescriptor            0x08003c08   Section        0  usbd_desc.o(i.USBD_FS_ConfigStrDescriptor)
    i.USBD_FS_DeviceDescriptor               0x08003c28   Section        0  usbd_desc.o(i.USBD_FS_DeviceDescriptor)
    i.USBD_FS_InterfaceStrDescriptor         0x08003c34   Section        0  usbd_desc.o(i.USBD_FS_InterfaceStrDescriptor)
    i.USBD_FS_LangIDStrDescriptor            0x08003c58   Section        0  usbd_desc.o(i.USBD_FS_LangIDStrDescriptor)
    i.USBD_FS_ManufacturerStrDescriptor      0x08003c64   Section        0  usbd_desc.o(i.USBD_FS_ManufacturerStrDescriptor)
    i.USBD_FS_ProductStrDescriptor           0x08003c8c   Section        0  usbd_desc.o(i.USBD_FS_ProductStrDescriptor)
    i.USBD_FS_SerialStrDescriptor            0x08003cb8   Section        0  usbd_desc.o(i.USBD_FS_SerialStrDescriptor)
    i.USBD_GetDescriptor                     0x08003ce0   Section        0  usbd_ctlreq.o(i.USBD_GetDescriptor)
    USBD_GetDescriptor                       0x08003ce1   Thumb Code   232  usbd_ctlreq.o(i.USBD_GetDescriptor)
    i.USBD_GetString                         0x08003dc8   Section        0  usbd_ctlreq.o(i.USBD_GetString)
    i.USBD_Get_USB_Status                    0x08003e10   Section        0  usbd_conf.o(i.USBD_Get_USB_Status)
    USBD_Get_USB_Status                      0x08003e11   Thumb Code    24  usbd_conf.o(i.USBD_Get_USB_Status)
    i.USBD_Init                              0x08003e28   Section        0  usbd_core.o(i.USBD_Init)
    i.USBD_LL_ClearStallEP                   0x08003e52   Section        0  usbd_conf.o(i.USBD_LL_ClearStallEP)
    i.USBD_LL_CloseEP                        0x08003e64   Section        0  usbd_conf.o(i.USBD_LL_CloseEP)
    i.USBD_LL_DataInStage                    0x08003e76   Section        0  usbd_core.o(i.USBD_LL_DataInStage)
    i.USBD_LL_DataOutStage                   0x08003f3c   Section        0  usbd_core.o(i.USBD_LL_DataOutStage)
    i.USBD_LL_GetRxDataSize                  0x08003fbe   Section        0  usbd_conf.o(i.USBD_LL_GetRxDataSize)
    i.USBD_LL_Init                           0x08003fc8   Section        0  usbd_conf.o(i.USBD_LL_Init)
    i.USBD_LL_IsStallEP                      0x08004048   Section        0  usbd_conf.o(i.USBD_LL_IsStallEP)
    i.USBD_LL_OpenEP                         0x08004068   Section        0  usbd_conf.o(i.USBD_LL_OpenEP)
    i.USBD_LL_PrepareReceive                 0x08004080   Section        0  usbd_conf.o(i.USBD_LL_PrepareReceive)
    i.USBD_LL_Reset                          0x08004092   Section        0  usbd_core.o(i.USBD_LL_Reset)
    i.USBD_LL_Resume                         0x080040e2   Section        0  usbd_core.o(i.USBD_LL_Resume)
    i.USBD_LL_SOF                            0x080040f6   Section        0  usbd_core.o(i.USBD_LL_SOF)
    i.USBD_LL_SetSpeed                       0x0800410e   Section        0  usbd_core.o(i.USBD_LL_SetSpeed)
    i.USBD_LL_SetUSBAddress                  0x08004114   Section        0  usbd_conf.o(i.USBD_LL_SetUSBAddress)
    i.USBD_LL_SetupStage                     0x08004126   Section        0  usbd_core.o(i.USBD_LL_SetupStage)
    i.USBD_LL_StallEP                        0x08004180   Section        0  usbd_conf.o(i.USBD_LL_StallEP)
    i.USBD_LL_Start                          0x08004192   Section        0  usbd_conf.o(i.USBD_LL_Start)
    i.USBD_LL_Suspend                        0x080041a4   Section        0  usbd_core.o(i.USBD_LL_Suspend)
    i.USBD_LL_Transmit                       0x080041b6   Section        0  usbd_conf.o(i.USBD_LL_Transmit)
    i.USBD_ParseSetupRequest                 0x080041c8   Section        0  usbd_ctlreq.o(i.USBD_ParseSetupRequest)
    i.USBD_RegisterClass                     0x080041f0   Section        0  usbd_core.o(i.USBD_RegisterClass)
    i.USBD_SetClassConfig                    0x08004200   Section        0  usbd_core.o(i.USBD_SetClassConfig)
    i.USBD_SetConfig                         0x08004218   Section        0  usbd_ctlreq.o(i.USBD_SetConfig)
    USBD_SetConfig                           0x08004219   Thumb Code   128  usbd_ctlreq.o(i.USBD_SetConfig)
    i.USBD_Start                             0x0800429c   Section        0  usbd_core.o(i.USBD_Start)
    i.USBD_StdDevReq                         0x080042a6   Section        0  usbd_ctlreq.o(i.USBD_StdDevReq)
    i.USBD_StdEPReq                          0x080043b8   Section        0  usbd_ctlreq.o(i.USBD_StdEPReq)
    i.USBD_StdItfReq                         0x08004508   Section        0  usbd_ctlreq.o(i.USBD_StdItfReq)
    i.USBD_static_free                       0x08004556   Section        0  usbd_conf.o(i.USBD_static_free)
    i.USBD_static_malloc                     0x08004558   Section        0  usbd_conf.o(i.USBD_static_malloc)
    i.USB_ActivateEndpoint                   0x08004560   Section        0  stm32f1xx_ll_usb.o(i.USB_ActivateEndpoint)
    i.USB_CoreInit                           0x080047fc   Section        0  stm32f1xx_ll_usb.o(i.USB_CoreInit)
    i.USB_DeactivateEndpoint                 0x08004800   Section        0  stm32f1xx_ll_usb.o(i.USB_DeactivateEndpoint)
    i.USB_DevConnect                         0x0800490e   Section        0  stm32f1xx_ll_usb.o(i.USB_DevConnect)
    i.USB_DevDisconnect                      0x08004912   Section        0  stm32f1xx_ll_usb.o(i.USB_DevDisconnect)
    i.USB_DevInit                            0x08004916   Section        0  stm32f1xx_ll_usb.o(i.USB_DevInit)
    i.USB_DisableGlobalInt                   0x08004928   Section        0  stm32f1xx_ll_usb.o(i.USB_DisableGlobalInt)
    i.USB_EP0_OutStart                       0x08004936   Section        0  stm32f1xx_ll_usb.o(i.USB_EP0_OutStart)
    i.USB_EPClearStall                       0x0800493a   Section        0  stm32f1xx_ll_usb.o(i.USB_EPClearStall)
    i.USB_EPSetStall                         0x080049b2   Section        0  stm32f1xx_ll_usb.o(i.USB_EPSetStall)
    i.USB_EPStartXfer                        0x080049e4   Section        0  stm32f1xx_ll_usb.o(i.USB_EPStartXfer)
    i.USB_EnableGlobalInt                    0x08004ec6   Section        0  stm32f1xx_ll_usb.o(i.USB_EnableGlobalInt)
    i.USB_LP_CAN1_RX0_IRQHandler             0x08004ed8   Section        0  stm32f1xx_it.o(i.USB_LP_CAN1_RX0_IRQHandler)
    i.USB_RESET                              0x08004ee4   Section        0  main.o(i.USB_RESET)
    i.USB_ReadInterrupts                     0x08004f4c   Section        0  stm32f1xx_ll_usb.o(i.USB_ReadInterrupts)
    i.USB_ReadPMA                            0x08004f54   Section        0  stm32f1xx_ll_usb.o(i.USB_ReadPMA)
    i.USB_SetCurrentMode                     0x08004f80   Section        0  stm32f1xx_ll_usb.o(i.USB_SetCurrentMode)
    i.USB_SetDevAddress                      0x08004f84   Section        0  stm32f1xx_ll_usb.o(i.USB_SetDevAddress)
    i.USB_WritePMA                           0x08004f90   Section        0  stm32f1xx_ll_usb.o(i.USB_WritePMA)
    i.UsageFault_Handler                     0x08004fb6   Section        0  stm32f1xx_it.o(i.UsageFault_Handler)
    i.__0printf$5                            0x08004fb8   Section        0  printf5.o(i.__0printf$5)
    i.__0sprintf$5                           0x08004fd8   Section        0  printf5.o(i.__0sprintf$5)
    i.__NVIC_SetPriority                     0x08005000   Section        0  stm32f1xx_hal_cortex.o(i.__NVIC_SetPriority)
    __NVIC_SetPriority                       0x08005001   Thumb Code    32  stm32f1xx_hal_cortex.o(i.__NVIC_SetPriority)
    i.__scatterload_copy                     0x08005020   Section       14  handlers.o(i.__scatterload_copy)
    i.__scatterload_null                     0x0800502e   Section        2  handlers.o(i.__scatterload_null)
    i.__scatterload_zeroinit                 0x08005030   Section       14  handlers.o(i.__scatterload_zeroinit)
    i._printf_core                           0x08005040   Section        0  printf5.o(i._printf_core)
    _printf_core                             0x08005041   Thumb Code   660  printf5.o(i._printf_core)
    i._sputc                                 0x08005300   Section        0  printf5.o(i._sputc)
    _sputc                                   0x08005301   Thumb Code    10  printf5.o(i._sputc)
    i.fputc                                  0x0800530a   Section        0  main.o(i.fputc)
    i.get_TimeDiff                           0x08005328   Section        0  main.o(i.get_TimeDiff)
    i.main                                   0x08005334   Section        0  main.o(i.main)
    .constdata                               0x08005740   Section       18  stm32f1xx_hal_rcc.o(.constdata)
    aPredivFactorTable                       0x08005740   Data           2  stm32f1xx_hal_rcc.o(.constdata)
    aPLLMULFactorTable                       0x08005742   Data          16  stm32f1xx_hal_rcc.o(.constdata)
    .constdata                               0x08005752   Section       16  system_stm32f1xx.o(.constdata)
    .constdata                               0x08005762   Section        8  system_stm32f1xx.o(.constdata)
    .constdata                               0x0800576a   Section     8501  oled.o(.constdata)
    .conststring                             0x080078a0   Section       69  main.o(.conststring)
    .conststring                             0x080078e8   Section      120  esp8266_at.o(.conststring)
    .data                                    0x20000000   Section       32  main.o(.data)
    .data                                    0x20000020   Section       28  usbd_desc.o(.data)
    .data                                    0x2000003c   Section       50  usbd_desc.o(.data)
    .data                                    0x20000070   Section       16  usbd_cdc_if.o(.data)
    .data                                    0x20000080   Section       12  stm32f1xx_hal.o(.data)
    .data                                    0x2000008c   Section        4  system_stm32f1xx.o(.data)
    .data                                    0x20000090   Section       20  esp8266_at.o(.data)
    .data                                    0x200000a4   Section        1  usbd_ctlreq.o(.data)
    cfgidx                                   0x200000a4   Data           1  usbd_ctlreq.o(.data)
    .data                                    0x200000a8   Section      215  usbd_cdc.o(.data)
    USBD_CDC_DeviceQualifierDesc             0x200000a8   Data          10  usbd_cdc.o(.data)
    .data                                    0x20000180   Section       56  usbd_cdc.o(.data)
    .data                                    0x200001b8   Section        4  stdout.o(.data)
    .bss                                     0x200001bc   Section       96  main.o(.bss)
    .bss                                     0x2000021c   Section       72  tim.o(.bss)
    .bss                                     0x20000264   Section      216  usart.o(.bss)
    .bss                                     0x2000033c   Section      708  usb_device.o(.bss)
    .bss                                     0x20000600   Section     1296  usbd_conf.o(.bss)
    mem                                      0x20000600   Data         544  usbd_conf.o(.bss)
    .bss                                     0x20000b10   Section      512  usbd_desc.o(.bss)
    .bss                                     0x20000d10   Section     2048  usbd_cdc_if.o(.bss)
    .bss                                     0x20001510   Section     1024  oled.o(.bss)
    .bss                                     0x20001910   Section     1664  esp8266_at.o(.bss)
    STACK                                    0x20001f90   Section     2048  startup_stm32f103xb.o(STACK)

    Global Symbols

    Symbol Name                              Value     Ov Type        Size  Object(Section)

    BuildAttributes$$THM_ISAv4$P$D$K$B$S$PE$A:L22UL41UL21$X:L11$S22US41US21$IEEE1$IW$USESV6$~STKCKD$USESV7$~SHL$OSPACE$ROPI$EBA8$MICROLIB$REQ8$PRES8$EABIv2 0x00000000   Number         0  anon$$obj.o ABSOLUTE
    __ARM_use_no_argv                        0x00000000   Number         0  main.o ABSOLUTE
    _printf_a                                0x00000000   Number         0  stubs.o ABSOLUTE
    _printf_c                                0x00000000   Number         0  stubs.o ABSOLUTE
    _printf_charcount                        0x00000000   Number         0  stubs.o ABSOLUTE
    _printf_d                                0x00000000   Number         0  stubs.o ABSOLUTE
    _printf_e                                0x00000000   Number         0  stubs.o ABSOLUTE
    _printf_f                                0x00000000   Number         0  stubs.o ABSOLUTE
    _printf_flags                            0x00000000   Number         0  stubs.o ABSOLUTE
    _printf_fp_dec                           0x00000000   Number         0  stubs.o ABSOLUTE
    _printf_fp_hex                           0x00000000   Number         0  stubs.o ABSOLUTE
    _printf_g                                0x00000000   Number         0  stubs.o ABSOLUTE
    _printf_i                                0x00000000   Number         0  stubs.o ABSOLUTE
    _printf_int_dec                          0x00000000   Number         0  stubs.o ABSOLUTE
    _printf_l                                0x00000000   Number         0  stubs.o ABSOLUTE
    _printf_lc                               0x00000000   Number         0  stubs.o ABSOLUTE
    _printf_ll                               0x00000000   Number         0  stubs.o ABSOLUTE
    _printf_lld                              0x00000000   Number         0  stubs.o ABSOLUTE
    _printf_lli                              0x00000000   Number         0  stubs.o ABSOLUTE
    _printf_llo                              0x00000000   Number         0  stubs.o ABSOLUTE
    _printf_llu                              0x00000000   Number         0  stubs.o ABSOLUTE
    _printf_llx                              0x00000000   Number         0  stubs.o ABSOLUTE
    _printf_longlong_dec                     0x00000000   Number         0  stubs.o ABSOLUTE
    _printf_longlong_hex                     0x00000000   Number         0  stubs.o ABSOLUTE
    _printf_longlong_oct                     0x00000000   Number         0  stubs.o ABSOLUTE
    _printf_ls                               0x00000000   Number         0  stubs.o ABSOLUTE
    _printf_mbtowc                           0x00000000   Number         0  stubs.o ABSOLUTE
    _printf_n                                0x00000000   Number         0  stubs.o ABSOLUTE
    _printf_o                                0x00000000   Number         0  stubs.o ABSOLUTE
    _printf_p                                0x00000000   Number         0  stubs.o ABSOLUTE
    _printf_percent                          0x00000000   Number         0  stubs.o ABSOLUTE
    _printf_pre_padding                      0x00000000   Number         0  stubs.o ABSOLUTE
    _printf_return_value                     0x00000000   Number         0  stubs.o ABSOLUTE
    _printf_s                                0x00000000   Number         0  stubs.o ABSOLUTE
    _printf_sizespec                         0x00000000   Number         0  stubs.o ABSOLUTE
    _printf_str                              0x00000000   Number         0  stubs.o ABSOLUTE
    _printf_truncate_signed                  0x00000000   Number         0  stubs.o ABSOLUTE
    _printf_truncate_unsigned                0x00000000   Number         0  stubs.o ABSOLUTE
    _printf_u                                0x00000000   Number         0  stubs.o ABSOLUTE
    _printf_wc                               0x00000000   Number         0  stubs.o ABSOLUTE
    _printf_wctomb                           0x00000000   Number         0  stubs.o ABSOLUTE
    _printf_widthprec                        0x00000000   Number         0  stubs.o ABSOLUTE
    _printf_x                                0x00000000   Number         0  stubs.o ABSOLUTE
    __arm_fini_                               - Undefined Weak Reference
    __cpp_initialize__aeabi_                  - Undefined Weak Reference
    __cxa_finalize                            - Undefined Weak Reference
    _clock_init                               - Undefined Weak Reference
    _microlib_exit                            - Undefined Weak Reference
    __Vectors_Size                           0x000000ec   Number         0  startup_stm32f103xb.o ABSOLUTE
    __Vectors                                0x08000000   Data           4  startup_stm32f103xb.o(RESET)
    __Vectors_End                            0x080000ec   Data           0  startup_stm32f103xb.o(RESET)
    __main                                   0x080000ed   Thumb Code     0  entry.o(.ARM.Collect$$$$00000000)
    _main_stk                                0x080000ed   Thumb Code     0  entry2.o(.ARM.Collect$$$$00000001)
    _main_scatterload                        0x080000f1   Thumb Code     0  entry5.o(.ARM.Collect$$$$00000004)
    __main_after_scatterload                 0x080000f5   Thumb Code     0  entry5.o(.ARM.Collect$$$$00000004)
    _main_clock                              0x080000f5   Thumb Code     0  entry7b.o(.ARM.Collect$$$$00000008)
    _main_cpp_init                           0x080000f5   Thumb Code     0  entry8b.o(.ARM.Collect$$$$0000000A)
    _main_init                               0x080000f5   Thumb Code     0  entry9a.o(.ARM.Collect$$$$0000000B)
    __rt_lib_shutdown_fini                   0x080000fd   Thumb Code     0  entry12b.o(.ARM.Collect$$$$0000000E)
    __rt_final_cpp                           0x08000101   Thumb Code     0  entry10a.o(.ARM.Collect$$$$0000000F)
    __rt_final_exit                          0x08000101   Thumb Code     0  entry11a.o(.ARM.Collect$$$$00000011)
    Reset_Handler                            0x08000105   Thumb Code     8  startup_stm32f103xb.o(.text)
    ADC1_2_IRQHandler                        0x0800011f   Thumb Code     0  startup_stm32f103xb.o(.text)
    CAN1_RX1_IRQHandler                      0x0800011f   Thumb Code     0  startup_stm32f103xb.o(.text)
    CAN1_SCE_IRQHandler                      0x0800011f   Thumb Code     0  startup_stm32f103xb.o(.text)
    DMA1_Channel1_IRQHandler                 0x0800011f   Thumb Code     0  startup_stm32f103xb.o(.text)
    DMA1_Channel2_IRQHandler                 0x0800011f   Thumb Code     0  startup_stm32f103xb.o(.text)
    DMA1_Channel3_IRQHandler                 0x0800011f   Thumb Code     0  startup_stm32f103xb.o(.text)
    DMA1_Channel4_IRQHandler                 0x0800011f   Thumb Code     0  startup_stm32f103xb.o(.text)
    DMA1_Channel5_IRQHandler                 0x0800011f   Thumb Code     0  startup_stm32f103xb.o(.text)
    DMA1_Channel6_IRQHandler                 0x0800011f   Thumb Code     0  startup_stm32f103xb.o(.text)
    DMA1_Channel7_IRQHandler                 0x0800011f   Thumb Code     0  startup_stm32f103xb.o(.text)
    EXTI0_IRQHandler                         0x0800011f   Thumb Code     0  startup_stm32f103xb.o(.text)
    EXTI15_10_IRQHandler                     0x0800011f   Thumb Code     0  startup_stm32f103xb.o(.text)
    EXTI1_IRQHandler                         0x0800011f   Thumb Code     0  startup_stm32f103xb.o(.text)
    EXTI2_IRQHandler                         0x0800011f   Thumb Code     0  startup_stm32f103xb.o(.text)
    EXTI3_IRQHandler                         0x0800011f   Thumb Code     0  startup_stm32f103xb.o(.text)
    EXTI4_IRQHandler                         0x0800011f   Thumb Code     0  startup_stm32f103xb.o(.text)
    EXTI9_5_IRQHandler                       0x0800011f   Thumb Code     0  startup_stm32f103xb.o(.text)
    FLASH_IRQHandler                         0x0800011f   Thumb Code     0  startup_stm32f103xb.o(.text)
    I2C1_ER_IRQHandler                       0x0800011f   Thumb Code     0  startup_stm32f103xb.o(.text)
    I2C1_EV_IRQHandler                       0x0800011f   Thumb Code     0  startup_stm32f103xb.o(.text)
    I2C2_ER_IRQHandler                       0x0800011f   Thumb Code     0  startup_stm32f103xb.o(.text)
    I2C2_EV_IRQHandler                       0x0800011f   Thumb Code     0  startup_stm32f103xb.o(.text)
    PVD_IRQHandler                           0x0800011f   Thumb Code     0  startup_stm32f103xb.o(.text)
    RCC_IRQHandler                           0x0800011f   Thumb Code     0  startup_stm32f103xb.o(.text)
    RTC_Alarm_IRQHandler                     0x0800011f   Thumb Code     0  startup_stm32f103xb.o(.text)
    RTC_IRQHandler                           0x0800011f   Thumb Code     0  startup_stm32f103xb.o(.text)
    SPI1_IRQHandler                          0x0800011f   Thumb Code     0  startup_stm32f103xb.o(.text)
    SPI2_IRQHandler                          0x0800011f   Thumb Code     0  startup_stm32f103xb.o(.text)
    TAMPER_IRQHandler                        0x0800011f   Thumb Code     0  startup_stm32f103xb.o(.text)
    TIM1_BRK_IRQHandler                      0x0800011f   Thumb Code     0  startup_stm32f103xb.o(.text)
    TIM1_CC_IRQHandler                       0x0800011f   Thumb Code     0  startup_stm32f103xb.o(.text)
    TIM1_TRG_COM_IRQHandler                  0x0800011f   Thumb Code     0  startup_stm32f103xb.o(.text)
    TIM1_UP_IRQHandler                       0x0800011f   Thumb Code     0  startup_stm32f103xb.o(.text)
    TIM3_IRQHandler                          0x0800011f   Thumb Code     0  startup_stm32f103xb.o(.text)
    TIM4_IRQHandler                          0x0800011f   Thumb Code     0  startup_stm32f103xb.o(.text)
    USBWakeUp_IRQHandler                     0x0800011f   Thumb Code     0  startup_stm32f103xb.o(.text)
    USB_HP_CAN1_TX_IRQHandler                0x0800011f   Thumb Code     0  startup_stm32f103xb.o(.text)
    WWDG_IRQHandler                          0x0800011f   Thumb Code     0  startup_stm32f103xb.o(.text)
    __aeabi_llsr                             0x08000129   Thumb Code    32  llushr.o(.text)
    _ll_ushift_r                             0x08000129   Thumb Code     0  llushr.o(.text)
    __aeabi_memcpy                           0x08000149   Thumb Code    36  memcpya.o(.text)
    __aeabi_memcpy4                          0x08000149   Thumb Code     0  memcpya.o(.text)
    __aeabi_memcpy8                          0x08000149   Thumb Code     0  memcpya.o(.text)
    __aeabi_memset                           0x0800016d   Thumb Code    14  memseta.o(.text)
    __aeabi_memset4                          0x0800016d   Thumb Code     0  memseta.o(.text)
    __aeabi_memset8                          0x0800016d   Thumb Code     0  memseta.o(.text)
    __aeabi_memclr                           0x0800017b   Thumb Code     4  memseta.o(.text)
    __aeabi_memclr4                          0x0800017b   Thumb Code     0  memseta.o(.text)
    __aeabi_memclr8                          0x0800017b   Thumb Code     0  memseta.o(.text)
    _memset$wrapper                          0x0800017f   Thumb Code    18  memseta.o(.text)
    strstr                                   0x08000191   Thumb Code    36  strstr.o(.text)
    strlen                                   0x080001b5   Thumb Code    14  strlen.o(.text)
    __aeabi_uldivmod                         0x080001c3   Thumb Code    98  uldiv.o(.text)
    __scatterload                            0x08000225   Thumb Code    28  init.o(.text)
    __scatterload_rt2                        0x08000225   Thumb Code     0  init.o(.text)
    __aeabi_llsl                             0x08000249   Thumb Code    30  llshl.o(.text)
    _ll_shift_l                              0x08000249   Thumb Code     0  llshl.o(.text)
    __decompress                             0x08000267   Thumb Code     0  __dczerorl2.o(.text)
    __decompress1                            0x08000267   Thumb Code    86  __dczerorl2.o(.text)
    BusFault_Handler                         0x080002bd   Thumb Code     2  stm32f1xx_it.o(i.BusFault_Handler)
    CDC_Transmit_FS                          0x08000305   Thumb Code    38  usbd_cdc_if.o(i.CDC_Transmit_FS)
    DebugMon_Handler                         0x08000331   Thumb Code     2  stm32f1xx_it.o(i.DebugMon_Handler)
    ES8266_MQTT_Init                         0x08000335   Thumb Code   152  main.o(i.ES8266_MQTT_Init)
    ESP8266_ATSendBuf                        0x080004e1   Thumb Code    40  esp8266_at.o(i.ESP8266_ATSendBuf)
    ESP8266_ATSendString                     0x08000515   Thumb Code    54  esp8266_at.o(i.ESP8266_ATSendString)
    ESP8266_Check                            0x08000569   Thumb Code    50  esp8266_at.o(i.ESP8266_Check)
    ESP8266_ConnectAP                        0x080005ad   Thumb Code   118  esp8266_at.o(i.ESP8266_ConnectAP)
    ESP8266_ConnectIOT                       0x08000665   Thumb Code    86  esp8266_at.o(i.ESP8266_ConnectIOT)
    ESP8266_ExitUnvarnishedTrans             0x080006e5   Thumb Code    30  esp8266_at.o(i.ESP8266_ExitUnvarnishedTrans)
    ESP8266_Init                             0x08000709   Thumb Code    98  esp8266_at.o(i.ESP8266_Init)
    ESP8266_Pub                              0x0800078d   Thumb Code   114  esp8266_at.o(i.ESP8266_Pub)
    ESP8266_Sub                              0x08000849   Thumb Code    82  esp8266_at.o(i.ESP8266_Sub)
    ESP8266_USERCFG                          0x080008c1   Thumb Code    66  esp8266_at.o(i.ESP8266_USERCFG)
    ESP8266_USERCLIENT                       0x0800093d   Thumb Code    58  esp8266_at.o(i.ESP8266_USERCLIENT)
    Enter_ErrorMode                          0x080009a1   Thumb Code    58  main.o(i.Enter_ErrorMode)
    Error_Handler                            0x08000a81   Thumb Code     4  main.o(i.Error_Handler)
    FindStr                                  0x08000a85   Thumb Code    54  esp8266_at.o(i.FindStr)
    HAL_DMA_Abort                            0x08000acd   Thumb Code    70  stm32f1xx_hal_dma.o(i.HAL_DMA_Abort)
    HAL_DMA_Abort_IT                         0x08000b15   Thumb Code   148  stm32f1xx_hal_dma.o(i.HAL_DMA_Abort_IT)
    HAL_Delay                                0x08000bad   Thumb Code    32  stm32f1xx_hal.o(i.HAL_Delay)
    HAL_GPIO_Init                            0x08000bd1   Thumb Code   446  stm32f1xx_hal_gpio.o(i.HAL_GPIO_Init)
    HAL_GPIO_ReadPin                         0x08000db1   Thumb Code    10  stm32f1xx_hal_gpio.o(i.HAL_GPIO_ReadPin)
    HAL_GPIO_WritePin                        0x08000dbb   Thumb Code    10  stm32f1xx_hal_gpio.o(i.HAL_GPIO_WritePin)
    HAL_GetTick                              0x08000dc5   Thumb Code     6  stm32f1xx_hal.o(i.HAL_GetTick)
    HAL_IncTick                              0x08000dd1   Thumb Code    12  stm32f1xx_hal.o(i.HAL_IncTick)
    HAL_Init                                 0x08000de1   Thumb Code    32  stm32f1xx_hal.o(i.HAL_Init)
    HAL_InitTick                             0x08000e05   Thumb Code    54  stm32f1xx_hal.o(i.HAL_InitTick)
    HAL_MspInit                              0x08000e45   Thumb Code    52  stm32f1xx_hal_msp.o(i.HAL_MspInit)
    HAL_NVIC_EnableIRQ                       0x08000e81   Thumb Code    26  stm32f1xx_hal_cortex.o(i.HAL_NVIC_EnableIRQ)
    HAL_NVIC_SetPriority                     0x08000e9d   Thumb Code    60  stm32f1xx_hal_cortex.o(i.HAL_NVIC_SetPriority)
    HAL_NVIC_SetPriorityGrouping             0x08000edd   Thumb Code    26  stm32f1xx_hal_cortex.o(i.HAL_NVIC_SetPriorityGrouping)
    HAL_PCDEx_PMAConfig                      0x08000f01   Thumb Code    60  stm32f1xx_hal_pcd_ex.o(i.HAL_PCDEx_PMAConfig)
    HAL_PCDEx_SetConnectionState             0x08000f3d   Thumb Code     2  usbd_conf.o(i.HAL_PCDEx_SetConnectionState)
    HAL_PCD_DataInStageCallback              0x08000f3f   Thumb Code    18  usbd_conf.o(i.HAL_PCD_DataInStageCallback)
    HAL_PCD_DataOutStageCallback             0x08000f51   Thumb Code    20  usbd_conf.o(i.HAL_PCD_DataOutStageCallback)
    HAL_PCD_EP_Close                         0x08000f65   Thumb Code    76  stm32f1xx_hal_pcd.o(i.HAL_PCD_EP_Close)
    HAL_PCD_EP_ClrStall                      0x08000fb1   Thumb Code    92  stm32f1xx_hal_pcd.o(i.HAL_PCD_EP_ClrStall)
    HAL_PCD_EP_GetRxCount                    0x0800142b   Thumb Code    18  stm32f1xx_hal_pcd.o(i.HAL_PCD_EP_GetRxCount)
    HAL_PCD_EP_Open                          0x0800143d   Thumb Code    90  stm32f1xx_hal_pcd.o(i.HAL_PCD_EP_Open)
    HAL_PCD_EP_Receive                       0x08001497   Thumb Code    46  stm32f1xx_hal_pcd.o(i.HAL_PCD_EP_Receive)
    HAL_PCD_EP_SetStall                      0x080014c5   Thumb Code   114  stm32f1xx_hal_pcd.o(i.HAL_PCD_EP_SetStall)
    HAL_PCD_EP_Transmit                      0x08001537   Thumb Code    48  stm32f1xx_hal_pcd.o(i.HAL_PCD_EP_Transmit)
    HAL_PCD_IRQHandler                       0x08001569   Thumb Code   308  stm32f1xx_hal_pcd.o(i.HAL_PCD_IRQHandler)
    HAL_PCD_Init                             0x0800169d   Thumb Code   218  stm32f1xx_hal_pcd.o(i.HAL_PCD_Init)
    HAL_PCD_MspInit                          0x08001779   Thumb Code    50  usbd_conf.o(i.HAL_PCD_MspInit)
    HAL_PCD_ResetCallback                    0x080017b5   Thumb Code    38  usbd_conf.o(i.HAL_PCD_ResetCallback)
    HAL_PCD_ResumeCallback                   0x080017db   Thumb Code     8  usbd_conf.o(i.HAL_PCD_ResumeCallback)
    HAL_PCD_SOFCallback                      0x080017e3   Thumb Code     8  usbd_conf.o(i.HAL_PCD_SOFCallback)
    HAL_PCD_SetAddress                       0x080017eb   Thumb Code    40  stm32f1xx_hal_pcd.o(i.HAL_PCD_SetAddress)
    HAL_PCD_SetupStageCallback               0x08001813   Thumb Code    14  usbd_conf.o(i.HAL_PCD_SetupStageCallback)
    HAL_PCD_Start                            0x08001821   Thumb Code    50  stm32f1xx_hal_pcd.o(i.HAL_PCD_Start)
    HAL_PCD_SuspendCallback                  0x08001855   Thumb Code    30  usbd_conf.o(i.HAL_PCD_SuspendCallback)
    HAL_RCCEx_PeriphCLKConfig                0x08001879   Thumb Code   224  stm32f1xx_hal_rcc_ex.o(i.HAL_RCCEx_PeriphCLKConfig)
    HAL_RCC_ClockConfig                      0x08001965   Thumb Code   280  stm32f1xx_hal_rcc.o(i.HAL_RCC_ClockConfig)
    HAL_RCC_GetPCLK1Freq                     0x08001a91   Thumb Code    20  stm32f1xx_hal_rcc.o(i.HAL_RCC_GetPCLK1Freq)
    HAL_RCC_GetPCLK2Freq                     0x08001ab1   Thumb Code    20  stm32f1xx_hal_rcc.o(i.HAL_RCC_GetPCLK2Freq)
    HAL_RCC_GetSysClockFreq                  0x08001ad1   Thumb Code    58  stm32f1xx_hal_rcc.o(i.HAL_RCC_GetSysClockFreq)
    HAL_RCC_OscConfig                        0x08001b1d   Thumb Code   778  stm32f1xx_hal_rcc.o(i.HAL_RCC_OscConfig)
    HAL_SYSTICK_Config                       0x08001e3d   Thumb Code    40  stm32f1xx_hal_cortex.o(i.HAL_SYSTICK_Config)
    HAL_TIMEx_BreakCallback                  0x08001e65   Thumb Code     2  stm32f1xx_hal_tim_ex.o(i.HAL_TIMEx_BreakCallback)
    HAL_TIMEx_CommutCallback                 0x08001e67   Thumb Code     2  stm32f1xx_hal_tim_ex.o(i.HAL_TIMEx_CommutCallback)
    HAL_TIMEx_MasterConfigSynchronization    0x08001e69   Thumb Code    92  stm32f1xx_hal_tim_ex.o(i.HAL_TIMEx_MasterConfigSynchronization)
    HAL_TIM_Base_Init                        0x08001ed1   Thumb Code    90  stm32f1xx_hal_tim.o(i.HAL_TIM_Base_Init)
    HAL_TIM_Base_MspInit                     0x08001f2d   Thumb Code    50  tim.o(i.HAL_TIM_Base_MspInit)
    HAL_TIM_Base_Start_IT                    0x08001f65   Thumb Code    76  stm32f1xx_hal_tim.o(i.HAL_TIM_Base_Start_IT)
    HAL_TIM_ConfigClockSource                0x08001fbd   Thumb Code   220  stm32f1xx_hal_tim.o(i.HAL_TIM_ConfigClockSource)
    HAL_TIM_IC_CaptureCallback               0x08002099   Thumb Code     2  stm32f1xx_hal_tim.o(i.HAL_TIM_IC_CaptureCallback)
    HAL_TIM_IRQHandler                       0x0800209b   Thumb Code   358  stm32f1xx_hal_tim.o(i.HAL_TIM_IRQHandler)
    HAL_TIM_OC_DelayElapsedCallback          0x08002201   Thumb Code     2  stm32f1xx_hal_tim.o(i.HAL_TIM_OC_DelayElapsedCallback)
    HAL_TIM_PWM_PulseFinishedCallback        0x08002203   Thumb Code     2  stm32f1xx_hal_tim.o(i.HAL_TIM_PWM_PulseFinishedCallback)
    HAL_TIM_PeriodElapsedCallback            0x08002205   Thumb Code    78  main.o(i.HAL_TIM_PeriodElapsedCallback)
    HAL_TIM_TriggerCallback                  0x08002259   Thumb Code     2  stm32f1xx_hal_tim.o(i.HAL_TIM_TriggerCallback)
    HAL_UARTEx_RxEventCallback               0x0800225b   Thumb Code     2  stm32f1xx_hal_uart.o(i.HAL_UARTEx_RxEventCallback)
    HAL_UART_ErrorCallback                   0x0800225d   Thumb Code     2  stm32f1xx_hal_uart.o(i.HAL_UART_ErrorCallback)
    HAL_UART_IRQHandler                      0x08002261   Thumb Code   616  stm32f1xx_hal_uart.o(i.HAL_UART_IRQHandler)
    HAL_UART_Init                            0x080024cd   Thumb Code   100  stm32f1xx_hal_uart.o(i.HAL_UART_Init)
    HAL_UART_MspInit                         0x08002531   Thumb Code   282  usart.o(i.HAL_UART_MspInit)
    HAL_UART_Receive_IT                      0x08002665   Thumb Code    28  stm32f1xx_hal_uart.o(i.HAL_UART_Receive_IT)
    HAL_UART_RxCpltCallback                  0x08002681   Thumb Code   160  main.o(i.HAL_UART_RxCpltCallback)
    HAL_UART_Transmit                        0x08002749   Thumb Code   154  stm32f1xx_hal_uart.o(i.HAL_UART_Transmit)
    HAL_UART_TxCpltCallback                  0x080027e3   Thumb Code     2  stm32f1xx_hal_uart.o(i.HAL_UART_TxCpltCallback)
    HardFault_Handler                        0x080027e5   Thumb Code     2  stm32f1xx_it.o(i.HardFault_Handler)
    IoT_Parameter_Init                       0x08002821   Thumb Code   116  esp8266_at.o(i.IoT_Parameter_Init)
    MX_GPIO_Init                             0x08002915   Thumb Code   224  gpio.o(i.MX_GPIO_Init)
    MX_TIM2_Init                             0x08002a05   Thumb Code    96  tim.o(i.MX_TIM2_Init)
    MX_USART1_UART_Init                      0x08002a69   Thumb Code    48  usart.o(i.MX_USART1_UART_Init)
    MX_USART2_UART_Init                      0x08002aa1   Thumb Code    48  usart.o(i.MX_USART2_UART_Init)
    MX_USART3_UART_Init                      0x08002ad9   Thumb Code    48  usart.o(i.MX_USART3_UART_Init)
    MX_USB_DEVICE_Init                       0x08002b11   Thumb Code    66  usb_device.o(i.MX_USB_DEVICE_Init)
    MemManage_Handler                        0x08002b65   Thumb Code     2  stm32f1xx_it.o(i.MemManage_Handler)
    NMI_Handler                              0x08002b67   Thumb Code     2  stm32f1xx_it.o(i.NMI_Handler)
    OLEDIIC_Start                            0x08002b69   Thumb Code    48  oled.o(i.OLEDIIC_Start)
    OLEDIIC_Stop                             0x08002b9d   Thumb Code    38  oled.o(i.OLEDIIC_Stop)
    OLEDIIC_Wait_Ack                         0x08002bc9   Thumb Code    28  oled.o(i.OLEDIIC_Wait_Ack)
    OLEDWrite_IIC_Byte                       0x08002be9   Thumb Code    76  oled.o(i.OLEDWrite_IIC_Byte)
    OLEDWrite_IIC_Command                    0x08002c39   Thumb Code    46  oled.o(i.OLEDWrite_IIC_Command)
    OLEDWrite_IIC_Data                       0x08002c67   Thumb Code    46  oled.o(i.OLEDWrite_IIC_Data)
    OLED_Clear                               0x08002c95   Thumb Code    40  oled.o(i.OLED_Clear)
    OLED_DrawPoint                           0x08002cc1   Thumb Code    54  oled.o(i.OLED_DrawPoint)
    OLED_Init                                0x08002cfd   Thumb Code   294  oled.o(i.OLED_Init)
    OLED_Refresh                             0x08002e2d   Thumb Code    66  oled.o(i.OLED_Refresh)
    OLED_ShowChar                            0x08002e75   Thumb Code   212  oled.o(i.OLED_ShowChar)
    OLED_ShowString                          0x08002f59   Thumb Code    92  oled.o(i.OLED_ShowString)
    OLED_ShowStringCN                        0x08002fb5   Thumb Code   264  oled.o(i.OLED_ShowStringCN)
    OLED_WR_Byte                             0x080030c1   Thumb Code    12  oled.o(i.OLED_WR_Byte)
    PendSV_Handler                           0x08003479   Thumb Code     2  stm32f1xx_it.o(i.PendSV_Handler)
    SVC_Handler                              0x0800347b   Thumb Code     2  stm32f1xx_it.o(i.SVC_Handler)
    SysTick_Handler                          0x0800347d   Thumb Code     4  stm32f1xx_it.o(i.SysTick_Handler)
    SystemClock_Config                       0x08003481   Thumb Code   118  main.o(i.SystemClock_Config)
    SystemInit                               0x080034f7   Thumb Code     2  system_stm32f1xx.o(i.SystemInit)
    TIM2_IRQHandler                          0x080034f9   Thumb Code     6  stm32f1xx_it.o(i.TIM2_IRQHandler)
    TIM_Base_SetConfig                       0x08003505   Thumb Code    94  stm32f1xx_hal_tim.o(i.TIM_Base_SetConfig)
    TIM_ETR_SetConfig                        0x08003571   Thumb Code    20  stm32f1xx_hal_tim.o(i.TIM_ETR_SetConfig)
    UART_Start_Receive_IT                    0x080037b5   Thumb Code    54  stm32f1xx_hal_uart.o(i.UART_Start_Receive_IT)
    USART1_IRQHandler                        0x08003865   Thumb Code     6  stm32f1xx_it.o(i.USART1_IRQHandler)
    USART2_IRQHandler                        0x08003871   Thumb Code     6  stm32f1xx_it.o(i.USART2_IRQHandler)
    USART3_IRQHandler                        0x0800387d   Thumb Code     6  stm32f1xx_it.o(i.USART3_IRQHandler)
    USBD_CDC_GetDeviceQualifierDescriptor    0x08003965   Thumb Code     8  usbd_cdc.o(i.USBD_CDC_GetDeviceQualifierDescriptor)
    USBD_CDC_ReceivePacket                   0x08003a29   Thumb Code    40  usbd_cdc.o(i.USBD_CDC_ReceivePacket)
    USBD_CDC_RegisterInterface               0x08003a51   Thumb Code    16  usbd_cdc.o(i.USBD_CDC_RegisterInterface)
    USBD_CDC_SetRxBuffer                     0x08003a61   Thumb Code    12  usbd_cdc.o(i.USBD_CDC_SetRxBuffer)
    USBD_CDC_SetTxBuffer                     0x08003a6d   Thumb Code    16  usbd_cdc.o(i.USBD_CDC_SetTxBuffer)
    USBD_CDC_TransmitPacket                  0x08003b29   Thumb Code    54  usbd_cdc.o(i.USBD_CDC_TransmitPacket)
    USBD_ClrClassConfig                      0x08003b5f   Thumb Code    14  usbd_core.o(i.USBD_ClrClassConfig)
    USBD_CtlContinueRx                       0x08003b6d   Thumb Code    16  usbd_ioreq.o(i.USBD_CtlContinueRx)
    USBD_CtlContinueSendData                 0x08003b7d   Thumb Code    16  usbd_ioreq.o(i.USBD_CtlContinueSendData)
    USBD_CtlError                            0x08003b8d   Thumb Code    22  usbd_ctlreq.o(i.USBD_CtlError)
    USBD_CtlPrepareRx                        0x08003ba3   Thumb Code    30  usbd_ioreq.o(i.USBD_CtlPrepareRx)
    USBD_CtlReceiveStatus                    0x08003bc1   Thumb Code    22  usbd_ioreq.o(i.USBD_CtlReceiveStatus)
    USBD_CtlSendData                         0x08003bd7   Thumb Code    26  usbd_ioreq.o(i.USBD_CtlSendData)
    USBD_CtlSendStatus                       0x08003bf1   Thumb Code    22  usbd_ioreq.o(i.USBD_CtlSendStatus)
    USBD_FS_ConfigStrDescriptor              0x08003c09   Thumb Code    16  usbd_desc.o(i.USBD_FS_ConfigStrDescriptor)
    USBD_FS_DeviceDescriptor                 0x08003c29   Thumb Code     8  usbd_desc.o(i.USBD_FS_DeviceDescriptor)
    USBD_FS_InterfaceStrDescriptor           0x08003c35   Thumb Code    16  usbd_desc.o(i.USBD_FS_InterfaceStrDescriptor)
    USBD_FS_LangIDStrDescriptor              0x08003c59   Thumb Code     8  usbd_desc.o(i.USBD_FS_LangIDStrDescriptor)
    USBD_FS_ManufacturerStrDescriptor        0x08003c65   Thumb Code    16  usbd_desc.o(i.USBD_FS_ManufacturerStrDescriptor)
    USBD_FS_ProductStrDescriptor             0x08003c8d   Thumb Code    16  usbd_desc.o(i.USBD_FS_ProductStrDescriptor)
    USBD_FS_SerialStrDescriptor              0x08003cb9   Thumb Code    36  usbd_desc.o(i.USBD_FS_SerialStrDescriptor)
    USBD_GetString                           0x08003dc9   Thumb Code    72  usbd_ctlreq.o(i.USBD_GetString)
    USBD_Init                                0x08003e29   Thumb Code    42  usbd_core.o(i.USBD_Init)
    USBD_LL_ClearStallEP                     0x08003e53   Thumb Code    18  usbd_conf.o(i.USBD_LL_ClearStallEP)
    USBD_LL_CloseEP                          0x08003e65   Thumb Code    18  usbd_conf.o(i.USBD_LL_CloseEP)
    USBD_LL_DataInStage                      0x08003e77   Thumb Code   198  usbd_core.o(i.USBD_LL_DataInStage)
    USBD_LL_DataOutStage                     0x08003f3d   Thumb Code   130  usbd_core.o(i.USBD_LL_DataOutStage)
    USBD_LL_GetRxDataSize                    0x08003fbf   Thumb Code     8  usbd_conf.o(i.USBD_LL_GetRxDataSize)
    USBD_LL_Init                             0x08003fc9   Thumb Code   118  usbd_conf.o(i.USBD_LL_Init)
    USBD_LL_IsStallEP                        0x08004049   Thumb Code    32  usbd_conf.o(i.USBD_LL_IsStallEP)
    USBD_LL_OpenEP                           0x08004069   Thumb Code    24  usbd_conf.o(i.USBD_LL_OpenEP)
    USBD_LL_PrepareReceive                   0x08004081   Thumb Code    18  usbd_conf.o(i.USBD_LL_PrepareReceive)
    USBD_LL_Reset                            0x08004093   Thumb Code    80  usbd_core.o(i.USBD_LL_Reset)
    USBD_LL_Resume                           0x080040e3   Thumb Code    20  usbd_core.o(i.USBD_LL_Resume)
    USBD_LL_SOF                              0x080040f7   Thumb Code    24  usbd_core.o(i.USBD_LL_SOF)
    USBD_LL_SetSpeed                         0x0800410f   Thumb Code     6  usbd_core.o(i.USBD_LL_SetSpeed)
    USBD_LL_SetUSBAddress                    0x08004115   Thumb Code    18  usbd_conf.o(i.USBD_LL_SetUSBAddress)
    USBD_LL_SetupStage                       0x08004127   Thumb Code    90  usbd_core.o(i.USBD_LL_SetupStage)
    USBD_LL_StallEP                          0x08004181   Thumb Code    18  usbd_conf.o(i.USBD_LL_StallEP)
    USBD_LL_Start                            0x08004193   Thumb Code    18  usbd_conf.o(i.USBD_LL_Start)
    USBD_LL_Suspend                          0x080041a5   Thumb Code    18  usbd_core.o(i.USBD_LL_Suspend)
    USBD_LL_Transmit                         0x080041b7   Thumb Code    18  usbd_conf.o(i.USBD_LL_Transmit)
    USBD_ParseSetupRequest                   0x080041c9   Thumb Code    40  usbd_ctlreq.o(i.USBD_ParseSetupRequest)
    USBD_RegisterClass                       0x080041f1   Thumb Code    16  usbd_core.o(i.USBD_RegisterClass)
    USBD_SetClassConfig                      0x08004201   Thumb Code    22  usbd_core.o(i.USBD_SetClassConfig)
    USBD_Start                               0x0800429d   Thumb Code    10  usbd_core.o(i.USBD_Start)
    USBD_StdDevReq                           0x080042a7   Thumb Code   274  usbd_ctlreq.o(i.USBD_StdDevReq)
    USBD_StdEPReq                            0x080043b9   Thumb Code   336  usbd_ctlreq.o(i.USBD_StdEPReq)
    USBD_StdItfReq                           0x08004509   Thumb Code    78  usbd_ctlreq.o(i.USBD_StdItfReq)
    USBD_static_free                         0x08004557   Thumb Code     2  usbd_conf.o(i.USBD_static_free)
    USBD_static_malloc                       0x08004559   Thumb Code     4  usbd_conf.o(i.USBD_static_malloc)
    USB_ActivateEndpoint                     0x08004561   Thumb Code   668  stm32f1xx_ll_usb.o(i.USB_ActivateEndpoint)
    USB_CoreInit                             0x080047fd   Thumb Code     4  stm32f1xx_ll_usb.o(i.USB_CoreInit)
    USB_DeactivateEndpoint                   0x08004801   Thumb Code   270  stm32f1xx_ll_usb.o(i.USB_DeactivateEndpoint)
    USB_DevConnect                           0x0800490f   Thumb Code     4  stm32f1xx_ll_usb.o(i.USB_DevConnect)
    USB_DevDisconnect                        0x08004913   Thumb Code     4  stm32f1xx_ll_usb.o(i.USB_DevDisconnect)
    USB_DevInit                              0x08004917   Thumb Code    18  stm32f1xx_ll_usb.o(i.USB_DevInit)
    USB_DisableGlobalInt                     0x08004929   Thumb Code    14  stm32f1xx_ll_usb.o(i.USB_DisableGlobalInt)
    USB_EP0_OutStart                         0x08004937   Thumb Code     4  stm32f1xx_ll_usb.o(i.USB_EP0_OutStart)
    USB_EPClearStall                         0x0800493b   Thumb Code   120  stm32f1xx_ll_usb.o(i.USB_EPClearStall)
    USB_EPSetStall                           0x080049b3   Thumb Code    50  stm32f1xx_ll_usb.o(i.USB_EPSetStall)
    USB_EPStartXfer                          0x080049e5   Thumb Code  1250  stm32f1xx_ll_usb.o(i.USB_EPStartXfer)
    USB_EnableGlobalInt                      0x08004ec7   Thumb Code    18  stm32f1xx_ll_usb.o(i.USB_EnableGlobalInt)
    USB_LP_CAN1_RX0_IRQHandler               0x08004ed9   Thumb Code     6  stm32f1xx_it.o(i.USB_LP_CAN1_RX0_IRQHandler)
    USB_RESET                                0x08004ee5   Thumb Code    94  main.o(i.USB_RESET)
    USB_ReadInterrupts                       0x08004f4d   Thumb Code     6  stm32f1xx_ll_usb.o(i.USB_ReadInterrupts)
    USB_ReadPMA                              0x08004f55   Thumb Code    44  stm32f1xx_ll_usb.o(i.USB_ReadPMA)
    USB_SetCurrentMode                       0x08004f81   Thumb Code     4  stm32f1xx_ll_usb.o(i.USB_SetCurrentMode)
    USB_SetDevAddress                        0x08004f85   Thumb Code    12  stm32f1xx_ll_usb.o(i.USB_SetDevAddress)
    USB_WritePMA                             0x08004f91   Thumb Code    38  stm32f1xx_ll_usb.o(i.USB_WritePMA)
    UsageFault_Handler                       0x08004fb7   Thumb Code     2  stm32f1xx_it.o(i.UsageFault_Handler)
    __0printf$5                              0x08004fb9   Thumb Code    22  printf5.o(i.__0printf$5)
    __1printf$5                              0x08004fb9   Thumb Code     0  printf5.o(i.__0printf$5)
    __2printf                                0x08004fb9   Thumb Code     0  printf5.o(i.__0printf$5)
    __0sprintf$5                             0x08004fd9   Thumb Code    34  printf5.o(i.__0sprintf$5)
    __1sprintf$5                             0x08004fd9   Thumb Code     0  printf5.o(i.__0sprintf$5)
    __2sprintf                               0x08004fd9   Thumb Code     0  printf5.o(i.__0sprintf$5)
    __scatterload_copy                       0x08005021   Thumb Code    14  handlers.o(i.__scatterload_copy)
    __scatterload_null                       0x0800502f   Thumb Code     2  handlers.o(i.__scatterload_null)
    __scatterload_zeroinit                   0x08005031   Thumb Code    14  handlers.o(i.__scatterload_zeroinit)
    fputc                                    0x0800530b   Thumb Code    30  main.o(i.fputc)
    get_TimeDiff                             0x08005329   Thumb Code    12  main.o(i.get_TimeDiff)
    main                                     0x08005335   Thumb Code   786  main.o(i.main)
    AHBPrescTable                            0x08005752   Data          16  system_stm32f1xx.o(.constdata)
    APBPrescTable                            0x08005762   Data           8  system_stm32f1xx.o(.constdata)
    asc2_0806                                0x0800576a   Data         552  oled.o(.constdata)
    asc2_1206                                0x08005992   Data        1140  oled.o(.constdata)
    asc2_1608                                0x08005e06   Data        1520  oled.o(.constdata)
    asc2_2412                                0x080063f6   Data        3420  oled.o(.constdata)
    Hzk1                                     0x08007152   Data         352  oled.o(.constdata)
    hz16                                     0x080072b2   Data         805  oled.o(.constdata)
    Hzk2                                     0x080075d7   Data          72  oled.o(.constdata)
    Hzk3                                     0x0800761f   Data         128  oled.o(.constdata)
    Hzk4                                     0x0800769f   Data         512  oled.o(.constdata)
    Region$$Table$$Base                      0x08007960   Number         0  anon$$obj.o(Region$$Table)
    Region$$Table$$Limit                     0x08007980   Number         0  anon$$obj.o(Region$$Table)
    openCnt                                  0x20000000   Data           1  main.o(.data)
    flag_connection                          0x20000001   Data           1  main.o(.data)
    flag_rx1                                 0x20000002   Data           1  main.o(.data)
    flag_rx2                                 0x20000003   Data           1  main.o(.data)
    flag_rx3                                 0x20000004   Data           1  main.o(.data)
    uart1_RxBuffer                           0x20000005   Data           1  main.o(.data)
    uart2_RxBuffer                           0x20000006   Data           1  main.o(.data)
    uart3_RxBuffer                           0x20000007   Data           1  main.o(.data)
    USART1_RX_STA                            0x20000008   Data           2  main.o(.data)
    USART1_RX_OK                             0x2000000a   Data           2  main.o(.data)
    USART2_RX_STA                            0x2000000c   Data           2  main.o(.data)
    USART2_RX_OK                             0x2000000e   Data           2  main.o(.data)
    USART3_RX_STA                            0x20000010   Data           2  main.o(.data)
    USART3_RX_OK                             0x20000012   Data           2  main.o(.data)
    rx_cnt1                                  0x20000014   Data           4  main.o(.data)
    rx_cnt2                                  0x20000018   Data           4  main.o(.data)
    rx_cnt3                                  0x2000001c   Data           4  main.o(.data)
    FS_Desc                                  0x20000020   Data          28  usbd_desc.o(.data)
    USBD_LangIDDesc                          0x2000003c   Data           4  usbd_desc.o(.data)
    USBD_FS_DeviceDesc                       0x20000040   Data          18  usbd_desc.o(.data)
    USBD_StringSerial                        0x20000054   Data          26  usbd_desc.o(.data)
    USBD_Interface_fops_FS                   0x20000070   Data          16  usbd_cdc_if.o(.data)
    uwTickFreq                               0x20000080   Data           1  stm32f1xx_hal.o(.data)
    uwTickPrio                               0x20000084   Data           4  stm32f1xx_hal.o(.data)
    uwTick                                   0x20000088   Data           4  stm32f1xx_hal.o(.data)
    SystemCoreClock                          0x2000008c   Data           4  system_stm32f1xx.o(.data)
    usart2_rxcounter                         0x20000090   Data           2  esp8266_at.o(.data)
    ClientID_len                             0x20000094   Data           4  esp8266_at.o(.data)
    Username_len                             0x20000098   Data           4  esp8266_at.o(.data)
    Passward_len                             0x2000009c   Data           4  esp8266_at.o(.data)
    ServerPort                               0x200000a0   Data           4  esp8266_at.o(.data)
    USBD_CDC_CfgHSDesc                       0x200000b4   Data          67  usbd_cdc.o(.data)
    USBD_CDC_CfgFSDesc                       0x200000f8   Data          67  usbd_cdc.o(.data)
    USBD_CDC_OtherSpeedCfgDesc               0x2000013c   Data          67  usbd_cdc.o(.data)
    USBD_CDC                                 0x20000180   Data          56  usbd_cdc.o(.data)
    __stdout                                 0x200001b8   Data           4  stdout.o(.data)
    USART1_RX_BUF                            0x200001bc   Data          64  main.o(.bss)
    USART3_RX_BUF                            0x200001fc   Data          32  main.o(.bss)
    htim2                                    0x2000021c   Data          72  tim.o(.bss)
    huart1                                   0x20000264   Data          72  usart.o(.bss)
    huart2                                   0x200002ac   Data          72  usart.o(.bss)
    huart3                                   0x200002f4   Data          72  usart.o(.bss)
    hUsbDeviceFS                             0x2000033c   Data         708  usb_device.o(.bss)
    hpcd_USB_FS                              0x20000820   Data         752  usbd_conf.o(.bss)
    USBD_StrDesc                             0x20000b10   Data         512  usbd_desc.o(.bss)
    UserRxBufferFS                           0x20000d10   Data        1024  usbd_cdc_if.o(.bss)
    UserTxBufferFS                           0x20001110   Data        1024  usbd_cdc_if.o(.bss)
    OLED_GRAM                                0x20001510   Data        1024  oled.o(.bss)
    usart2_txbuf                             0x20001910   Data         512  esp8266_at.o(.bss)
    usart2_rxbuf                             0x20001b10   Data         512  esp8266_at.o(.bss)
    ClientID                                 0x20001d10   Data         128  esp8266_at.o(.bss)
    Username                                 0x20001d90   Data         128  esp8266_at.o(.bss)
    Passward                                 0x20001e10   Data         256  esp8266_at.o(.bss)
    ServerIP                                 0x20001f10   Data         128  esp8266_at.o(.bss)
    __initial_sp                             0x20002790   Data           0  startup_stm32f103xb.o(STACK)



==============================================================================

Memory Map of the image

  Image Entry point : 0x080000ed

  Load Region LR_IROM1 (Base: 0x08000000, Size: 0x00007b3c, Max: 0x00010000, ABSOLUTE, COMPRESSED[0x00007a44])

    Execution Region ER_IROM1 (Exec base: 0x08000000, Load base: 0x08000000, Size: 0x00007980, Max: 0x00010000, ABSOLUTE)

    Exec Addr    Load Addr    Size         Type   Attr      Idx    E Section Name        Object

    0x08000000   0x08000000   0x000000ec   Data   RO            3    RESET               startup_stm32f103xb.o
    0x080000ec   0x080000ec   0x00000000   Code   RO         4413  * .ARM.Collect$$$$00000000  mc_w.l(entry.o)
    0x080000ec   0x080000ec   0x00000004   Code   RO         4689    .ARM.Collect$$$$00000001  mc_w.l(entry2.o)
    0x080000f0   0x080000f0   0x00000004   Code   RO         4692    .ARM.Collect$$$$00000004  mc_w.l(entry5.o)
    0x080000f4   0x080000f4   0x00000000   Code   RO         4694    .ARM.Collect$$$$00000008  mc_w.l(entry7b.o)
    0x080000f4   0x080000f4   0x00000000   Code   RO         4696    .ARM.Collect$$$$0000000A  mc_w.l(entry8b.o)
    0x080000f4   0x080000f4   0x00000008   Code   RO         4697    .ARM.Collect$$$$0000000B  mc_w.l(entry9a.o)
    0x080000fc   0x080000fc   0x00000004   Code   RO         4704    .ARM.Collect$$$$0000000E  mc_w.l(entry12b.o)
    0x08000100   0x08000100   0x00000000   Code   RO         4699    .ARM.Collect$$$$0000000F  mc_w.l(entry10a.o)
    0x08000100   0x08000100   0x00000000   Code   RO         4701    .ARM.Collect$$$$00000011  mc_w.l(entry11a.o)
    0x08000100   0x08000100   0x00000004   Code   RO         4690    .ARM.Collect$$$$00002712  mc_w.l(entry2.o)
    0x08000104   0x08000104   0x00000024   Code   RO            4    .text               startup_stm32f103xb.o
    0x08000128   0x08000128   0x00000020   Code   RO         4416    .text               mc_w.l(llushr.o)
    0x08000148   0x08000148   0x00000024   Code   RO         4418    .text               mc_w.l(memcpya.o)
    0x0800016c   0x0800016c   0x00000024   Code   RO         4420    .text               mc_w.l(memseta.o)
    0x08000190   0x08000190   0x00000024   Code   RO         4422    .text               mc_w.l(strstr.o)
    0x080001b4   0x080001b4   0x0000000e   Code   RO         4424    .text               mc_w.l(strlen.o)
    0x080001c2   0x080001c2   0x00000062   Code   RO         4708    .text               mc_w.l(uldiv.o)
    0x08000224   0x08000224   0x00000024   Code   RO         4721    .text               mc_w.l(init.o)
    0x08000248   0x08000248   0x0000001e   Code   RO         4723    .text               mc_w.l(llshl.o)
    0x08000266   0x08000266   0x00000056   Code   RO         4737    .text               mc_w.l(__dczerorl2.o)
    0x080002bc   0x080002bc   0x00000002   Code   RO          747    i.BusFault_Handler  stm32f1xx_it.o
    0x080002be   0x080002be   0x00000004   Code   RO          695    i.CDC_Control_FS    usbd_cdc_if.o
    0x080002c2   0x080002c2   0x00000004   Code   RO          696    i.CDC_DeInit_FS     usbd_cdc_if.o
    0x080002c6   0x080002c6   0x00000002   PAD
    0x080002c8   0x080002c8   0x00000024   Code   RO          697    i.CDC_Init_FS       usbd_cdc_if.o
    0x080002ec   0x080002ec   0x00000018   Code   RO          698    i.CDC_Receive_FS    usbd_cdc_if.o
    0x08000304   0x08000304   0x0000002c   Code   RO          699    i.CDC_Transmit_FS   usbd_cdc_if.o
    0x08000330   0x08000330   0x00000002   Code   RO          748    i.DebugMon_Handler  stm32f1xx_it.o
    0x08000332   0x08000332   0x00000002   PAD
    0x08000334   0x08000334   0x000001ac   Code   RO           13    i.ES8266_MQTT_Init  main.o
    0x080004e0   0x080004e0   0x00000034   Code   RO         3920    i.ESP8266_ATSendBuf  esp8266_at.o
    0x08000514   0x08000514   0x00000054   Code   RO         3921    i.ESP8266_ATSendString  esp8266_at.o
    0x08000568   0x08000568   0x00000044   Code   RO         3922    i.ESP8266_Check     esp8266_at.o
    0x080005ac   0x080005ac   0x000000b8   Code   RO         3923    i.ESP8266_ConnectAP  esp8266_at.o
    0x08000664   0x08000664   0x00000080   Code   RO         3924    i.ESP8266_ConnectIOT  esp8266_at.o
    0x080006e4   0x080006e4   0x00000024   Code   RO         3926    i.ESP8266_ExitUnvarnishedTrans  esp8266_at.o
    0x08000708   0x08000708   0x00000084   Code   RO         3927    i.ESP8266_Init      esp8266_at.o
    0x0800078c   0x0800078c   0x000000bc   Code   RO         3928    i.ESP8266_Pub       esp8266_at.o
    0x08000848   0x08000848   0x00000078   Code   RO         3930    i.ESP8266_Sub       esp8266_at.o
    0x080008c0   0x080008c0   0x0000007c   Code   RO         3931    i.ESP8266_USERCFG   esp8266_at.o
    0x0800093c   0x0800093c   0x00000064   Code   RO         3932    i.ESP8266_USERCLIENT  esp8266_at.o
    0x080009a0   0x080009a0   0x000000e0   Code   RO           14    i.Enter_ErrorMode   main.o
    0x08000a80   0x08000a80   0x00000004   Code   RO           15    i.Error_Handler     main.o
    0x08000a84   0x08000a84   0x00000048   Code   RO         3933    i.FindStr           esp8266_at.o
    0x08000acc   0x08000acc   0x00000046   Code   RO         1759    i.HAL_DMA_Abort     stm32f1xx_hal_dma.o
    0x08000b12   0x08000b12   0x00000002   PAD
    0x08000b14   0x08000b14   0x00000098   Code   RO         1760    i.HAL_DMA_Abort_IT  stm32f1xx_hal_dma.o
    0x08000bac   0x08000bac   0x00000024   Code   RO         1385    i.HAL_Delay         stm32f1xx_hal.o
    0x08000bd0   0x08000bd0   0x000001e0   Code   RO         1695    i.HAL_GPIO_Init     stm32f1xx_hal_gpio.o
    0x08000db0   0x08000db0   0x0000000a   Code   RO         1697    i.HAL_GPIO_ReadPin  stm32f1xx_hal_gpio.o
    0x08000dba   0x08000dba   0x0000000a   Code   RO         1699    i.HAL_GPIO_WritePin  stm32f1xx_hal_gpio.o
    0x08000dc4   0x08000dc4   0x0000000c   Code   RO         1389    i.HAL_GetTick       stm32f1xx_hal.o
    0x08000dd0   0x08000dd0   0x00000010   Code   RO         1395    i.HAL_IncTick       stm32f1xx_hal.o
    0x08000de0   0x08000de0   0x00000024   Code   RO         1396    i.HAL_Init          stm32f1xx_hal.o
    0x08000e04   0x08000e04   0x00000040   Code   RO         1397    i.HAL_InitTick      stm32f1xx_hal.o
    0x08000e44   0x08000e44   0x0000003c   Code   RO          853    i.HAL_MspInit       stm32f1xx_hal_msp.o
    0x08000e80   0x08000e80   0x0000001a   Code   RO         1855    i.HAL_NVIC_EnableIRQ  stm32f1xx_hal_cortex.o
    0x08000e9a   0x08000e9a   0x00000002   PAD
    0x08000e9c   0x08000e9c   0x00000040   Code   RO         1861    i.HAL_NVIC_SetPriority  stm32f1xx_hal_cortex.o
    0x08000edc   0x08000edc   0x00000024   Code   RO         1862    i.HAL_NVIC_SetPriorityGrouping  stm32f1xx_hal_cortex.o
    0x08000f00   0x08000f00   0x0000003c   Code   RO         1152    i.HAL_PCDEx_PMAConfig  stm32f1xx_hal_pcd_ex.o
    0x08000f3c   0x08000f3c   0x00000002   Code   RO          397    i.HAL_PCDEx_SetConnectionState  usbd_conf.o
    0x08000f3e   0x08000f3e   0x00000012   Code   RO          399    i.HAL_PCD_DataInStageCallback  usbd_conf.o
    0x08000f50   0x08000f50   0x00000014   Code   RO          400    i.HAL_PCD_DataOutStageCallback  usbd_conf.o
    0x08000f64   0x08000f64   0x0000004c   Code   RO          923    i.HAL_PCD_EP_Close  stm32f1xx_hal_pcd.o
    0x08000fb0   0x08000fb0   0x0000005c   Code   RO          924    i.HAL_PCD_EP_ClrStall  stm32f1xx_hal_pcd.o
    0x0800100c   0x0800100c   0x000000e6   Code   RO          925    i.HAL_PCD_EP_DB_Receive  stm32f1xx_hal_pcd.o
    0x080010f2   0x080010f2   0x00000338   Code   RO          926    i.HAL_PCD_EP_DB_Transmit  stm32f1xx_hal_pcd.o
    0x0800142a   0x0800142a   0x00000012   Code   RO          928    i.HAL_PCD_EP_GetRxCount  stm32f1xx_hal_pcd.o
    0x0800143c   0x0800143c   0x0000005a   Code   RO          929    i.HAL_PCD_EP_Open   stm32f1xx_hal_pcd.o
    0x08001496   0x08001496   0x0000002e   Code   RO          930    i.HAL_PCD_EP_Receive  stm32f1xx_hal_pcd.o
    0x080014c4   0x080014c4   0x00000072   Code   RO          931    i.HAL_PCD_EP_SetStall  stm32f1xx_hal_pcd.o
    0x08001536   0x08001536   0x00000030   Code   RO          932    i.HAL_PCD_EP_Transmit  stm32f1xx_hal_pcd.o
    0x08001566   0x08001566   0x00000002   PAD
    0x08001568   0x08001568   0x00000134   Code   RO          934    i.HAL_PCD_IRQHandler  stm32f1xx_hal_pcd.o
    0x0800169c   0x0800169c   0x000000da   Code   RO          937    i.HAL_PCD_Init      stm32f1xx_hal_pcd.o
    0x08001776   0x08001776   0x00000002   PAD
    0x08001778   0x08001778   0x0000003c   Code   RO          405    i.HAL_PCD_MspInit   usbd_conf.o
    0x080017b4   0x080017b4   0x00000026   Code   RO          406    i.HAL_PCD_ResetCallback  usbd_conf.o
    0x080017da   0x080017da   0x00000008   Code   RO          407    i.HAL_PCD_ResumeCallback  usbd_conf.o
    0x080017e2   0x080017e2   0x00000008   Code   RO          408    i.HAL_PCD_SOFCallback  usbd_conf.o
    0x080017ea   0x080017ea   0x00000028   Code   RO          943    i.HAL_PCD_SetAddress  stm32f1xx_hal_pcd.o
    0x08001812   0x08001812   0x0000000e   Code   RO          409    i.HAL_PCD_SetupStageCallback  usbd_conf.o
    0x08001820   0x08001820   0x00000032   Code   RO          945    i.HAL_PCD_Start     stm32f1xx_hal_pcd.o
    0x08001852   0x08001852   0x00000002   PAD
    0x08001854   0x08001854   0x00000024   Code   RO          410    i.HAL_PCD_SuspendCallback  usbd_conf.o
    0x08001878   0x08001878   0x000000ec   Code   RO         1657    i.HAL_RCCEx_PeriphCLKConfig  stm32f1xx_hal_rcc_ex.o
    0x08001964   0x08001964   0x0000012c   Code   RO         1553    i.HAL_RCC_ClockConfig  stm32f1xx_hal_rcc.o
    0x08001a90   0x08001a90   0x00000020   Code   RO         1560    i.HAL_RCC_GetPCLK1Freq  stm32f1xx_hal_rcc.o
    0x08001ab0   0x08001ab0   0x00000020   Code   RO         1561    i.HAL_RCC_GetPCLK2Freq  stm32f1xx_hal_rcc.o
    0x08001ad0   0x08001ad0   0x0000004c   Code   RO         1562    i.HAL_RCC_GetSysClockFreq  stm32f1xx_hal_rcc.o
    0x08001b1c   0x08001b1c   0x00000320   Code   RO         1565    i.HAL_RCC_OscConfig  stm32f1xx_hal_rcc.o
    0x08001e3c   0x08001e3c   0x00000028   Code   RO         1866    i.HAL_SYSTICK_Config  stm32f1xx_hal_cortex.o
    0x08001e64   0x08001e64   0x00000002   Code   RO         3061    i.HAL_TIMEx_BreakCallback  stm32f1xx_hal_tim_ex.o
    0x08001e66   0x08001e66   0x00000002   Code   RO         3062    i.HAL_TIMEx_CommutCallback  stm32f1xx_hal_tim_ex.o
    0x08001e68   0x08001e68   0x00000068   Code   RO         3080    i.HAL_TIMEx_MasterConfigSynchronization  stm32f1xx_hal_tim_ex.o
    0x08001ed0   0x08001ed0   0x0000005a   Code   RO         2357    i.HAL_TIM_Base_Init  stm32f1xx_hal_tim.o
    0x08001f2a   0x08001f2a   0x00000002   PAD
    0x08001f2c   0x08001f2c   0x00000038   Code   RO          271    i.HAL_TIM_Base_MspInit  tim.o
    0x08001f64   0x08001f64   0x00000058   Code   RO         2362    i.HAL_TIM_Base_Start_IT  stm32f1xx_hal_tim.o
    0x08001fbc   0x08001fbc   0x000000dc   Code   RO         2366    i.HAL_TIM_ConfigClockSource  stm32f1xx_hal_tim.o
    0x08002098   0x08002098   0x00000002   Code   RO         2391    i.HAL_TIM_IC_CaptureCallback  stm32f1xx_hal_tim.o
    0x0800209a   0x0800209a   0x00000166   Code   RO         2405    i.HAL_TIM_IRQHandler  stm32f1xx_hal_tim.o
    0x08002200   0x08002200   0x00000002   Code   RO         2408    i.HAL_TIM_OC_DelayElapsedCallback  stm32f1xx_hal_tim.o
    0x08002202   0x08002202   0x00000002   Code   RO         2435    i.HAL_TIM_PWM_PulseFinishedCallback  stm32f1xx_hal_tim.o
    0x08002204   0x08002204   0x00000054   Code   RO           16    i.HAL_TIM_PeriodElapsedCallback  main.o
    0x08002258   0x08002258   0x00000002   Code   RO         2448    i.HAL_TIM_TriggerCallback  stm32f1xx_hal_tim.o
    0x0800225a   0x0800225a   0x00000002   Code   RO         3340    i.HAL_UARTEx_RxEventCallback  stm32f1xx_hal_uart.o
    0x0800225c   0x0800225c   0x00000002   Code   RO         3354    i.HAL_UART_ErrorCallback  stm32f1xx_hal_uart.o
    0x0800225e   0x0800225e   0x00000002   PAD
    0x08002260   0x08002260   0x0000026c   Code   RO         3357    i.HAL_UART_IRQHandler  stm32f1xx_hal_uart.o
    0x080024cc   0x080024cc   0x00000064   Code   RO         3358    i.HAL_UART_Init     stm32f1xx_hal_uart.o
    0x08002530   0x08002530   0x00000134   Code   RO          313    i.HAL_UART_MspInit  usart.o
    0x08002664   0x08002664   0x0000001c   Code   RO         3363    i.HAL_UART_Receive_IT  stm32f1xx_hal_uart.o
    0x08002680   0x08002680   0x000000c8   Code   RO           17    i.HAL_UART_RxCpltCallback  main.o
    0x08002748   0x08002748   0x0000009a   Code   RO         3366    i.HAL_UART_Transmit  stm32f1xx_hal_uart.o
    0x080027e2   0x080027e2   0x00000002   Code   RO         3369    i.HAL_UART_TxCpltCallback  stm32f1xx_hal_uart.o
    0x080027e4   0x080027e4   0x00000002   Code   RO          749    i.HardFault_Handler  stm32f1xx_it.o
    0x080027e6   0x080027e6   0x00000002   PAD
    0x080027e8   0x080027e8   0x00000038   Code   RO          609    i.IntToUnicode      usbd_desc.o
    0x08002820   0x08002820   0x000000f4   Code   RO         3935    i.IoT_Parameter_Init  esp8266_at.o
    0x08002914   0x08002914   0x000000f0   Code   RO          246    i.MX_GPIO_Init      gpio.o
    0x08002a04   0x08002a04   0x00000064   Code   RO          272    i.MX_TIM2_Init      tim.o
    0x08002a68   0x08002a68   0x00000038   Code   RO          314    i.MX_USART1_UART_Init  usart.o
    0x08002aa0   0x08002aa0   0x00000038   Code   RO          315    i.MX_USART2_UART_Init  usart.o
    0x08002ad8   0x08002ad8   0x00000038   Code   RO          316    i.MX_USART3_UART_Init  usart.o
    0x08002b10   0x08002b10   0x00000054   Code   RO          366    i.MX_USB_DEVICE_Init  usb_device.o
    0x08002b64   0x08002b64   0x00000002   Code   RO          750    i.MemManage_Handler  stm32f1xx_it.o
    0x08002b66   0x08002b66   0x00000002   Code   RO          751    i.NMI_Handler       stm32f1xx_it.o
    0x08002b68   0x08002b68   0x00000034   Code   RO         3729    i.OLEDIIC_Start     oled.o
    0x08002b9c   0x08002b9c   0x0000002c   Code   RO         3730    i.OLEDIIC_Stop      oled.o
    0x08002bc8   0x08002bc8   0x00000020   Code   RO         3731    i.OLEDIIC_Wait_Ack  oled.o
    0x08002be8   0x08002be8   0x00000050   Code   RO         3732    i.OLEDWrite_IIC_Byte  oled.o
    0x08002c38   0x08002c38   0x0000002e   Code   RO         3733    i.OLEDWrite_IIC_Command  oled.o
    0x08002c66   0x08002c66   0x0000002e   Code   RO         3734    i.OLEDWrite_IIC_Data  oled.o
    0x08002c94   0x08002c94   0x0000002c   Code   RO         3735    i.OLED_Clear        oled.o
    0x08002cc0   0x08002cc0   0x0000003c   Code   RO         3740    i.OLED_DrawPoint    oled.o
    0x08002cfc   0x08002cfc   0x00000130   Code   RO         3741    i.OLED_Init         oled.o
    0x08002e2c   0x08002e2c   0x00000048   Code   RO         3743    i.OLED_Refresh      oled.o
    0x08002e74   0x08002e74   0x000000e4   Code   RO         3747    i.OLED_ShowChar     oled.o
    0x08002f58   0x08002f58   0x0000005c   Code   RO         3751    i.OLED_ShowString   oled.o
    0x08002fb4   0x08002fb4   0x0000010c   Code   RO         3752    i.OLED_ShowStringCN  oled.o
    0x080030c0   0x080030c0   0x0000000c   Code   RO         3754    i.OLED_WR_Byte      oled.o
    0x080030cc   0x080030cc   0x000003ac   Code   RO          949    i.PCD_EP_ISR_Handler  stm32f1xx_hal_pcd.o
    0x08003478   0x08003478   0x00000002   Code   RO          752    i.PendSV_Handler    stm32f1xx_it.o
    0x0800347a   0x0800347a   0x00000002   Code   RO          753    i.SVC_Handler       stm32f1xx_it.o
    0x0800347c   0x0800347c   0x00000004   Code   RO          754    i.SysTick_Handler   stm32f1xx_it.o
    0x08003480   0x08003480   0x00000076   Code   RO           18    i.SystemClock_Config  main.o
    0x080034f6   0x080034f6   0x00000002   Code   RO         3692    i.SystemInit        system_stm32f1xx.o
    0x080034f8   0x080034f8   0x0000000c   Code   RO          755    i.TIM2_IRQHandler   stm32f1xx_it.o
    0x08003504   0x08003504   0x0000006c   Code   RO         2450    i.TIM_Base_SetConfig  stm32f1xx_hal_tim.o
    0x08003570   0x08003570   0x00000014   Code   RO         2461    i.TIM_ETR_SetConfig  stm32f1xx_hal_tim.o
    0x08003584   0x08003584   0x00000010   Code   RO         2462    i.TIM_ITRx_SetConfig  stm32f1xx_hal_tim.o
    0x08003594   0x08003594   0x00000022   Code   RO         2468    i.TIM_TI1_ConfigInputStage  stm32f1xx_hal_tim.o
    0x080035b6   0x080035b6   0x00000024   Code   RO         2470    i.TIM_TI2_ConfigInputStage  stm32f1xx_hal_tim.o
    0x080035da   0x080035da   0x00000010   Code   RO         3371    i.UART_DMAAbortOnError  stm32f1xx_hal_uart.o
    0x080035ea   0x080035ea   0x0000004e   Code   RO         3381    i.UART_EndRxTransfer  stm32f1xx_hal_uart.o
    0x08003638   0x08003638   0x000000c2   Code   RO         3383    i.UART_Receive_IT   stm32f1xx_hal_uart.o
    0x080036fa   0x080036fa   0x00000002   PAD
    0x080036fc   0x080036fc   0x000000b8   Code   RO         3384    i.UART_SetConfig    stm32f1xx_hal_uart.o
    0x080037b4   0x080037b4   0x00000036   Code   RO         3386    i.UART_Start_Receive_IT  stm32f1xx_hal_uart.o
    0x080037ea   0x080037ea   0x00000078   Code   RO         3387    i.UART_WaitOnFlagUntilTimeout  stm32f1xx_hal_uart.o
    0x08003862   0x08003862   0x00000002   PAD
    0x08003864   0x08003864   0x0000000c   Code   RO          756    i.USART1_IRQHandler  stm32f1xx_it.o
    0x08003870   0x08003870   0x0000000c   Code   RO          757    i.USART2_IRQHandler  stm32f1xx_it.o
    0x0800387c   0x0800387c   0x0000000c   Code   RO          758    i.USART3_IRQHandler  stm32f1xx_it.o
    0x08003888   0x08003888   0x00000046   Code   RO         4310    i.USBD_CDC_DataIn   usbd_cdc.o
    0x080038ce   0x080038ce   0x0000002e   Code   RO         4311    i.USBD_CDC_DataOut  usbd_cdc.o
    0x080038fc   0x080038fc   0x00000044   Code   RO         4312    i.USBD_CDC_DeInit   usbd_cdc.o
    0x08003940   0x08003940   0x00000024   Code   RO         4313    i.USBD_CDC_EP0_RxReady  usbd_cdc.o
    0x08003964   0x08003964   0x0000000c   Code   RO         4314    i.USBD_CDC_GetDeviceQualifierDescriptor  usbd_cdc.o
    0x08003970   0x08003970   0x0000000c   Code   RO         4315    i.USBD_CDC_GetFSCfgDesc  usbd_cdc.o
    0x0800397c   0x0800397c   0x0000000c   Code   RO         4316    i.USBD_CDC_GetHSCfgDesc  usbd_cdc.o
    0x08003988   0x08003988   0x0000000c   Code   RO         4317    i.USBD_CDC_GetOtherSpeedCfgDesc  usbd_cdc.o
    0x08003994   0x08003994   0x00000094   Code   RO         4318    i.USBD_CDC_Init     usbd_cdc.o
    0x08003a28   0x08003a28   0x00000028   Code   RO         4319    i.USBD_CDC_ReceivePacket  usbd_cdc.o
    0x08003a50   0x08003a50   0x00000010   Code   RO         4320    i.USBD_CDC_RegisterInterface  usbd_cdc.o
    0x08003a60   0x08003a60   0x0000000c   Code   RO         4321    i.USBD_CDC_SetRxBuffer  usbd_cdc.o
    0x08003a6c   0x08003a6c   0x00000010   Code   RO         4322    i.USBD_CDC_SetTxBuffer  usbd_cdc.o
    0x08003a7c   0x08003a7c   0x000000ac   Code   RO         4323    i.USBD_CDC_Setup    usbd_cdc.o
    0x08003b28   0x08003b28   0x00000036   Code   RO         4324    i.USBD_CDC_TransmitPacket  usbd_cdc.o
    0x08003b5e   0x08003b5e   0x0000000e   Code   RO         4047    i.USBD_ClrClassConfig  usbd_core.o
    0x08003b6c   0x08003b6c   0x00000010   Code   RO         4250    i.USBD_CtlContinueRx  usbd_ioreq.o
    0x08003b7c   0x08003b7c   0x00000010   Code   RO         4251    i.USBD_CtlContinueSendData  usbd_ioreq.o
    0x08003b8c   0x08003b8c   0x00000016   Code   RO         4185    i.USBD_CtlError     usbd_ctlreq.o
    0x08003ba2   0x08003ba2   0x0000001e   Code   RO         4252    i.USBD_CtlPrepareRx  usbd_ioreq.o
    0x08003bc0   0x08003bc0   0x00000016   Code   RO         4253    i.USBD_CtlReceiveStatus  usbd_ioreq.o
    0x08003bd6   0x08003bd6   0x0000001a   Code   RO         4254    i.USBD_CtlSendData  usbd_ioreq.o
    0x08003bf0   0x08003bf0   0x00000016   Code   RO         4255    i.USBD_CtlSendStatus  usbd_ioreq.o
    0x08003c06   0x08003c06   0x00000002   PAD
    0x08003c08   0x08003c08   0x00000020   Code   RO          610    i.USBD_FS_ConfigStrDescriptor  usbd_desc.o
    0x08003c28   0x08003c28   0x0000000c   Code   RO          611    i.USBD_FS_DeviceDescriptor  usbd_desc.o
    0x08003c34   0x08003c34   0x00000024   Code   RO          612    i.USBD_FS_InterfaceStrDescriptor  usbd_desc.o
    0x08003c58   0x08003c58   0x0000000c   Code   RO          613    i.USBD_FS_LangIDStrDescriptor  usbd_desc.o
    0x08003c64   0x08003c64   0x00000028   Code   RO          614    i.USBD_FS_ManufacturerStrDescriptor  usbd_desc.o
    0x08003c8c   0x08003c8c   0x0000002c   Code   RO          615    i.USBD_FS_ProductStrDescriptor  usbd_desc.o
    0x08003cb8   0x08003cb8   0x00000028   Code   RO          616    i.USBD_FS_SerialStrDescriptor  usbd_desc.o
    0x08003ce0   0x08003ce0   0x000000e8   Code   RO         4186    i.USBD_GetDescriptor  usbd_ctlreq.o
    0x08003dc8   0x08003dc8   0x00000048   Code   RO         4187    i.USBD_GetString    usbd_ctlreq.o
    0x08003e10   0x08003e10   0x00000018   Code   RO          411    i.USBD_Get_USB_Status  usbd_conf.o
    0x08003e28   0x08003e28   0x0000002a   Code   RO         4049    i.USBD_Init         usbd_core.o
    0x08003e52   0x08003e52   0x00000012   Code   RO          412    i.USBD_LL_ClearStallEP  usbd_conf.o
    0x08003e64   0x08003e64   0x00000012   Code   RO          413    i.USBD_LL_CloseEP   usbd_conf.o
    0x08003e76   0x08003e76   0x000000c6   Code   RO         4050    i.USBD_LL_DataInStage  usbd_core.o
    0x08003f3c   0x08003f3c   0x00000082   Code   RO         4051    i.USBD_LL_DataOutStage  usbd_core.o
    0x08003fbe   0x08003fbe   0x00000008   Code   RO          417    i.USBD_LL_GetRxDataSize  usbd_conf.o
    0x08003fc6   0x08003fc6   0x00000002   PAD
    0x08003fc8   0x08003fc8   0x00000080   Code   RO          418    i.USBD_LL_Init      usbd_conf.o
    0x08004048   0x08004048   0x00000020   Code   RO          419    i.USBD_LL_IsStallEP  usbd_conf.o
    0x08004068   0x08004068   0x00000018   Code   RO          420    i.USBD_LL_OpenEP    usbd_conf.o
    0x08004080   0x08004080   0x00000012   Code   RO          421    i.USBD_LL_PrepareReceive  usbd_conf.o
    0x08004092   0x08004092   0x00000050   Code   RO         4056    i.USBD_LL_Reset     usbd_core.o
    0x080040e2   0x080040e2   0x00000014   Code   RO         4057    i.USBD_LL_Resume    usbd_core.o
    0x080040f6   0x080040f6   0x00000018   Code   RO         4058    i.USBD_LL_SOF       usbd_core.o
    0x0800410e   0x0800410e   0x00000006   Code   RO         4059    i.USBD_LL_SetSpeed  usbd_core.o
    0x08004114   0x08004114   0x00000012   Code   RO          422    i.USBD_LL_SetUSBAddress  usbd_conf.o
    0x08004126   0x08004126   0x0000005a   Code   RO         4060    i.USBD_LL_SetupStage  usbd_core.o
    0x08004180   0x08004180   0x00000012   Code   RO          423    i.USBD_LL_StallEP   usbd_conf.o
    0x08004192   0x08004192   0x00000012   Code   RO          424    i.USBD_LL_Start     usbd_conf.o
    0x080041a4   0x080041a4   0x00000012   Code   RO         4061    i.USBD_LL_Suspend   usbd_core.o
    0x080041b6   0x080041b6   0x00000012   Code   RO          426    i.USBD_LL_Transmit  usbd_conf.o
    0x080041c8   0x080041c8   0x00000028   Code   RO         4188    i.USBD_ParseSetupRequest  usbd_ctlreq.o
    0x080041f0   0x080041f0   0x00000010   Code   RO         4062    i.USBD_RegisterClass  usbd_core.o
    0x08004200   0x08004200   0x00000016   Code   RO         4064    i.USBD_SetClassConfig  usbd_core.o
    0x08004216   0x08004216   0x00000002   PAD
    0x08004218   0x08004218   0x00000084   Code   RO         4189    i.USBD_SetConfig    usbd_ctlreq.o
    0x0800429c   0x0800429c   0x0000000a   Code   RO         4065    i.USBD_Start        usbd_core.o
    0x080042a6   0x080042a6   0x00000112   Code   RO         4190    i.USBD_StdDevReq    usbd_ctlreq.o
    0x080043b8   0x080043b8   0x00000150   Code   RO         4191    i.USBD_StdEPReq     usbd_ctlreq.o
    0x08004508   0x08004508   0x0000004e   Code   RO         4192    i.USBD_StdItfReq    usbd_ctlreq.o
    0x08004556   0x08004556   0x00000002   Code   RO          427    i.USBD_static_free  usbd_conf.o
    0x08004558   0x08004558   0x00000008   Code   RO          428    i.USBD_static_malloc  usbd_conf.o
    0x08004560   0x08004560   0x0000029c   Code   RO         1192    i.USB_ActivateEndpoint  stm32f1xx_ll_usb.o
    0x080047fc   0x080047fc   0x00000004   Code   RO         1195    i.USB_CoreInit      stm32f1xx_ll_usb.o
    0x08004800   0x08004800   0x0000010e   Code   RO         1197    i.USB_DeactivateEndpoint  stm32f1xx_ll_usb.o
    0x0800490e   0x0800490e   0x00000004   Code   RO         1198    i.USB_DevConnect    stm32f1xx_ll_usb.o
    0x08004912   0x08004912   0x00000004   Code   RO         1199    i.USB_DevDisconnect  stm32f1xx_ll_usb.o
    0x08004916   0x08004916   0x00000012   Code   RO         1200    i.USB_DevInit       stm32f1xx_ll_usb.o
    0x08004928   0x08004928   0x0000000e   Code   RO         1201    i.USB_DisableGlobalInt  stm32f1xx_ll_usb.o
    0x08004936   0x08004936   0x00000004   Code   RO         1202    i.USB_EP0_OutStart  stm32f1xx_ll_usb.o
    0x0800493a   0x0800493a   0x00000078   Code   RO         1203    i.USB_EPClearStall  stm32f1xx_ll_usb.o
    0x080049b2   0x080049b2   0x00000032   Code   RO         1204    i.USB_EPSetStall    stm32f1xx_ll_usb.o
    0x080049e4   0x080049e4   0x000004e2   Code   RO         1205    i.USB_EPStartXfer   stm32f1xx_ll_usb.o
    0x08004ec6   0x08004ec6   0x00000012   Code   RO         1207    i.USB_EnableGlobalInt  stm32f1xx_ll_usb.o
    0x08004ed8   0x08004ed8   0x0000000c   Code   RO          759    i.USB_LP_CAN1_RX0_IRQHandler  stm32f1xx_it.o
    0x08004ee4   0x08004ee4   0x00000068   Code   RO           19    i.USB_RESET         main.o
    0x08004f4c   0x08004f4c   0x00000006   Code   RO         1214    i.USB_ReadInterrupts  stm32f1xx_ll_usb.o
    0x08004f52   0x08004f52   0x00000002   PAD
    0x08004f54   0x08004f54   0x0000002c   Code   RO         1215    i.USB_ReadPMA       stm32f1xx_ll_usb.o
    0x08004f80   0x08004f80   0x00000004   Code   RO         1216    i.USB_SetCurrentMode  stm32f1xx_ll_usb.o
    0x08004f84   0x08004f84   0x0000000c   Code   RO         1217    i.USB_SetDevAddress  stm32f1xx_ll_usb.o
    0x08004f90   0x08004f90   0x00000026   Code   RO         1219    i.USB_WritePMA      stm32f1xx_ll_usb.o
    0x08004fb6   0x08004fb6   0x00000002   Code   RO          760    i.UsageFault_Handler  stm32f1xx_it.o
    0x08004fb8   0x08004fb8   0x00000020   Code   RO         4561    i.__0printf$5       mc_w.l(printf5.o)
    0x08004fd8   0x08004fd8   0x00000028   Code   RO         4563    i.__0sprintf$5      mc_w.l(printf5.o)
    0x08005000   0x08005000   0x00000020   Code   RO         1868    i.__NVIC_SetPriority  stm32f1xx_hal_cortex.o
    0x08005020   0x08005020   0x0000000e   Code   RO         4731    i.__scatterload_copy  mc_w.l(handlers.o)
    0x0800502e   0x0800502e   0x00000002   Code   RO         4732    i.__scatterload_null  mc_w.l(handlers.o)
    0x08005030   0x08005030   0x0000000e   Code   RO         4733    i.__scatterload_zeroinit  mc_w.l(handlers.o)
    0x0800503e   0x0800503e   0x00000002   PAD
    0x08005040   0x08005040   0x000002c0   Code   RO         4568    i._printf_core      mc_w.l(printf5.o)
    0x08005300   0x08005300   0x0000000a   Code   RO         4570    i._sputc            mc_w.l(printf5.o)
    0x0800530a   0x0800530a   0x0000001e   Code   RO           20    i.fputc             main.o
    0x08005328   0x08005328   0x0000000c   Code   RO           21    i.get_TimeDiff      main.o
    0x08005334   0x08005334   0x0000040c   Code   RO           22    i.main              main.o
    0x08005740   0x08005740   0x00000012   Data   RO         1566    .constdata          stm32f1xx_hal_rcc.o
    0x08005752   0x08005752   0x00000010   Data   RO         3693    .constdata          system_stm32f1xx.o
    0x08005762   0x08005762   0x00000008   Data   RO         3694    .constdata          system_stm32f1xx.o
    0x0800576a   0x0800576a   0x00002135   Data   RO         3757    .constdata          oled.o
    0x0800789f   0x0800789f   0x00000001   PAD
    0x080078a0   0x080078a0   0x00000045   Data   RO           24    .conststring        main.o
    0x080078e5   0x080078e5   0x00000003   PAD
    0x080078e8   0x080078e8   0x00000078   Data   RO         3937    .conststring        esp8266_at.o
    0x08007960   0x08007960   0x00000020   Data   RO         4729    Region$$Table       anon$$obj.o


    Execution Region RW_IRAM1 (Exec base: 0x20000000, Load base: 0x08007980, Size: 0x00002790, Max: 0x00005000, ABSOLUTE, COMPRESSED[0x000000c4])

    Exec Addr    Load Addr    Size         Type   Attr      Idx    E Section Name        Object

    0x20000000   COMPRESSED   0x00000020   Data   RW           25    .data               main.o
    0x20000020   COMPRESSED   0x0000001c   Data   RW          618    .data               usbd_desc.o
    0x2000003c   COMPRESSED   0x00000032   Data   RW          619    .data               usbd_desc.o
    0x2000006e   COMPRESSED   0x00000002   PAD
    0x20000070   COMPRESSED   0x00000010   Data   RW          701    .data               usbd_cdc_if.o
    0x20000080   COMPRESSED   0x0000000c   Data   RW         1403    .data               stm32f1xx_hal.o
    0x2000008c   COMPRESSED   0x00000004   Data   RW         3695    .data               system_stm32f1xx.o
    0x20000090   COMPRESSED   0x00000014   Data   RW         3939    .data               esp8266_at.o
    0x200000a4   COMPRESSED   0x00000001   Data   RW         4193    .data               usbd_ctlreq.o
    0x200000a5   COMPRESSED   0x00000003   PAD
    0x200000a8   COMPRESSED   0x000000d7   Data   RW         4325    .data               usbd_cdc.o
    0x2000017f   COMPRESSED   0x00000001   PAD
    0x20000180   COMPRESSED   0x00000038   Data   RW         4326    .data               usbd_cdc.o
    0x200001b8   COMPRESSED   0x00000004   Data   RW         4705    .data               mc_w.l(stdout.o)
    0x200001bc        -       0x00000060   Zero   RW           23    .bss                main.o
    0x2000021c        -       0x00000048   Zero   RW          273    .bss                tim.o
    0x20000264        -       0x000000d8   Zero   RW          317    .bss                usart.o
    0x2000033c        -       0x000002c4   Zero   RW          367    .bss                usb_device.o
    0x20000600        -       0x00000510   Zero   RW          429    .bss                usbd_conf.o
    0x20000b10        -       0x00000200   Zero   RW          617    .bss                usbd_desc.o
    0x20000d10        -       0x00000800   Zero   RW          700    .bss                usbd_cdc_if.o
    0x20001510        -       0x00000400   Zero   RW         3756    .bss                oled.o
    0x20001910        -       0x00000680   Zero   RW         3936    .bss                esp8266_at.o
    0x20001f90        -       0x00000800   Zero   RW            1    STACK               startup_stm32f103xb.o


==============================================================================

Image component sizes


      Code (inc. data)   RO Data    RW Data    ZI Data      Debug   Object Name

      1532        566        120         20       1664       9805   esp8266_at.o
       240         16          0          0          0       1051   gpio.o
      2240        754         69         32         96     456018   main.o
      1380         64       8501          0       1024      10949   oled.o
        36          8        236          0       2048        820   startup_stm32f103xb.o
       164         28          0         12          0       6221   stm32f1xx_hal.o
       198         14          0          0          0      29207   stm32f1xx_hal_cortex.o
       222          4          0          0          0       1891   stm32f1xx_hal_dma.o
       500         34          0          0          0       3679   stm32f1xx_hal_gpio.o
        60          8          0          0          0        930   stm32f1xx_hal_msp.o
      3094          0          0          0          0      14917   stm32f1xx_hal_pcd.o
        60          0          0          0          0       1254   stm32f1xx_hal_pcd_ex.o
      1240         84         18          0          0       5356   stm32f1xx_hal_rcc.o
       236         12          0          0          0       1468   stm32f1xx_hal_rcc_ex.o
       978         26          0          0          0      10317   stm32f1xx_hal_tim.o
       108         12          0          0          0       2565   stm32f1xx_hal_tim_ex.o
      1554         10          0          0          0      11464   stm32f1xx_hal_uart.o
        80         30          0          0          0       6505   stm32f1xx_it.o
      2528          0          0          0          0      16859   stm32f1xx_ll_usb.o
         2          0         24          4          0       1219   system_stm32f1xx.o
       156         10          0          0         72       1790   tim.o
       476         50          0          0        216       3232   usart.o
        84         18          0          0        708        840   usb_device.o
       726         16          0        271          0      13770   usbd_cdc.o
       112         22          0         16       2048       3400   usbd_cdc_if.o
       556         30          0          0       1296      14465   usbd_conf.o
       670          0          0          0          0      10035   usbd_core.o
      1186         28          0          1          0       8284   usbd_ctlreq.o
       272        100          0         78        512       6081   usbd_desc.o
       132          0          0          0          0       4612   usbd_ioreq.o

    ----------------------------------------------------------------------
     20854       1944       9004        440       9684     659004   Object Totals
         0          0         32          0          0          0   (incl. Generated)
        32          0          4          6          0          0   (incl. Padding)

    ----------------------------------------------------------------------

      Code (inc. data)   RO Data    RW Data    ZI Data      Debug   Library Member Name

        86          0          0          0          0          0   __dczerorl2.o
         0          0          0          0          0          0   entry.o
         0          0          0          0          0          0   entry10a.o
         0          0          0          0          0          0   entry11a.o
         4          0          0          0          0          0   entry12b.o
         8          4          0          0          0          0   entry2.o
         4          0          0          0          0          0   entry5.o
         0          0          0          0          0          0   entry7b.o
         0          0          0          0          0          0   entry8b.o
         8          4          0          0          0          0   entry9a.o
        30          0          0          0          0          0   handlers.o
        36          8          0          0          0         68   init.o
        30          0          0          0          0         68   llshl.o
        32          0          0          0          0         68   llushr.o
        36          0          0          0          0         68   memcpya.o
        36          0          0          0          0        108   memseta.o
       786         60          0          0          0        336   printf5.o
         0          0          0          4          0          0   stdout.o
        14          0          0          0          0         68   strlen.o
        36          0          0          0          0         80   strstr.o
        98          0          0          0          0         92   uldiv.o

    ----------------------------------------------------------------------
      1246         76          0          4          0        956   Library Totals
         2          0          0          0          0          0   (incl. Padding)

    ----------------------------------------------------------------------

      Code (inc. data)   RO Data    RW Data    ZI Data      Debug   Library Name

      1244         76          0          4          0        956   mc_w.l

    ----------------------------------------------------------------------
      1246         76          0          4          0        956   Library Totals

    ----------------------------------------------------------------------

==============================================================================


      Code (inc. data)   RO Data    RW Data    ZI Data      Debug   

     22100       2020       9004        444       9684     648492   Grand Totals
     22100       2020       9004        196       9684     648492   ELF Image Totals (compressed)
     22100       2020       9004        196          0          0   ROM Totals

==============================================================================

    Total RO  Size (Code + RO Data)                31104 (  30.38kB)
    Total RW  Size (RW Data + ZI Data)             10128 (   9.89kB)
    Total ROM Size (Code + RO Data + RW Data)      31300 (  30.57kB)

==============================================================================

