<html>
<body>
<pre>
<h1>礦ision Build Log</h1>
<h2>Tool Versions:</h2>
IDE-Version: μVision V5.18.0.0
Copyright (C) 2016 ARM Ltd and ARM Germany GmbH. All rights reserved.
License Information: 1 3226299527@qq.com, 1, LIC=9WSKC-7H0UT-9UT4U-S2R5Z-G59IN-3VTAP
 
Tool Versions:
Toolchain:       MDK-ARM Plus  Version: 5.14.0.0
Toolchain Path:  E:\project_ruanjian\keil5\keil_5_MDK\ARM\ARMCC\Bin
C Compiler:      Armcc.exe V5.05 update 1 (build 106)
Assembler:       Armasm.exe V5.05 update 1 (build 106)
Linker/Locator:  ArmLink.exe V5.05 update 1 (build 106)
Library Manager: ArmAr.exe V5.05 update 1 (build 106)
Hex Converter:   FromElf.exe V5.05 update 1 (build 106)
CPU DLL:         SARMCM3.DLL V5.14.0.0
Dialog DLL:      DCM.DLL V1.13.1.0
Target DLL:      Segger\JL2CM3.dll V2.99.13.0
Dialog DLL:      TCM.DLL V1.14.4.0
 
<h2>Project:</h2>
F:\ruan_jian\bai_du_wang_pan\xia_zai\01_基于STM32的人脸识别门禁系统设计\1、程序源文件\32-178、程序（备份）\USER\A-Test-STD.uvprojx
Project File Date:  03/25/2025

<h2>Output:</h2>
*** Using Compiler 'V5.05 update 1 (build 106)', folder: 'E:\project_ruanjian\keil5\keil_5_MDK\ARM\ARMCC\Bin'
Build target 'Target C8'
compiling main.c...
main.c(335): warning:  #1-D: last line of file ends without a newline
  }
main.c: 1 warning, 0 errors
linking...
Program Size: Code=16934 RO-data=5226 RW-data=364 ZI-data=1996  
FromELF: creating hex file...
After Build - User command #1: fromelf --bin -o "..\OBJ\A-test-C8.bin" "..\OBJ\A-test-C8.axf"
"..\OBJ\A-test-C8.axf" - 0 Error(s), 1 Warning(s).

<h2>Software Packages used:</h2>

Package Vendor: ARM
                http://www.keil.com/pack/ARM.CMSIS.4.2.0.pack
                ARM::CMSIS:CORE:3.40.0
                CMSIS (Cortex Microcontroller Software Interface Standard)
   * Component: CORE Version: 3.40.0

<h2>Collection of Component include folders:</h2>
  F:\ruan_jian\bai_du_wang_pan\xia_zai\01_基于STM32的人脸识别门禁系统设计\1、程序源文件\32-178、程序（备份）\USER\RTE
  E:\project_ruanjian\keil5\keil_5_MDK\ARM\PACK\ARM\CMSIS\4.2.0\CMSIS\Include
  E:\project_ruanjian\keil5\keil_5_MDK\ARM\PACK\Keil\STM32F1xx_DFP\2.2.0\Device\Include

<h2>Collection of Component Files used:</h2>

   * Component: ARM::CMSIS:CORE:3.40.0
      Source file:   CMSIS\UserCodeTemplates\ARM\ITM_Retarget.c
Build Time Elapsed:  00:00:01
</pre>
</body>
</html>
