Component: ARM Compiler 5.05 update 1 (build 106) Tool: armlink [4d0efa]

==============================================================================

Section Cross References

    main.o(i.My_Menu_Clear) refers to my_lcd_spi.o(i.LCD_Clear) for LCD_Clear
    main.o(i.My_Menu_Display) refers to my_lcd_spi.o(i.LCD_Clear) for LCD_Clear
    main.o(i.My_Menu_Display) refers to my_menu.o(i.My_Menu_UnderBottom) for My_Menu_UnderBottom
    main.o(i.My_Menu_Display) refers to my_lcd_spi_gui.o(i.LCD_GetPos_Y) for LCD_GetPos_Y
    main.o(i.My_Menu_Display) refers to my_lcd_spi_gui.o(i.LCD_GetPos_X) for LCD_GetPos_X
    main.o(i.My_Menu_Display) refers to my_lcd_spi_gui.o(i.LCD_ShowString) for LCD_ShowString
    main.o(i.My_Menu_Display) refers to my_menu.o(.data) for selectedMenu
    main.o(i.My_Menu_Display) refers to main.o(.data) for firstBack
    main.o(i.My_Menu_Display) refers to my_lcd_spi.o(.data) for FRONT_COLOR
    main.o(i.main) refers to _printf_pad.o(.text) for _printf_pre_padding
    main.o(i.main) refers to _printf_percent.o(.ARM.Collect$$_printf_percent$$00000000) for _printf_percent
    main.o(i.main) refers to _printf_d.o(.ARM.Collect$$_printf_percent$$00000009) for _printf_d
    main.o(i.main) refers to _printf_dec.o(.text) for _printf_int_dec
    main.o(i.main) refers to usart.o(i.My_USART_Init) for My_USART_Init
    main.o(i.main) refers to my_key.o(i.My_KEY_Init) for My_KEY_Init
    main.o(i.main) refers to my_led.o(i.My_LED_Init) for My_LED_Init
    main.o(i.main) refers to my_sg90.o(i.My_SG90_Init) for My_SG90_Init
    main.o(i.main) refers to delay.o(i.delay_ms) for delay_ms
    main.o(i.main) refers to my_sg90.o(i.My_SG90_SetAngle) for My_SG90_SetAngle
    main.o(i.main) refers to my_lcd_spi.o(i.LCD_Init) for LCD_Init
    main.o(i.main) refers to my_lcd_spi.o(i.LCD_Clear) for LCD_Clear
    main.o(i.main) refers to my_menu.o(i.My_Menu_Init) for My_Menu_Init
    main.o(i.main) refers to main.o(i.scanKeyAnddealKey) for scanKeyAnddealKey
    main.o(i.main) refers to my_menu.o(i.My_Menu_GetSelectID) for My_Menu_GetSelectID
    main.o(i.main) refers to my_lcd_spi_gui.o(i.LCD_GetPos_Y) for LCD_GetPos_Y
    main.o(i.main) refers to my_lcd_spi_gui.o(i.LCD_GetPos_X) for LCD_GetPos_X
    main.o(i.main) refers to my_lcd_spi_gui.o(i.LCD_ShowString) for LCD_ShowString
    main.o(i.main) refers to my_key.o(i.KeyIsPress) for KeyIsPress
    main.o(i.main) refers to my_face.o(i.shiBieFaceCmd) for shiBieFaceCmd
    main.o(i.main) refers to my_face.o(i.cancelCurFaceCmd) for cancelCurFaceCmd
    main.o(i.main) refers to my_face.o(i.getFaceId) for getFaceId
    main.o(i.main) refers to __2sprintf.o(.text) for __2sprintf
    main.o(i.main) refers to my_face.o(i.sendInputFaceCmd) for sendInputFaceCmd
    main.o(i.main) refers to my_lcd_spi.o(.data) for BACK_COLOR
    main.o(i.main) refers to my_systick.o(.data) for myReadFlag_tick
    main.o(i.main) refers to main.o(.data) for remCurMenuId
    main.o(i.main) refers to main.o(.bss) for dis0
    main.o(i.main) refers to my_face.o(i.deleteFaceIdCmd) for deleteFaceIdCmd
    main.o(i.main) refers to my_face.o(i.getFaceCmdkRes) for getFaceCmdkRes
    main.o(i.main) refers to my_face.o(i.deleteAllFaceCmd) for deleteAllFaceCmd
    main.o(i.main) refers to my_uart_msg.o(i.My_UartMessage_Process) for My_UartMessage_Process
    main.o(i.scanKeyAnddealKey) refers to my_key.o(i.My_KeyScan) for My_KeyScan
    main.o(i.scanKeyAnddealKey) refers to my_key.o(i.KeyIsPress) for KeyIsPress
    main.o(i.scanKeyAnddealKey) refers to my_menu.o(i.My_Menu_SelectUp) for My_Menu_SelectUp
    main.o(i.scanKeyAnddealKey) refers to my_menu.o(i.My_Menu_SelectDown) for My_Menu_SelectDown
    main.o(i.scanKeyAnddealKey) refers to my_menu.o(i.My_Menu_Into) for My_Menu_Into
    main.o(i.scanKeyAnddealKey) refers to my_menu.o(i.My_Menu_Back) for My_Menu_Back
    main.o(i.scanKeyAnddealKey) refers to my_menu.o(.data) for selectedMenu
    main.o(i.scanKeyAnddealKey) refers to main.o(.data) for outCount
    main.o(.data) refers to main.o(.conststring) for .conststring
    my_board.o(i.$Sub$$main) refers to my_board.o(i.NVIC_Configuration) for NVIC_Configuration
    my_board.o(i.$Sub$$main) refers to my_systick.o(i.My_SysTick_Init) for My_SysTick_Init
    my_board.o(i.$Sub$$main) refers to delay.o(i.DWT_Init) for DWT_Init
    my_board.o(i.$Sub$$main) refers to main.o(i.main) for $Super$$main
    my_board.o(i.NVIC_Configuration) refers to misc.o(i.NVIC_PriorityGroupConfig) for NVIC_PriorityGroupConfig
    my_board.o(.data) refers to my_board.o(.conststring) for .conststring
    my_led.o(i.My_LED_Init) refers to mygpio.o(i.GPIO_Pin_Init) for GPIO_Pin_Init
    my_led.o(i.My_LED_Init) refers to my_led.o(.constdata) for Pins_LED
    my_led.o(.data) refers to my_led.o(.conststring) for .conststring
    my_key.o(i.KeyIsPress) refers to my_key.o(.data) for keyFlag_event
    my_key.o(i.KeyIsPressed) refers to my_key.o(.data) for keyFlag_event
[...]
    .ARM.Collect$$rtexit$$00000003           0x0800020a   Section        4  rtexit2.o(.ARM.Collect$$rtexit$$00000003)
    .ARM.Collect$$rtexit$$00000004           0x0800020e   Section        6  rtexit2.o(.ARM.Collect$$rtexit$$00000004)
    .text                                    0x08000214   Section       64  startup_stm32f10x_hd.o(.text)
    .text                                    0x08000254   Section        2  use_no_semi_2.o(.text)
    .text                                    0x08000258   Section        0  __2sprintf.o(.text)
    .text                                    0x08000284   Section        0  _printf_pad.o(.text)
    .text                                    0x080002d4   Section        0  _printf_dec.o(.text)
    .text                                    0x0800034c   Section        0  __printf_flags_ss_wp.o(.text)
    .text                                    0x080004d4   Section       68  rt_memclr.o(.text)
    .text                                    0x08000518   Section        0  heapauxi.o(.text)
    .text                                    0x0800051e   Section        2  use_no_semi.o(.text)
    .text                                    0x08000520   Section        0  _printf_intcommon.o(.text)
    .text                                    0x080005d4   Section        0  _printf_char_common.o(.text)
    _printf_input_char                       0x080005d5   Thumb Code    10  _printf_char_common.o(.text)
    .text                                    0x08000604   Section        0  _sputc.o(.text)
    .text                                    0x0800060e   Section       78  rt_memclr_w.o(.text)
    .text                                    0x0800065c   Section       74  sys_stackheap_outer.o(.text)
    .text                                    0x080006a6   Section        0  exit.o(.text)
    .text                                    0x080006b4   Section        8  libspace.o(.text)
    i.$Sub$$main                             0x080006bc   Section        0  my_board.o(i.$Sub$$main)
    i.BKP_TamperPinCmd                       0x080006d4   Section        0  stm32f10x_bkp.o(i.BKP_TamperPinCmd)
    i.BusFault_Handler                       0x080006e0   Section        0  stm32f10x_it.o(i.BusFault_Handler)
    i.DWT_Init                               0x080006e4   Section        0  delay.o(i.DWT_Init)
    i.DebugMon_Handler                       0x0800070c   Section        0  stm32f10x_it.o(i.DebugMon_Handler)
    i.GPIO_Init                              0x0800070e   Section        0  stm32f10x_gpio.o(i.GPIO_Init)
    i.GPIO_PinRemapConfig                    0x08000824   Section        0  stm32f10x_gpio.o(i.GPIO_PinRemapConfig)
    i.GPIO_Pin_Init                          0x080008b4   Section        0  mygpio.o(i.GPIO_Pin_Init)
    i.HardFault_Handler                      0x08000974   Section        0  stm32f10x_it.o(i.HardFault_Handler)
    i.KeyIsPress                             0x08000978   Section        0  my_key.o(i.KeyIsPress)
    i.LCD_Clear                              0x080009a4   Section        0  my_lcd_spi.o(i.LCD_Clear)
    i.LCD_DCET                               0x080009ec   Section        0  my_lcd_spi.o(i.LCD_DCET)
    i.LCD_DrawMatrixCode                     0x08000a14   Section        0  my_lcd_spi_gui.o(i.LCD_DrawMatrixCode)
    i.LCD_DrawPoint                          0x08000aa0   Section        0  my_lcd_spi.o(i.LCD_DrawPoint)
    i.LCD_GPIOInit                           0x08000abc   Section        0  my_lcd_spi.o(i.LCD_GPIOInit)
    i.LCD_GetPos_X                           0x08000adc   Section        0  my_lcd_spi_gui.o(i.LCD_GetPos_X)
    i.LCD_GetPos_Y                           0x08000afc   Section        0  my_lcd_spi_gui.o(i.LCD_GetPos_Y)
    i.LCD_Init                               0x08000b18   Section        0  my_lcd_spi.o(i.LCD_Init)
    i.LCD_ScanLine_Byte                      0x08000d4c   Section        0  my_lcd_spi_gui.o(i.LCD_ScanLine_Byte)
    i.LCD_SetCursor                          0x08000db0   Section        0  my_lcd_spi.o(i.LCD_SetCursor)
    i.LCD_SetWindows                         0x08000dc4   Section        0  my_lcd_spi.o(i.LCD_SetWindows)
    i.LCD_ShowChar                           0x08000e30   Section        0  my_lcd_spi_gui.o(i.LCD_ShowChar)
    i.LCD_ShowChinese                        0x08000ee4   Section        0  my_lcd_spi_gui.o(i.LCD_ShowChinese)
    i.LCD_ShowString                         0x08000fb0   Section        0  my_lcd_spi_gui.o(i.LCD_ShowString)
    i.LCD_WR_DATA                            0x08001028   Section        0  my_lcd_spi.o(i.LCD_WR_DATA)
    i.LCD_WR_REG                             0x08001050   Section        0  my_lcd_spi.o(i.LCD_WR_REG)
    i.LCD_WriteData_16Bit                    0x08001078   Section        0  my_lcd_spi.o(i.LCD_WriteData_16Bit)
    i.LCD_WriteRAM_Prepare                   0x080010a8   Section        0  my_lcd_spi.o(i.LCD_WriteRAM_Prepare)
    i.LCD_WriteReg                           0x080010b8   Section        0  my_lcd_spi.o(i.LCD_WriteReg)
    i.LCD_direction                          0x080010cc   Section        0  my_lcd_spi.o(i.LCD_direction)
    i.MemManage_Handler                      0x0800115c   Section        0  stm32f10x_it.o(i.MemManage_Handler)
    i.My_FaceData_StateMachine               0x08001160   Section        0  my_face.o(i.My_FaceData_StateMachine)
    i.My_Font_GetCodeSize_ASCII              0x080012d4   Section        0  my_lcd_spi_gui.o(i.My_Font_GetCodeSize_ASCII)
    i.My_Font_GetCodeSize_CH                 0x0800130c   Section        0  my_lcd_spi_gui.o(i.My_Font_GetCodeSize_CH)
    i.My_KEY_Init                            0x08001338   Section        0  my_key.o(i.My_KEY_Init)
    i.My_KeyReadState                        0x08001368   Section        0  my_key.o(i.My_KeyReadState)
    i.My_KeyScan                             0x080013d0   Section        0  my_key.o(i.My_KeyScan)
    i.My_LED_Init                            0x08001408   Section        0  my_led.o(i.My_LED_Init)
    i.My_Menu_Back                           0x0800146c   Section        0  my_menu.o(i.My_Menu_Back)
    i.My_Menu_Clear                          0x080014c4   Section        0  main.o(i.My_Menu_Clear)
    i.My_Menu_Display                        0x080014d0   Section        0  main.o(i.My_Menu_Display)
    i.My_Menu_GetSelectID                    0x080016a8   Section        0  my_menu.o(i.My_Menu_GetSelectID)
    i.My_Menu_Init                           0x080016c0   Section        0  my_menu.o(i.My_Menu_Init)
    i.My_Menu_Into                           0x08001714   Section        0  my_menu.o(i.My_Menu_Into)
    i.My_Menu_SelectDown                     0x080017a0   Section        0  my_menu.o(i.My_Menu_SelectDown)
    i.My_Menu_SelectUp                       0x0800182c   Section        0  my_menu.o(i.My_Menu_SelectUp)
    i.My_Menu_UnderBottom                    0x080018b4   Section        0  my_menu.o(i.My_Menu_UnderBottom)
    i.My_PWM_Init                            0x080018c0   Section        0  my_pwm.o(i.My_PWM_Init)
    i.My_PWM_PreInit                         0x080018dc   Section        0  my_pwm.o(i.My_PWM_PreInit)
    i.My_PWM_SetDuty                         0x08001b2c   Section        0  my_pwm.o(i.My_PWM_SetDuty)
    i.My_SG90_Init                           0x08001c40   Section        0  my_sg90.o(i.My_SG90_Init)
    i.My_SG90_IsEnable                       0x08001c80   Section        0  my_sg90.o(i.My_SG90_IsEnable)
    i.My_SG90_SetAngle                       0x08001ca0   Section        0  my_sg90.o(i.My_SG90_SetAngle)
    i.My_SysTick_Init                        0x08001d6c   Section        0  my_systick.o(i.My_SysTick_Init)
    i.My_USART_Init                          0x08001dcc   Section        0  usart.o(i.My_USART_Init)
    i.My_USART_SendByte                      0x08001ee4   Section        0  usart.o(i.My_USART_SendByte)
    i.My_USART_SendBytes                     0x08001f00   Section        0  usart.o(i.My_USART_SendBytes)
    i.My_UartMessage_Process                 0x08001f20   Section        0  my_uart_msg.o(i.My_UartMessage_Process)
    i.My_UartMessage_StateMachine            0x08001fac   Section        0  my_uart_msg.o(i.My_UartMessage_StateMachine)
    i.NMI_Handler                            0x08002074   Section        0  stm32f10x_it.o(i.NMI_Handler)
    i.NVIC_Configuration                     0x08002076   Section        0  my_board.o(i.NVIC_Configuration)
    i.NVIC_Init                              0x08002084   Section        0  misc.o(i.NVIC_Init)
    i.NVIC_PriorityGroupConfig               0x080020f4   Section        0  misc.o(i.NVIC_PriorityGroupConfig)
    i.OnGetUartMessage                       0x08002108   Section        0  my_uart_msg.o(i.OnGetUartMessage)
    i.PWR_BackupAccessCmd                    0x0800210c   Section        0  stm32f10x_pwr.o(i.PWR_BackupAccessCmd)
    i.PendSV_Handler                         0x08002118   Section        0  stm32f10x_it.o(i.PendSV_Handler)
    i.RCC_APB1PeriphClockCmd                 0x0800211c   Section        0  stm32f10x_rcc.o(i.RCC_APB1PeriphClockCmd)
    i.RCC_APB1PeriphResetCmd                 0x0800213c   Section        0  stm32f10x_rcc.o(i.RCC_APB1PeriphResetCmd)
    i.RCC_APB2PeriphClockCmd                 0x0800215c   Section        0  stm32f10x_rcc.o(i.RCC_APB2PeriphClockCmd)
    i.RCC_APB2PeriphResetCmd                 0x0800217c   Section        0  stm32f10x_rcc.o(i.RCC_APB2PeriphResetCmd)
    i.RCC_GetClocksFreq                      0x0800219c   Section        0  stm32f10x_rcc.o(i.RCC_GetClocksFreq)
    i.SPIv_WriteData                         0x08002270   Section        0  my_lcd_spi.o(i.SPIv_WriteData)
    i.SVC_Handler                            0x080022b0   Section        0  stm32f10x_it.o(i.SVC_Handler)
    i.SetSysClock                            0x080022b2   Section        0  system_stm32f10x.o(i.SetSysClock)
    SetSysClock                              0x080022b3   Thumb Code     8  system_stm32f10x.o(i.SetSysClock)
    i.SetSysClockTo72                        0x080022bc   Section        0  system_stm32f10x.o(i.SetSysClockTo72)
    SetSysClockTo72                          0x080022bd   Thumb Code   214  system_stm32f10x.o(i.SetSysClockTo72)
    i.SysTick_Handler                        0x0800239c   Section        0  my_systick.o(i.SysTick_Handler)
    i.SystemInit                             0x080023e4   Section        0  system_stm32f10x.o(i.SystemInit)
    i.TIM_ARRPreloadConfig                   0x08002444   Section        0  stm32f10x_tim.o(i.TIM_ARRPreloadConfig)
    i.TIM_Cmd                                0x0800245c   Section        0  stm32f10x_tim.o(i.TIM_Cmd)
    i.TIM_CtrlPWMOutputs                     0x08002474   Section        0  stm32f10x_tim.o(i.TIM_CtrlPWMOutputs)
    i.TIM_OC1Init                            0x08002494   Section        0  stm32f10x_tim.o(i.TIM_OC1Init)
    i.TIM_OC1PreloadConfig                   0x0800252c   Section        0  stm32f10x_tim.o(i.TIM_OC1PreloadConfig)
    i.TIM_OC2Init                            0x08002540   Section        0  stm32f10x_tim.o(i.TIM_OC2Init)
    i.TIM_OC2PreloadConfig                   0x080025e4   Section        0  stm32f10x_tim.o(i.TIM_OC2PreloadConfig)
    i.TIM_OC3Init                            0x08002600   Section        0  stm32f10x_tim.o(i.TIM_OC3Init)
    i.TIM_OC3PreloadConfig                   0x080026a0   Section        0  stm32f10x_tim.o(i.TIM_OC3PreloadConfig)
    i.TIM_OC4Init                            0x080026b4   Section        0  stm32f10x_tim.o(i.TIM_OC4Init)
    i.TIM_OC4PreloadConfig                   0x08002730   Section        0  stm32f10x_tim.o(i.TIM_OC4PreloadConfig)
    i.TIM_SetCompare1                        0x0800274a   Section        0  stm32f10x_tim.o(i.TIM_SetCompare1)
    i.TIM_SetCompare2                        0x0800274e   Section        0  stm32f10x_tim.o(i.TIM_SetCompare2)
    i.TIM_SetCompare3                        0x08002752   Section        0  stm32f10x_tim.o(i.TIM_SetCompare3)
    i.TIM_SetCompare4                        0x08002756   Section        0  stm32f10x_tim.o(i.TIM_SetCompare4)
    i.TIM_TimeBaseInit                       0x0800275c   Section        0  stm32f10x_tim.o(i.TIM_TimeBaseInit)
    i.USART1_IRQHandler                      0x08002800   Section        0  usart.o(i.USART1_IRQHandler)
    i.USART2_IRQHandler                      0x08002824   Section        0  usart.o(i.USART2_IRQHandler)
    i.USART3_IRQHandler                      0x08002840   Section        0  usart.o(i.USART3_IRQHandler)
    i.USART_Cmd                              0x08002864   Section        0  stm32f10x_usart.o(i.USART_Cmd)
    i.USART_DeInit                           0x0800287c   Section        0  stm32f10x_usart.o(i.USART_DeInit)
    i.USART_GetITStatus                      0x08002918   Section        0  stm32f10x_usart.o(i.USART_GetITStatus)
    i.USART_ITConfig                         0x0800296c   Section        0  stm32f10x_usart.o(i.USART_ITConfig)
    i.USART_Init                             0x080029b8   Section        0  stm32f10x_usart.o(i.USART_Init)
    i.USART_ReceiveData                      0x08002a90   Section        0  stm32f10x_usart.o(i.USART_ReceiveData)
    i.USART_SendData                         0x08002a9a   Section        0  stm32f10x_usart.o(i.USART_SendData)
    i.UsageFault_Handler                     0x08002aa2   Section        0  stm32f10x_it.o(i.UsageFault_Handler)
    i._is_digit                              0x08002aa6   Section        0  __printf_wp.o(i._is_digit)
    i._sys_exit                              0x08002ab4   Section        0  usart.o(i._sys_exit)
    i.cancelCurFaceCmd                       0x08002ab8   Section        0  my_face.o(i.cancelCurFaceCmd)
    i.delay_ms                               0x08002ae0   Section        0  delay.o(i.delay_ms)
    i.delay_us                               0x08002af4   Section        0  delay.o(i.delay_us)
    i.deleteAllFaceCmd                       0x08002b2c   Section        0  my_face.o(i.deleteAllFaceCmd)
    i.deleteFaceIdCmd                        0x08002b54   Section        0  my_face.o(i.deleteFaceIdCmd)
    i.getFaceCmdkRes                         0x08002bcc   Section        0  my_face.o(i.getFaceCmdkRes)
    i.getFaceId                              0x08002bd8   Section        0  my_face.o(i.getFaceId)
    i.main                                   0x08002be4   Section        0  main.o(i.main)
    i.scanKeyAnddealKey                      0x08003608   Section        0  main.o(i.scanKeyAnddealKey)
    i.sendInputFaceCmd                       0x08003684   Section        0  my_face.o(i.sendInputFaceCmd)
    i.shiBieFaceCmd                          0x080036ac   Section        0  my_face.o(i.shiBieFaceCmd)
    i.xbx_crc_calculate                      0x080036d4   Section        0  my_face.o(i.xbx_crc_calculate)
    x$fpl$d2f                                0x08003714   Section       98  d2f.o(x$fpl$d2f)
    x$fpl$dadd                               0x08003778   Section      336  daddsub_clz.o(x$fpl$dadd)
    _dadd1                                   0x08003789   Thumb Code     0  daddsub_clz.o(x$fpl$dadd)
    x$fpl$dmul                               0x080038c8   Section      340  dmul.o(x$fpl$dmul)
    x$fpl$dnaninf                            0x08003a1c   Section      156  dnaninf.o(x$fpl$dnaninf)
    x$fpl$dretinf                            0x08003ab8   Section       12  dretinf.o(x$fpl$dretinf)
    x$fpl$drsb                               0x08003ac4   Section       22  daddsub_clz.o(x$fpl$drsb)
    x$fpl$dsub                               0x08003adc   Section      468  daddsub_clz.o(x$fpl$dsub)
    _dsub1                                   0x08003aed   Thumb Code     0  daddsub_clz.o(x$fpl$dsub)
    x$fpl$f2d                                0x08003cb0   Section       86  f2d.o(x$fpl$f2d)
    x$fpl$fadd                               0x08003d08   Section      196  faddsub_clz.o(x$fpl$fadd)
    _fadd1                                   0x08003d17   Thumb Code     0  faddsub_clz.o(x$fpl$fadd)
    x$fpl$fcmpinf                            0x08003dcc   Section       24  fcmpi.o(x$fpl$fcmpinf)
    x$fpl$fdiv                               0x08003de4   Section      388  fdiv.o(x$fpl$fdiv)
    _fdiv1                                   0x08003de5   Thumb Code     0  fdiv.o(x$fpl$fdiv)
    x$fpl$ffix                               0x08003f68   Section       54  ffix.o(x$fpl$ffix)
    x$fpl$ffixu                              0x08003fa0   Section       62  ffixu.o(x$fpl$ffixu)
    x$fpl$ffltu                              0x08003fe0   Section       38  fflt_clz.o(x$fpl$ffltu)
    x$fpl$fleqf                              0x08004008   Section      104  fleqf.o(x$fpl$fleqf)
    x$fpl$fmul                               0x08004070   Section      258  fmul.o(x$fpl$fmul)
    x$fpl$fnaninf                            0x08004172   Section      140  fnaninf.o(x$fpl$fnaninf)
    x$fpl$fretinf                            0x080041fe   Section       10  fretinf.o(x$fpl$fretinf)
    x$fpl$frleqf                             0x08004208   Section       98  frleqf.o(x$fpl$frleqf)
    x$fpl$fsub                               0x0800426c   Section      234  faddsub_clz.o(x$fpl$fsub)
    _fsub1                                   0x0800427b   Thumb Code     0  faddsub_clz.o(x$fpl$fsub)
    .constdata                               0x08004356   Section       12  my_led.o(.constdata)
    x$fpl$usenofp                            0x08004356   Section        0  usenofp.o(x$fpl$usenofp)
    Pins_Key                                 0x08004356   Data           5  my_led.o(.constdata)
    Pins_LCD_ILI9341                         0x0800435b   Data           6  my_led.o(.constdata)
    Pins_LED                                 0x08004361   Data           1  my_led.o(.constdata)
    .constdata                               0x08004362   Section       12  my_key.o(.constdata)
    Pins_LCD_ILI9341                         0x08004362   Data           6  my_key.o(.constdata)
    Pins_LED                                 0x08004368   Data           1  my_key.o(.constdata)
    Pins_Key                                 0x08004369   Data           5  my_key.o(.constdata)
    .constdata                               0x0800436e   Section       12  my_lcd_spi.o(.constdata)
    Pins_Key                                 0x0800436e   Data           5  my_lcd_spi.o(.constdata)
    Pins_LED                                 0x08004373   Data           1  my_lcd_spi.o(.constdata)
    Pins_LCD_ILI9341                         0x08004374   Data           6  my_lcd_spi.o(.constdata)
    .constdata                               0x0800437a   Section     4544  my_lcd_spi_gui.o(.constdata)
    Pins_Key                                 0x0800437a   Data           5  my_lcd_spi_gui.o(.constdata)
    Pins_LCD_ILI9341                         0x0800437f   Data           6  my_lcd_spi_gui.o(.constdata)
    Pins_LED                                 0x08004385   Data           1  my_lcd_spi_gui.o(.constdata)
    fontGBK12                                0x08004386   Data        1430  my_lcd_spi_gui.o(.constdata)
    asc2_1206                                0x08004ad6   Data        1140  my_lcd_spi_gui.o(.constdata)
    asc2_1608                                0x08004f4a   Data        1520  my_lcd_spi_gui.o(.constdata)
    .constdata                               0x0800553c   Section      220  my_menu.o(.constdata)
    Pins_Key                                 0x0800553c   Data           5  my_menu.o(.constdata)
    Pins_LCD_ILI9341                         0x08005541   Data           6  my_menu.o(.constdata)
    Pins_LED                                 0x08005547   Data           1  my_menu.o(.constdata)
    MenuItemObj_root                         0x08005548   Data           8  my_menu.o(.constdata)
    menu_null                                0x08005550   Data         200  my_menu.o(.constdata)
    .constdata                               0x08005618   Section       17  __printf_flags_ss_wp.o(.constdata)
    maptable                                 0x08005618   Data          17  __printf_flags_ss_wp.o(.constdata)
    .conststring                             0x0800562c   Section       66  main.o(.conststring)
    .data                                    0x20000000   Section       42  main.o(.data)
    MenuItemStr_root                         0x20000000   Data          16  main.o(.data)
    remBack                                  0x20000028   Data           1  main.o(.data)
    firstBack                                0x20000029   Data           1  main.o(.data)
    .data                                    0x2000002c   Section       18  my_key.o(.data)
    MenuItemStr_root                         0x2000002c   Data          16  my_key.o(.data)
    keyFlag_state                            0x2000003c   Data           1  my_key.o(.data)
    keyFlag_event                            0x2000003d   Data           1  my_key.o(.data)
    .data                                    0x20000040   Section       22  my_lcd_spi.o(.data)
    MenuItemStr_root                         0x20000040   Data          16  my_lcd_spi.o(.data)
    .data                                    0x20000058   Section      116  my_face.o(.data)
    MenuItemStr_root                         0x20000058   Data          16  my_face.o(.data)
    index_dat                                0x20000068   Data           1  my_face.o(.data)
    faceId                                   0x2000006a   Data           2  my_face.o(.data)
    backResult                               0x2000006c   Data           1  my_face.o(.data)
    index_msg_read                           0x200000ca   Data           1  my_face.o(.data)
    msgByte_last                             0x200000cb   Data           1  my_face.o(.data)
    .data                                    0x200000cc   Section       24  my_menu.o(.data)
    MenuItemStr_root                         0x200000cc   Data          16  my_menu.o(.data)
    selectMenuID                             0x200000dc   Data           2  my_menu.o(.data)
    .data                                    0x200000e4   Section       24  my_pwm.o(.data)
    MenuItemStr_root                         0x200000e4   Data          16  my_pwm.o(.data)
    .data                                    0x200000fc   Section       28  my_sg90.o(.data)
    MenuItemStr_root                         0x200000fc   Data          16  my_sg90.o(.data)
    channel                                  0x2000010c   Data           4  my_sg90.o(.data)
    sg90Angle                                0x20000110   Data           8  my_sg90.o(.data)
    .data                                    0x20000118   Section       22  my_systick.o(.data)
    MenuItemStr_root                         0x20000118   Data          16  my_systick.o(.data)
    sysTicks                                 0x20000128   Data           4  my_systick.o(.data)
    .data                                    0x20000130   Section       20  my_uart_msg.o(.data)
    MenuItemStr_root                         0x20000130   Data          16  my_uart_msg.o(.data)
    index_dat                                0x20000140   Data           1  my_uart_msg.o(.data)
    index_msg_read                           0x20000141   Data           1  my_uart_msg.o(.data)
    startRecFlag                             0x20000142   Data           1  my_uart_msg.o(.data)
    index_msg_process                        0x20000143   Data           1  my_uart_msg.o(.data)
    .data                                    0x20000144   Section       20  system_stm32f10x.o(.data)
    .data                                    0x20000158   Section       20  stm32f10x_rcc.o(.data)
    APBAHBPrescTable                         0x20000158   Data          16  stm32f10x_rcc.o(.data)
    ADCPrescTable                            0x20000168   Data           4  stm32f10x_rcc.o(.data)
    .bss                                     0x2000016c   Section       96  main.o(.bss)
    .bss                                     0x200001cc   Section       16  my_lcd_spi.o(.bss)
    .bss                                     0x200001dc   Section       36  my_face.o(.bss)
    recMsg                                   0x200001dc   Data          36  my_face.o(.bss)
    .bss                                     0x20000200   Section       60  my_menu.o(.bss)
    menu_root                                0x20000200   Data          20  my_menu.o(.bss)
    menu_level_bottom                        0x20000214   Data          40  my_menu.o(.bss)
    .bss                                     0x2000023c   Section       16  my_sg90.o(.bss)
    TIM_SG90                                 0x2000023c   Data          16  my_sg90.o(.bss)
    .bss                                     0x2000024c   Section      136  my_uart_msg.o(.bss)
    .bss                                     0x200002d4   Section       96  libspace.o(.bss)
    HEAP                                     0x20000338   Section      512  startup_stm32f10x_hd.o(HEAP)
    Heap_Mem                                 0x20000338   Data         512  startup_stm32f10x_hd.o(HEAP)
    STACK                                    0x20000538   Section     1024  startup_stm32f10x_hd.o(STACK)
    Stack_Mem                                0x20000538   Data        1024  startup_stm32f10x_hd.o(STACK)
    __initial_sp                             0x20000938   Data           0  startup_stm32f10x_hd.o(STACK)

    Global Symbols

    Symbol Name                              Value     Ov Type        Size  Object(Section)

    BuildAttributes$$THM_ISAv4$P$D$K$B$S$PE$A:L22UL41UL21$X:L11$S22US41US21$IEEE1$IW$USESV6$~STKCKD$USESV7$~SHL$OTIME$ROPI$IEEEJ$EBA8$UX$STANDARDLIB$REQ8$PRES8$EABIv2 0x00000000   Number         0  anon$$obj.o ABSOLUTE
    __ARM_use_no_argv                        0x00000000   Number         0  main.o ABSOLUTE
    _printf_flags                            0x00000000   Number         0  printf_stubs.o ABSOLUTE
    _printf_return_value                     0x00000000   Number         0  printf_stubs.o ABSOLUTE
    _printf_sizespec                         0x00000000   Number         0  printf_stubs.o ABSOLUTE
    _printf_widthprec                        0x00000000   Number         0  printf_stubs.o ABSOLUTE
    __ARM_exceptions_init                     - Undefined Weak Reference
    __alloca_initialize                       - Undefined Weak Reference
    __arm_preinit_                            - Undefined Weak Reference
    __cpp_initialize__aeabi_                  - Undefined Weak Reference
    __cxa_finalize                            - Undefined Weak Reference
    __sigvec_lookup                           - Undefined Weak Reference
    _atexit_init                              - Undefined Weak Reference
    _call_atexit_fns                          - Undefined Weak Reference
    _clock_init                               - Undefined Weak Reference
    _fp_trap_init                             - Undefined Weak Reference
    _fp_trap_shutdown                         - Undefined Weak Reference
    _get_lc_collate                           - Undefined Weak Reference
    _get_lc_monetary                          - Undefined Weak Reference
    _get_lc_time                              - Undefined Weak Reference
    _getenv_init                              - Undefined Weak Reference
    _handle_redirection                       - Undefined Weak Reference
    _init_alloc                               - Undefined Weak Reference
    _init_user_alloc                          - Undefined Weak Reference
    _initio                                   - Undefined Weak Reference
    _printf_fp_hex                            - Undefined Weak Reference
    _printf_mbtowc                            - Undefined Weak Reference
    _printf_wc                                - Undefined Weak Reference
    _rand_init                                - Undefined Weak Reference
    _signal_finish                            - Undefined Weak Reference
    _signal_init                              - Undefined Weak Reference
    _terminate_alloc                          - Undefined Weak Reference
    _terminate_user_alloc                     - Undefined Weak Reference
    _terminateio                              - Undefined Weak Reference
    __Vectors_Size                           0x00000130   Number         0  startup_stm32f10x_hd.o ABSOLUTE
    __Vectors                                0x08000000   Data           4  startup_stm32f10x_hd.o(RESET)
    __Vectors_End                            0x08000130   Data           0  startup_stm32f10x_hd.o(RESET)
    __main                                   0x08000131   Thumb Code     8  __main.o(!!!main)
    __scatterload                            0x08000139   Thumb Code     0  __scatter.o(!!!scatter)
    __scatterload_rt2                        0x08000139   Thumb Code    44  __scatter.o(!!!scatter)
    __scatterload_rt2_thumb_only             0x08000139   Thumb Code     0  __scatter.o(!!!scatter)
    __scatterload_null                       0x08000147   Thumb Code     0  __scatter.o(!!!scatter)
    __decompress                             0x0800016d   Thumb Code    90  __dczerorl2.o(!!dczerorl2)
    __decompress1                            0x0800016d   Thumb Code     0  __dczerorl2.o(!!dczerorl2)
    __scatterload_zeroinit                   0x080001c9   Thumb Code    28  __scatter_zi.o(!!handler_zi)
    _printf_d                                0x080001e5   Thumb Code     0  _printf_d.o(.ARM.Collect$$_printf_percent$$00000009)
    _printf_percent                          0x080001e5   Thumb Code     0  _printf_percent.o(.ARM.Collect$$_printf_percent$$00000000)
    _printf_percent_end                      0x080001eb   Thumb Code     0  _printf_percent_end.o(.ARM.Collect$$_printf_percent$$00000017)
    __rt_lib_init                            0x080001ef   Thumb Code     0  libinit.o(.ARM.Collect$$libinit$$00000000)
    __rt_lib_init_alloca_1                   0x080001f1   Thumb Code     0  libinit2.o(.ARM.Collect$$libinit$$0000002E)
    __rt_lib_init_argv_1                     0x080001f1   Thumb Code     0  libinit2.o(.ARM.Collect$$libinit$$0000002C)
    __rt_lib_init_atexit_1                   0x080001f1   Thumb Code     0  libinit2.o(.ARM.Collect$$libinit$$0000001B)
    __rt_lib_init_clock_1                    0x080001f1   Thumb Code     0  libinit2.o(.ARM.Collect$$libinit$$00000021)
    __rt_lib_init_cpp_1                      0x080001f1   Thumb Code     0  libinit2.o(.ARM.Collect$$libinit$$00000032)
    __rt_lib_init_exceptions_1               0x080001f1   Thumb Code     0  libinit2.o(.ARM.Collect$$libinit$$00000030)
    __rt_lib_init_fp_1                       0x080001f1   Thumb Code     0  libinit2.o(.ARM.Collect$$libinit$$00000002)
    __rt_lib_init_fp_trap_1                  0x080001f1   Thumb Code     0  libinit2.o(.ARM.Collect$$libinit$$0000001F)
    __rt_lib_init_getenv_1                   0x080001f1   Thumb Code     0  libinit2.o(.ARM.Collect$$libinit$$00000023)
    __rt_lib_init_heap_1                     0x080001f1   Thumb Code     0  libinit2.o(.ARM.Collect$$libinit$$0000000A)
    __rt_lib_init_lc_collate_1               0x080001f1   Thumb Code     0  libinit2.o(.ARM.Collect$$libinit$$00000011)
    __rt_lib_init_lc_ctype_1                 0x080001f1   Thumb Code     0  libinit2.o(.ARM.Collect$$libinit$$00000013)
    __rt_lib_init_lc_monetary_1              0x080001f1   Thumb Code     0  libinit2.o(.ARM.Collect$$libinit$$00000015)
    __rt_lib_init_lc_numeric_1               0x080001f1   Thumb Code     0  libinit2.o(.ARM.Collect$$libinit$$00000017)
    __rt_lib_init_lc_time_1                  0x080001f1   Thumb Code     0  libinit2.o(.ARM.Collect$$libinit$$00000019)
    __rt_lib_init_preinit_1                  0x080001f1   Thumb Code     0  libinit2.o(.ARM.Collect$$libinit$$00000004)
    __rt_lib_init_rand_1                     0x080001f1   Thumb Code     0  libinit2.o(.ARM.Collect$$libinit$$0000000E)
    __rt_lib_init_return                     0x080001f1   Thumb Code     0  libinit2.o(.ARM.Collect$$libinit$$00000033)
    __rt_lib_init_signal_1                   0x080001f1   Thumb Code     0  libinit2.o(.ARM.Collect$$libinit$$0000001D)
    __rt_lib_init_stdio_1                    0x080001f1   Thumb Code     0  libinit2.o(.ARM.Collect$$libinit$$00000025)
    __rt_lib_init_user_alloc_1               0x080001f1   Thumb Code     0  libinit2.o(.ARM.Collect$$libinit$$0000000C)
    __rt_lib_shutdown                        0x080001f3   Thumb Code     0  libshutdown.o(.ARM.Collect$$libshutdown$$00000000)
    __rt_lib_shutdown_fp_trap_1              0x080001f5   Thumb Code     0  libshutdown2.o(.ARM.Collect$$libshutdown$$00000006)
    __rt_lib_shutdown_heap_1                 0x080001f5   Thumb Code     0  libshutdown2.o(.ARM.Collect$$libshutdown$$0000000E)
    __rt_lib_shutdown_return                 0x080001f5   Thumb Code     0  libshutdown2.o(.ARM.Collect$$libshutdown$$0000000F)
    __rt_lib_shutdown_signal_1               0x080001f5   Thumb Code     0  libshutdown2.o(.ARM.Collect$$libshutdown$$00000009)
    __rt_lib_shutdown_stdio_1                0x080001f5   Thumb Code     0  libshutdown2.o(.ARM.Collect$$libshutdown$$00000003)
    __rt_lib_shutdown_user_alloc_1           0x080001f5   Thumb Code     0  libshutdown2.o(.ARM.Collect$$libshutdown$$0000000B)
    __rt_entry                               0x080001f7   Thumb Code     0  __rtentry.o(.ARM.Collect$$rtentry$$00000000)
    __rt_entry_presh_1                       0x080001f7   Thumb Code     0  __rtentry2.o(.ARM.Collect$$rtentry$$00000002)
    __rt_entry_sh                            0x080001f7   Thumb Code     0  __rtentry4.o(.ARM.Collect$$rtentry$$00000004)
    __rt_entry_li                            0x080001fd   Thumb Code     0  __rtentry2.o(.ARM.Collect$$rtentry$$0000000A)
    __rt_entry_postsh_1                      0x080001fd   Thumb Code     0  __rtentry2.o(.ARM.Collect$$rtentry$$00000009)
    __rt_entry_main                          0x08000201   Thumb Code     0  __rtentry2.o(.ARM.Collect$$rtentry$$0000000D)
    __rt_entry_postli_1                      0x08000201   Thumb Code     0  __rtentry2.o(.ARM.Collect$$rtentry$$0000000C)
    __rt_exit                                0x08000209   Thumb Code     0  rtexit.o(.ARM.Collect$$rtexit$$00000000)
    __rt_exit_ls                             0x0800020b   Thumb Code     0  rtexit2.o(.ARM.Collect$$rtexit$$00000003)
    __rt_exit_prels_1                        0x0800020b   Thumb Code     0  rtexit2.o(.ARM.Collect$$rtexit$$00000002)
    __rt_exit_exit                           0x0800020f   Thumb Code     0  rtexit2.o(.ARM.Collect$$rtexit$$00000004)
    Reset_Handler                            0x08000215   Thumb Code     8  startup_stm32f10x_hd.o(.text)
    ADC1_2_IRQHandler                        0x0800022f   Thumb Code     0  startup_stm32f10x_hd.o(.text)
    ADC3_IRQHandler                          0x0800022f   Thumb Code     0  startup_stm32f10x_hd.o(.text)
    CAN1_RX1_IRQHandler                      0x0800022f   Thumb Code     0  startup_stm32f10x_hd.o(.text)
    CAN1_SCE_IRQHandler                      0x0800022f   Thumb Code     0  startup_stm32f10x_hd.o(.text)
    DMA1_Channel1_IRQHandler                 0x0800022f   Thumb Code     0  startup_stm32f10x_hd.o(.text)
    DMA1_Channel2_IRQHandler                 0x0800022f   Thumb Code     0  startup_stm32f10x_hd.o(.text)
    DMA1_Channel3_IRQHandler                 0x0800022f   Thumb Code     0  startup_stm32f10x_hd.o(.text)
    DMA1_Channel4_IRQHandler                 0x0800022f   Thumb Code     0  startup_stm32f10x_hd.o(.text)
    DMA1_Channel5_IRQHandler                 0x0800022f   Thumb Code     0  startup_stm32f10x_hd.o(.text)
    DMA1_Channel6_IRQHandler                 0x0800022f   Thumb Code     0  startup_stm32f10x_hd.o(.text)
    DMA1_Channel7_IRQHandler                 0x0800022f   Thumb Code     0  startup_stm32f10x_hd.o(.text)
    DMA2_Channel1_IRQHandler                 0x0800022f   Thumb Code     0  startup_stm32f10x_hd.o(.text)
    DMA2_Channel2_IRQHandler                 0x0800022f   Thumb Code     0  startup_stm32f10x_hd.o(.text)
    DMA2_Channel3_IRQHandler                 0x0800022f   Thumb Code     0  startup_stm32f10x_hd.o(.text)
    DMA2_Channel4_5_IRQHandler               0x0800022f   Thumb Code     0  startup_stm32f10x_hd.o(.text)
    EXTI0_IRQHandler                         0x0800022f   Thumb Code     0  startup_stm32f10x_hd.o(.text)
    EXTI15_10_IRQHandler                     0x0800022f   Thumb Code     0  startup_stm32f10x_hd.o(.text)
    EXTI1_IRQHandler                         0x0800022f   Thumb Code     0  startup_stm32f10x_hd.o(.text)
    EXTI2_IRQHandler                         0x0800022f   Thumb Code     0  startup_stm32f10x_hd.o(.text)
    EXTI3_IRQHandler                         0x0800022f   Thumb Code     0  startup_stm32f10x_hd.o(.text)
    EXTI4_IRQHandler                         0x0800022f   Thumb Code     0  startup_stm32f10x_hd.o(.text)
    EXTI9_5_IRQHandler                       0x0800022f   Thumb Code     0  startup_stm32f10x_hd.o(.text)
    FLASH_IRQHandler                         0x0800022f   Thumb Code     0  startup_stm32f10x_hd.o(.text)
    FSMC_IRQHandler                          0x0800022f   Thumb Code     0  startup_stm32f10x_hd.o(.text)
    I2C1_ER_IRQHandler                       0x0800022f   Thumb Code     0  startup_stm32f10x_hd.o(.text)
    I2C1_EV_IRQHandler                       0x0800022f   Thumb Code     0  startup_stm32f10x_hd.o(.text)
    I2C2_ER_IRQHandler                       0x0800022f   Thumb Code     0  startup_stm32f10x_hd.o(.text)
    I2C2_EV_IRQHandler                       0x0800022f   Thumb Code     0  startup_stm32f10x_hd.o(.text)
    PVD_IRQHandler                           0x0800022f   Thumb Code     0  startup_stm32f10x_hd.o(.text)
    RCC_IRQHandler                           0x0800022f   Thumb Code     0  startup_stm32f10x_hd.o(.text)
    RTCAlarm_IRQHandler                      0x0800022f   Thumb Code     0  startup_stm32f10x_hd.o(.text)
    RTC_IRQHandler                           0x0800022f   Thumb Code     0  startup_stm32f10x_hd.o(.text)
    SDIO_IRQHandler                          0x0800022f   Thumb Code     0  startup_stm32f10x_hd.o(.text)
    SPI1_IRQHandler                          0x0800022f   Thumb Code     0  startup_stm32f10x_hd.o(.text)
    SPI2_IRQHandler                          0x0800022f   Thumb Code     0  startup_stm32f10x_hd.o(.text)
    SPI3_IRQHandler                          0x0800022f   Thumb Code     0  startup_stm32f10x_hd.o(.text)
    TAMPER_IRQHandler                        0x0800022f   Thumb Code     0  startup_stm32f10x_hd.o(.text)
    TIM1_BRK_IRQHandler                      0x0800022f   Thumb Code     0  startup_stm32f10x_hd.o(.text)
    TIM1_CC_IRQHandler                       0x0800022f   Thumb Code     0  startup_stm32f10x_hd.o(.text)
    TIM1_TRG_COM_IRQHandler                  0x0800022f   Thumb Code     0  startup_stm32f10x_hd.o(.text)
    TIM1_UP_IRQHandler                       0x0800022f   Thumb Code     0  startup_stm32f10x_hd.o(.text)
    TIM2_IRQHandler                          0x0800022f   Thumb Code     0  startup_stm32f10x_hd.o(.text)
    TIM3_IRQHandler                          0x0800022f   Thumb Code     0  startup_stm32f10x_hd.o(.text)
    TIM4_IRQHandler                          0x0800022f   Thumb Code     0  startup_stm32f10x_hd.o(.text)
    TIM5_IRQHandler                          0x0800022f   Thumb Code     0  startup_stm32f10x_hd.o(.text)
    TIM6_IRQHandler                          0x0800022f   Thumb Code     0  startup_stm32f10x_hd.o(.text)
    TIM7_IRQHandler                          0x0800022f   Thumb Code     0  startup_stm32f10x_hd.o(.text)
    TIM8_BRK_IRQHandler                      0x0800022f   Thumb Code     0  startup_stm32f10x_hd.o(.text)
    TIM8_CC_IRQHandler                       0x0800022f   Thumb Code     0  startup_stm32f10x_hd.o(.text)
    TIM8_TRG_COM_IRQHandler                  0x0800022f   Thumb Code     0  startup_stm32f10x_hd.o(.text)
    TIM8_UP_IRQHandler                       0x0800022f   Thumb Code     0  startup_stm32f10x_hd.o(.text)
    UART4_IRQHandler                         0x0800022f   Thumb Code     0  startup_stm32f10x_hd.o(.text)
    UART5_IRQHandler                         0x0800022f   Thumb Code     0  startup_stm32f10x_hd.o(.text)
    USBWakeUp_IRQHandler                     0x0800022f   Thumb Code     0  startup_stm32f10x_hd.o(.text)
    USB_HP_CAN1_TX_IRQHandler                0x0800022f   Thumb Code     0  startup_stm32f10x_hd.o(.text)
    USB_LP_CAN1_RX0_IRQHandler               0x0800022f   Thumb Code     0  startup_stm32f10x_hd.o(.text)
    WWDG_IRQHandler                          0x0800022f   Thumb Code     0  startup_stm32f10x_hd.o(.text)
    __user_initial_stackheap                 0x08000231   Thumb Code     0  startup_stm32f10x_hd.o(.text)
    __use_no_semihosting                     0x08000255   Thumb Code     2  use_no_semi_2.o(.text)
    __2sprintf                               0x08000259   Thumb Code    38  __2sprintf.o(.text)
    _printf_pre_padding                      0x08000285   Thumb Code    44  _printf_pad.o(.text)
    _printf_post_padding                     0x080002b1   Thumb Code    34  _printf_pad.o(.text)
    _printf_int_dec                          0x080002d5   Thumb Code   104  _printf_dec.o(.text)
    __printf                                 0x0800034d   Thumb Code   388  __printf_flags_ss_wp.o(.text)
    __aeabi_memclr                           0x080004d5   Thumb Code     0  rt_memclr.o(.text)
    __rt_memclr                              0x080004d5   Thumb Code    68  rt_memclr.o(.text)
    _memset                                  0x080004d9   Thumb Code     0  rt_memclr.o(.text)
    __use_two_region_memory                  0x08000519   Thumb Code     2  heapauxi.o(.text)
    __rt_heap_escrow$2region                 0x0800051b   Thumb Code     2  heapauxi.o(.text)
    __rt_heap_expand$2region                 0x0800051d   Thumb Code     2  heapauxi.o(.text)
    __I$use$semihosting                      0x0800051f   Thumb Code     0  use_no_semi.o(.text)
    __use_no_semihosting_swi                 0x0800051f   Thumb Code     2  use_no_semi.o(.text)
    _printf_int_common                       0x08000521   Thumb Code   178  _printf_intcommon.o(.text)
    _printf_char_common                      0x080005df   Thumb Code    32  _printf_char_common.o(.text)
    _sputc                                   0x08000605   Thumb Code    10  _sputc.o(.text)
    __aeabi_memclr4                          0x0800060f   Thumb Code     0  rt_memclr_w.o(.text)
    __aeabi_memclr8                          0x0800060f   Thumb Code     0  rt_memclr_w.o(.text)
    __rt_memclr_w                            0x0800060f   Thumb Code    78  rt_memclr_w.o(.text)
    _memset_w                                0x08000613   Thumb Code     0  rt_memclr_w.o(.text)
    __user_setup_stackheap                   0x0800065d   Thumb Code    74  sys_stackheap_outer.o(.text)
    exit                                     0x080006a7   Thumb Code    12  exit.o(.text)
    __user_libspace                          0x080006b5   Thumb Code     8  libspace.o(.text)
    __user_perproc_libspace                  0x080006b5   Thumb Code     0  libspace.o(.text)
    __user_perthread_libspace                0x080006b5   Thumb Code     0  libspace.o(.text)
    main                                     0x080006bd   Thumb Code    22  my_board.o(i.$Sub$$main)
    BKP_TamperPinCmd                         0x080006d5   Thumb Code     6  stm32f10x_bkp.o(i.BKP_TamperPinCmd)
    BusFault_Handler                         0x080006e1   Thumb Code     4  stm32f10x_it.o(i.BusFault_Handler)
    DWT_Init                                 0x080006e5   Thumb Code    30  delay.o(i.DWT_Init)
    DebugMon_Handler                         0x0800070d   Thumb Code     2  stm32f10x_it.o(i.DebugMon_Handler)
    GPIO_Init                                0x0800070f   Thumb Code   278  stm32f10x_gpio.o(i.GPIO_Init)
    GPIO_PinRemapConfig                      0x08000825   Thumb Code   138  stm32f10x_gpio.o(i.GPIO_PinRemapConfig)
    GPIO_Pin_Init                            0x080008b5   Thumb Code   180  mygpio.o(i.GPIO_Pin_Init)
    HardFault_Handler                        0x08000975   Thumb Code     4  stm32f10x_it.o(i.HardFault_Handler)
    KeyIsPress                               0x08000979   Thumb Code    34  my_key.o(i.KeyIsPress)
    LCD_Clear                                0x080009a5   Thumb Code    68  my_lcd_spi.o(i.LCD_Clear)
    LCD_DCET                                 0x080009ed   Thumb Code    30  my_lcd_spi.o(i.LCD_DCET)
    LCD_DrawMatrixCode                       0x08000a15   Thumb Code   138  my_lcd_spi_gui.o(i.LCD_DrawMatrixCode)
    LCD_DrawPoint                            0x08000aa1   Thumb Code    24  my_lcd_spi.o(i.LCD_DrawPoint)
    LCD_GPIOInit                             0x08000abd   Thumb Code    26  my_lcd_spi.o(i.LCD_GPIOInit)
    LCD_GetPos_X                             0x08000add   Thumb Code    26  my_lcd_spi_gui.o(i.LCD_GetPos_X)
    LCD_GetPos_Y                             0x08000afd   Thumb Code    24  my_lcd_spi_gui.o(i.LCD_GetPos_Y)
    LCD_Init                                 0x08000b19   Thumb Code   558  my_lcd_spi.o(i.LCD_Init)
    LCD_ScanLine_Byte                        0x08000d4d   Thumb Code    92  my_lcd_spi_gui.o(i.LCD_ScanLine_Byte)
    LCD_SetCursor                            0x08000db1   Thumb Code    20  my_lcd_spi.o(i.LCD_SetCursor)
    LCD_SetWindows                           0x08000dc5   Thumb Code   104  my_lcd_spi.o(i.LCD_SetWindows)
    LCD_ShowChar                             0x08000e31   Thumb Code   166  my_lcd_spi_gui.o(i.LCD_ShowChar)
    LCD_ShowChinese                          0x08000ee5   Thumb Code   182  my_lcd_spi_gui.o(i.LCD_ShowChinese)
    LCD_ShowString                           0x08000fb1   Thumb Code   118  my_lcd_spi_gui.o(i.LCD_ShowString)
    LCD_WR_DATA                              0x08001029   Thumb Code    32  my_lcd_spi.o(i.LCD_WR_DATA)
    LCD_WR_REG                               0x08001051   Thumb Code    30  my_lcd_spi.o(i.LCD_WR_REG)
    LCD_WriteData_16Bit                      0x08001079   Thumb Code    38  my_lcd_spi.o(i.LCD_WriteData_16Bit)
    LCD_WriteRAM_Prepare                     0x080010a9   Thumb Code    12  my_lcd_spi.o(i.LCD_WriteRAM_Prepare)
    LCD_WriteReg                             0x080010b9   Thumb Code    20  my_lcd_spi.o(i.LCD_WriteReg)
    LCD_direction                            0x080010cd   Thumb Code   140  my_lcd_spi.o(i.LCD_direction)
    MemManage_Handler                        0x0800115d   Thumb Code     4  stm32f10x_it.o(i.MemManage_Handler)
    My_FaceData_StateMachine                 0x08001161   Thumb Code   348  my_face.o(i.My_FaceData_StateMachine)
    My_Font_GetCodeSize_ASCII                0x080012d5   Thumb Code    56  my_lcd_spi_gui.o(i.My_Font_GetCodeSize_ASCII)
    My_Font_GetCodeSize_CH                   0x0800130d   Thumb Code    44  my_lcd_spi_gui.o(i.My_Font_GetCodeSize_CH)
    My_KEY_Init                              0x08001339   Thumb Code    42  my_key.o(i.My_KEY_Init)
    My_KeyReadState                          0x08001369   Thumb Code    94  my_key.o(i.My_KeyReadState)
    My_KeyScan                               0x080013d1   Thumb Code    46  my_key.o(i.My_KeyScan)
    My_LED_Init                              0x08001409   Thumb Code    90  my_led.o(i.My_LED_Init)
    My_Menu_Back                             0x0800146d   Thumb Code    78  my_menu.o(i.My_Menu_Back)
    My_Menu_Clear                            0x080014c5   Thumb Code    10  main.o(i.My_Menu_Clear)
    My_Menu_Display                          0x080014d1   Thumb Code   442  main.o(i.My_Menu_Display)
    My_Menu_GetSelectID                      0x080016a9   Thumb Code    16  my_menu.o(i.My_Menu_GetSelectID)
    My_Menu_Init                             0x080016c1   Thumb Code    54  my_menu.o(i.My_Menu_Init)
    My_Menu_Into                             0x08001715   Thumb Code   126  my_menu.o(i.My_Menu_Into)
    My_Menu_SelectDown                       0x080017a1   Thumb Code   132  my_menu.o(i.My_Menu_SelectDown)
    My_Menu_SelectUp                         0x0800182d   Thumb Code   128  my_menu.o(i.My_Menu_SelectUp)
    My_Menu_UnderBottom                      0x080018b5   Thumb Code     8  my_menu.o(i.My_Menu_UnderBottom)
    My_PWM_Init                              0x080018c1   Thumb Code    28  my_pwm.o(i.My_PWM_Init)
    My_PWM_PreInit                           0x080018dd   Thumb Code   582  my_pwm.o(i.My_PWM_PreInit)
    My_PWM_SetDuty                           0x08001b2d   Thumb Code   262  my_pwm.o(i.My_PWM_SetDuty)
    My_SG90_Init                             0x08001c41   Thumb Code    50  my_sg90.o(i.My_SG90_Init)
    My_SG90_IsEnable                         0x08001c81   Thumb Code    24  my_sg90.o(i.My_SG90_IsEnable)
    My_SG90_SetAngle                         0x08001ca1   Thumb Code   164  my_sg90.o(i.My_SG90_SetAngle)
    My_SysTick_Init                          0x08001d6d   Thumb Code    82  my_systick.o(i.My_SysTick_Init)
    My_USART_Init                            0x08001dcd   Thumb Code   266  usart.o(i.My_USART_Init)
    My_USART_SendByte                        0x08001ee5   Thumb Code    28  usart.o(i.My_USART_SendByte)
    My_USART_SendBytes                       0x08001f01   Thumb Code    32  usart.o(i.My_USART_SendBytes)
    My_UartMessage_Process                   0x08001f21   Thumb Code   130  my_uart_msg.o(i.My_UartMessage_Process)
    My_UartMessage_StateMachine              0x08001fad   Thumb Code   184  my_uart_msg.o(i.My_UartMessage_StateMachine)
    NMI_Handler                              0x08002075   Thumb Code     2  stm32f10x_it.o(i.NMI_Handler)
    NVIC_Configuration                       0x08002077   Thumb Code    12  my_board.o(i.NVIC_Configuration)
    NVIC_Init                                0x08002085   Thumb Code   100  misc.o(i.NVIC_Init)
    NVIC_PriorityGroupConfig                 0x080020f5   Thumb Code    10  misc.o(i.NVIC_PriorityGroupConfig)
    OnGetUartMessage                         0x08002109   Thumb Code     2  my_uart_msg.o(i.OnGetUartMessage)
    PWR_BackupAccessCmd                      0x0800210d   Thumb Code     6  stm32f10x_pwr.o(i.PWR_BackupAccessCmd)
    PendSV_Handler                           0x08002119   Thumb Code     2  stm32f10x_it.o(i.PendSV_Handler)
    RCC_APB1PeriphClockCmd                   0x0800211d   Thumb Code    26  stm32f10x_rcc.o(i.RCC_APB1PeriphClockCmd)
    RCC_APB1PeriphResetCmd                   0x0800213d   Thumb Code    26  stm32f10x_rcc.o(i.RCC_APB1PeriphResetCmd)
    RCC_APB2PeriphClockCmd                   0x0800215d   Thumb Code    26  stm32f10x_rcc.o(i.RCC_APB2PeriphClockCmd)
    RCC_APB2PeriphResetCmd                   0x0800217d   Thumb Code    26  stm32f10x_rcc.o(i.RCC_APB2PeriphResetCmd)
    RCC_GetClocksFreq                        0x0800219d   Thumb Code   192  stm32f10x_rcc.o(i.RCC_GetClocksFreq)
    SPIv_WriteData                           0x08002271   Thumb Code    56  my_lcd_spi.o(i.SPIv_WriteData)
    SVC_Handler                              0x080022b1   Thumb Code     2  stm32f10x_it.o(i.SVC_Handler)
    SysTick_Handler                          0x0800239d   Thumb Code    58  my_systick.o(i.SysTick_Handler)
    SystemInit                               0x080023e5   Thumb Code    78  system_stm32f10x.o(i.SystemInit)
    TIM_ARRPreloadConfig                     0x08002445   Thumb Code    24  stm32f10x_tim.o(i.TIM_ARRPreloadConfig)
    TIM_Cmd                                  0x0800245d   Thumb Code    24  stm32f10x_tim.o(i.TIM_Cmd)
    TIM_CtrlPWMOutputs                       0x08002475   Thumb Code    30  stm32f10x_tim.o(i.TIM_CtrlPWMOutputs)
    TIM_OC1Init                              0x08002495   Thumb Code   132  stm32f10x_tim.o(i.TIM_OC1Init)
    TIM_OC1PreloadConfig                     0x0800252d   Thumb Code    18  stm32f10x_tim.o(i.TIM_OC1PreloadConfig)
    TIM_OC2Init                              0x08002541   Thumb Code   154  stm32f10x_tim.o(i.TIM_OC2Init)
    TIM_OC2PreloadConfig                     0x080025e5   Thumb Code    26  stm32f10x_tim.o(i.TIM_OC2PreloadConfig)
    TIM_OC3Init                              0x08002601   Thumb Code   150  stm32f10x_tim.o(i.TIM_OC3Init)
    TIM_OC3PreloadConfig                     0x080026a1   Thumb Code    18  stm32f10x_tim.o(i.TIM_OC3PreloadConfig)
    TIM_OC4Init                              0x080026b5   Thumb Code   114  stm32f10x_tim.o(i.TIM_OC4Init)
    TIM_OC4PreloadConfig                     0x08002731   Thumb Code    26  stm32f10x_tim.o(i.TIM_OC4PreloadConfig)
    TIM_SetCompare1                          0x0800274b   Thumb Code     4  stm32f10x_tim.o(i.TIM_SetCompare1)
    TIM_SetCompare2                          0x0800274f   Thumb Code     4  stm32f10x_tim.o(i.TIM_SetCompare2)
    TIM_SetCompare3                          0x08002753   Thumb Code     4  stm32f10x_tim.o(i.TIM_SetCompare3)
    TIM_SetCompare4                          0x08002757   Thumb Code     6  stm32f10x_tim.o(i.TIM_SetCompare4)
    TIM_TimeBaseInit                         0x0800275d   Thumb Code   122  stm32f10x_tim.o(i.TIM_TimeBaseInit)
    USART1_IRQHandler                        0x08002801   Thumb Code    30  usart.o(i.USART1_IRQHandler)
    USART2_IRQHandler                        0x08002825   Thumb Code    24  usart.o(i.USART2_IRQHandler)
    USART3_IRQHandler                        0x08002841   Thumb Code    30  usart.o(i.USART3_IRQHandler)
    USART_Cmd                                0x08002865   Thumb Code    24  stm32f10x_usart.o(i.USART_Cmd)
    USART_DeInit                             0x0800287d   Thumb Code   134  stm32f10x_usart.o(i.USART_DeInit)
    USART_GetITStatus                        0x08002919   Thumb Code    84  stm32f10x_usart.o(i.USART_GetITStatus)
    USART_ITConfig                           0x0800296d   Thumb Code    74  stm32f10x_usart.o(i.USART_ITConfig)
    USART_Init                               0x080029b9   Thumb Code   210  stm32f10x_usart.o(i.USART_Init)
    USART_ReceiveData                        0x08002a91   Thumb Code    10  stm32f10x_usart.o(i.USART_ReceiveData)
    USART_SendData                           0x08002a9b   Thumb Code     8  stm32f10x_usart.o(i.USART_SendData)
    UsageFault_Handler                       0x08002aa3   Thumb Code     4  stm32f10x_it.o(i.UsageFault_Handler)
    _is_digit                                0x08002aa7   Thumb Code    14  __printf_wp.o(i._is_digit)
    _sys_exit                                0x08002ab5   Thumb Code     4  usart.o(i._sys_exit)
    cancelCurFaceCmd                         0x08002ab9   Thumb Code    24  my_face.o(i.cancelCurFaceCmd)
    delay_ms                                 0x08002ae1   Thumb Code    18  delay.o(i.delay_ms)
    delay_us                                 0x08002af5   Thumb Code    44  delay.o(i.delay_us)
    deleteAllFaceCmd                         0x08002b2d   Thumb Code    24  my_face.o(i.deleteAllFaceCmd)
    deleteFaceIdCmd                          0x08002b55   Thumb Code    98  my_face.o(i.deleteFaceIdCmd)
    getFaceCmdkRes                           0x08002bcd   Thumb Code     6  my_face.o(i.getFaceCmdkRes)
    getFaceId                                0x08002bd9   Thumb Code     6  my_face.o(i.getFaceId)
    $Super$$main                             0x08002be5   Thumb Code  2564  main.o(i.main)
    scanKeyAnddealKey                        0x08003609   Thumb Code   112  main.o(i.scanKeyAnddealKey)
    sendInputFaceCmd                         0x08003685   Thumb Code    24  my_face.o(i.sendInputFaceCmd)
    shiBieFaceCmd                            0x080036ad   Thumb Code    24  my_face.o(i.shiBieFaceCmd)
    xbx_crc_calculate                        0x080036d5   Thumb Code    64  my_face.o(i.xbx_crc_calculate)
    __aeabi_d2f                              0x08003715   Thumb Code     0  d2f.o(x$fpl$d2f)
    _d2f                                     0x08003715   Thumb Code    98  d2f.o(x$fpl$d2f)
    __aeabi_dadd                             0x08003779   Thumb Code     0  daddsub_clz.o(x$fpl$dadd)
    _dadd                                    0x08003779   Thumb Code   332  daddsub_clz.o(x$fpl$dadd)
    __aeabi_dmul                             0x080038c9   Thumb Code     0  dmul.o(x$fpl$dmul)
    _dmul                                    0x080038c9   Thumb Code   332  dmul.o(x$fpl$dmul)
    __fpl_dnaninf                            0x08003a1d   Thumb Code   156  dnaninf.o(x$fpl$dnaninf)
    __fpl_dretinf                            0x08003ab9   Thumb Code    12  dretinf.o(x$fpl$dretinf)
    __aeabi_drsub                            0x08003ac5   Thumb Code     0  daddsub_clz.o(x$fpl$drsb)
    _drsb                                    0x08003ac5   Thumb Code    22  daddsub_clz.o(x$fpl$drsb)
    __aeabi_dsub                             0x08003add   Thumb Code     0  daddsub_clz.o(x$fpl$dsub)
    _dsub                                    0x08003add   Thumb Code   464  daddsub_clz.o(x$fpl$dsub)
    __aeabi_f2d                              0x08003cb1   Thumb Code     0  f2d.o(x$fpl$f2d)
    _f2d                                     0x08003cb1   Thumb Code    86  f2d.o(x$fpl$f2d)
    __aeabi_fadd                             0x08003d09   Thumb Code     0  faddsub_clz.o(x$fpl$fadd)
    _fadd                                    0x08003d09   Thumb Code   196  faddsub_clz.o(x$fpl$fadd)
    __fpl_fcmp_Inf                           0x08003dcd   Thumb Code    24  fcmpi.o(x$fpl$fcmpinf)
    __aeabi_fdiv                             0x08003de5   Thumb Code     0  fdiv.o(x$fpl$fdiv)
    _fdiv                                    0x08003de5   Thumb Code   384  fdiv.o(x$fpl$fdiv)
    __aeabi_f2iz                             0x08003f69   Thumb Code     0  ffix.o(x$fpl$ffix)
    _ffix                                    0x08003f69   Thumb Code    54  ffix.o(x$fpl$ffix)
    __aeabi_f2uiz                            0x08003fa1   Thumb Code     0  ffixu.o(x$fpl$ffixu)
    _ffixu                                   0x08003fa1   Thumb Code    62  ffixu.o(x$fpl$ffixu)
    __aeabi_ui2f                             0x08003fe1   Thumb Code     0  fflt_clz.o(x$fpl$ffltu)
    _ffltu                                   0x08003fe1   Thumb Code    38  fflt_clz.o(x$fpl$ffltu)
    __aeabi_cfcmple                          0x08004009   Thumb Code     0  fleqf.o(x$fpl$fleqf)
    _fcmple                                  0x08004009   Thumb Code   104  fleqf.o(x$fpl$fleqf)
    __fpl_fcmple_InfNaN                      0x0800405b   Thumb Code     0  fleqf.o(x$fpl$fleqf)
    __aeabi_fmul                             0x08004071   Thumb Code     0  fmul.o(x$fpl$fmul)
    _fmul                                    0x08004071   Thumb Code   258  fmul.o(x$fpl$fmul)
    __fpl_fnaninf                            0x08004173   Thumb Code   140  fnaninf.o(x$fpl$fnaninf)
    __fpl_fretinf                            0x080041ff   Thumb Code    10  fretinf.o(x$fpl$fretinf)
    __aeabi_cfrcmple                         0x08004209   Thumb Code     0  frleqf.o(x$fpl$frleqf)
    _frcmple                                 0x08004209   Thumb Code    98  frleqf.o(x$fpl$frleqf)
    __aeabi_fsub                             0x0800426d   Thumb Code     0  faddsub_clz.o(x$fpl$fsub)
    _fsub                                    0x0800426d   Thumb Code   234  faddsub_clz.o(x$fpl$fsub)
    __I$use$fp                               0x08004356   Number         0  usenofp.o(x$fpl$usenofp)
    tfont16                                  0x0800491c   Data         238  my_lcd_spi_gui.o(.constdata)
    tfont24                                  0x08004a0a   Data          74  my_lcd_spi_gui.o(.constdata)
    tfont32                                  0x08004a54   Data         130  my_lcd_spi_gui.o(.constdata)
    Region$$Table$$Base                      0x08005670   Number         0  anon$$obj.o(Region$$Table)
    Region$$Table$$Limit                     0x08005690   Number         0  anon$$obj.o(Region$$Table)
    remCurMenuId                             0x20000010   Data           2  main.o(.data)
    yPlace                                   0x20000012   Data           2  main.o(.data)
    makeSureLinkCount                        0x20000014   Data           1  main.o(.data)
    i                                        0x20000018   Data           4  main.o(.data)
    startCmdFlag                             0x2000001c   Data           1  main.o(.data)
    setId                                    0x2000001e   Data           2  main.o(.data)
    reMenukey                                0x20000020   Data           1  main.o(.data)
    outCount                                 0x20000022   Data           2  main.o(.data)
    intCount                                 0x20000024   Data           2  main.o(.data)
    openDjDelay                              0x20000026   Data           2  main.o(.data)
    FRONT_COLOR                              0x20000050   Data           2  my_lcd_spi.o(.data)
    BACK_COLOR                               0x20000052   Data           2  my_lcd_spi.o(.data)
    DeviceCode                               0x20000054   Data           2  my_lcd_spi.o(.data)
    crcTest                                  0x2000006e   Data           2  my_face.o(.data)
    inputFaceCmd                             0x20000070   Data          18  my_face.o(.data)
    shibieFaceCmd                            0x20000082   Data          18  my_face.o(.data)
    delAllFaceCmd                            0x20000094   Data          18  my_face.o(.data)
    delFaceIdCmd                             0x200000a6   Data          18  my_face.o(.data)
    cancelCmd                                0x200000b8   Data          18  my_face.o(.data)
    selectedMenu                             0x200000e0   Data           4  my_menu.o(.data)
    Pwm_Per                                  0x200000f4   Data           8  my_pwm.o(.data)
    mySendFlag_tick                          0x2000012c   Data           1  my_systick.o(.data)
    myReadFlag_tick                          0x2000012d   Data           1  my_systick.o(.data)
    SystemCoreClock                          0x20000144   Data           4  system_stm32f10x.o(.data)
    AHBPrescTable                            0x20000148   Data          16  system_stm32f10x.o(.data)
    dis0                                     0x2000016c   Data          64  main.o(.bss)
    dis1                                     0x200001ac   Data          32  main.o(.bss)
    lcddev                                   0x200001cc   Data          16  my_lcd_spi.o(.bss)
    uartMsg                                  0x2000024c   Data         136  my_uart_msg.o(.bss)
    __libspace_start                         0x200002d4   Data          96  libspace.o(.bss)
    __temporary_stack_top$libspace           0x20000334   Data           0  libspace.o(.bss)



==============================================================================

Memory Map of the image

  Image Entry point : 0x08000131

  Load Region LR_IROM1 (Base: 0x08000000, Size: 0x000057fc, Max: 0x00010000, ABSOLUTE, COMPRESSED[0x000056f4])

    Execution Region ER_IROM1 (Base: 0x08000000, Size: 0x00005690, Max: 0x00010000, ABSOLUTE)

    Base Addr    Size         Type   Attr      Idx    E Section Name        Object

    0x08000000   0x00000130   Data   RO         1411    RESET               startup_stm32f10x_hd.o
    0x08000130   0x00000008   Code   RO         4749  * !!!main             c_w.l(__main.o)
    0x08000138   0x00000034   Code   RO         5086    !!!scatter          c_w.l(__scatter.o)
    0x0800016c   0x0000005a   Code   RO         5084    !!dczerorl2         c_w.l(__dczerorl2.o)
    0x080001c6   0x00000002   PAD
    0x080001c8   0x0000001c   Code   RO         5088    !!handler_zi        c_w.l(__scatter_zi.o)
    0x080001e4   0x00000000   Code   RO         4742    .ARM.Collect$$_printf_percent$$00000000  c_w.l(_printf_percent.o)
    0x080001e4   0x00000006   Code   RO         4741    .ARM.Collect$$_printf_percent$$00000009  c_w.l(_printf_d.o)
    0x080001ea   0x00000004   Code   RO         4852    .ARM.Collect$$_printf_percent$$00000017  c_w.l(_printf_percent_end.o)
    0x080001ee   0x00000002   Code   RO         4950    .ARM.Collect$$libinit$$00000000  c_w.l(libinit.o)
    0x080001f0   0x00000000   Code   RO         4966    .ARM.Collect$$libinit$$00000002  c_w.l(libinit2.o)
    0x080001f0   0x00000000   Code   RO         4968    .ARM.Collect$$libinit$$00000004  c_w.l(libinit2.o)
    0x080001f0   0x00000000   Code   RO         4971    .ARM.Collect$$libinit$$0000000A  c_w.l(libinit2.o)
    0x080001f0   0x00000000   Code   RO         4973    .ARM.Collect$$libinit$$0000000C  c_w.l(libinit2.o)
    0x080001f0   0x00000000   Code   RO         4975    .ARM.Collect$$libinit$$0000000E  c_w.l(libinit2.o)
    0x080001f0   0x00000000   Code   RO         4978    .ARM.Collect$$libinit$$00000011  c_w.l(libinit2.o)
    0x080001f0   0x00000000   Code   RO         4980    .ARM.Collect$$libinit$$00000013  c_w.l(libinit2.o)
    0x080001f0   0x00000000   Code   RO         4982    .ARM.Collect$$libinit$$00000015  c_w.l(libinit2.o)
    0x080001f0   0x00000000   Code   RO         4984    .ARM.Collect$$libinit$$00000017  c_w.l(libinit2.o)
    0x080001f0   0x00000000   Code   RO         4986    .ARM.Collect$$libinit$$00000019  c_w.l(libinit2.o)
    0x080001f0   0x00000000   Code   RO         4988    .ARM.Collect$$libinit$$0000001B  c_w.l(libinit2.o)
    0x080001f0   0x00000000   Code   RO         4990    .ARM.Collect$$libinit$$0000001D  c_w.l(libinit2.o)
    0x080001f0   0x00000000   Code   RO         4992    .ARM.Collect$$libinit$$0000001F  c_w.l(libinit2.o)
    0x080001f0   0x00000000   Code   RO         4994    .ARM.Collect$$libinit$$00000021  c_w.l(libinit2.o)
    0x080001f0   0x00000000   Code   RO         4996    .ARM.Collect$$libinit$$00000023  c_w.l(libinit2.o)
    0x080001f0   0x00000000   Code   RO         4998    .ARM.Collect$$libinit$$00000025  c_w.l(libinit2.o)
    0x080001f0   0x00000000   Code   RO         5002    .ARM.Collect$$libinit$$0000002C  c_w.l(libinit2.o)
    0x080001f0   0x00000000   Code   RO         5004    .ARM.Collect$$libinit$$0000002E  c_w.l(libinit2.o)
    0x080001f0   0x00000000   Code   RO         5006    .ARM.Collect$$libinit$$00000030  c_w.l(libinit2.o)
    0x080001f0   0x00000000   Code   RO         5008    .ARM.Collect$$libinit$$00000032  c_w.l(libinit2.o)
    0x080001f0   0x00000002   Code   RO         5009    .ARM.Collect$$libinit$$00000033  c_w.l(libinit2.o)
    0x080001f2   0x00000002   Code   RO         5027    .ARM.Collect$$libshutdown$$00000000  c_w.l(libshutdown.o)
    0x080001f4   0x00000000   Code   RO         5038    .ARM.Collect$$libshutdown$$00000003  c_w.l(libshutdown2.o)
    0x080001f4   0x00000000   Code   RO         5041    .ARM.Collect$$libshutdown$$00000006  c_w.l(libshutdown2.o)
    0x080001f4   0x00000000   Code   RO         5044    .ARM.Collect$$libshutdown$$00000009  c_w.l(libshutdown2.o)
    0x080001f4   0x00000000   Code   RO         5046    .ARM.Collect$$libshutdown$$0000000B  c_w.l(libshutdown2.o)
    0x080001f4   0x00000000   Code   RO         5049    .ARM.Collect$$libshutdown$$0000000E  c_w.l(libshutdown2.o)
    0x080001f4   0x00000002   Code   RO         5050    .ARM.Collect$$libshutdown$$0000000F  c_w.l(libshutdown2.o)
    0x080001f6   0x00000000   Code   RO         4795    .ARM.Collect$$rtentry$$00000000  c_w.l(__rtentry.o)
    0x080001f6   0x00000000   Code   RO         4878    .ARM.Collect$$rtentry$$00000002  c_w.l(__rtentry2.o)
    0x080001f6   0x00000006   Code   RO         4890    .ARM.Collect$$rtentry$$00000004  c_w.l(__rtentry4.o)
    0x080001fc   0x00000000   Code   RO         4880    .ARM.Collect$$rtentry$$00000009  c_w.l(__rtentry2.o)
    0x080001fc   0x00000004   Code   RO         4881    .ARM.Collect$$rtentry$$0000000A  c_w.l(__rtentry2.o)
    0x08000200   0x00000000   Code   RO         4883    .ARM.Collect$$rtentry$$0000000C  c_w.l(__rtentry2.o)
    0x08000200   0x00000008   Code   RO         4884    .ARM.Collect$$rtentry$$0000000D  c_w.l(__rtentry2.o)
    0x08000208   0x00000002   Code   RO         4958    .ARM.Collect$$rtexit$$00000000  c_w.l(rtexit.o)
    0x0800020a   0x00000000   Code   RO         5011    .ARM.Collect$$rtexit$$00000002  c_w.l(rtexit2.o)
    0x0800020a   0x00000004   Code   RO         5012    .ARM.Collect$$rtexit$$00000003  c_w.l(rtexit2.o)
    0x0800020e   0x00000006   Code   RO         5013    .ARM.Collect$$rtexit$$00000004  c_w.l(rtexit2.o)
    0x08000214   0x00000040   Code   RO         1412    .text               startup_stm32f10x_hd.o
    0x08000254   0x00000002   Code   RO         4707    .text               c_w.l(use_no_semi_2.o)
    0x08000256   0x00000002   PAD
    0x08000258   0x0000002c   Code   RO         4711    .text               c_w.l(__2sprintf.o)
    0x08000284   0x0000004e   Code   RO         4717    .text               c_w.l(_printf_pad.o)
    0x080002d2   0x00000002   PAD
    0x080002d4   0x00000078   Code   RO         4719    .text               c_w.l(_printf_dec.o)
    0x0800034c   0x00000188   Code   RO         4738    .text               c_w.l(__printf_flags_ss_wp.o)
    0x080004d4   0x00000044   Code   RO         4745    .text               c_w.l(rt_memclr.o)
    0x08000518   0x00000006   Code   RO         4747    .text               c_w.l(heapauxi.o)
    0x0800051e   0x00000002   Code   RO         4793    .text               c_w.l(use_no_semi.o)
    0x08000520   0x000000b2   Code   RO         4800    .text               c_w.l(_printf_intcommon.o)
    0x080005d2   0x00000002   PAD
    0x080005d4   0x00000030   Code   RO         4804    .text               c_w.l(_printf_char_common.o)
    0x08000604   0x0000000a   Code   RO         4806    .text               c_w.l(_sputc.o)
    0x0800060e   0x0000004e   Code   RO         4862    .text               c_w.l(rt_memclr_w.o)
    0x0800065c   0x0000004a   Code   RO         4904    .text               c_w.l(sys_stackheap_outer.o)
    0x080006a6   0x0000000c   Code   RO         4943    .text               c_w.l(exit.o)
    0x080006b2   0x00000002   PAD
    0x080006b4   0x00000008   Code   RO         4955    .text               c_w.l(libspace.o)
    0x080006bc   0x00000016   Code   RO          285    i.$Sub$$main        my_board.o
    0x080006d2   0x00000002   PAD
    0x080006d4   0x0000000c   Code   RO         2966    i.BKP_TamperPinCmd  stm32f10x_bkp.o
    0x080006e0   0x00000004   Code   RO            4    i.BusFault_Handler  stm32f10x_it.o
    0x080006e4   0x00000028   Code   RO         1001    i.DWT_Init          delay.o
    0x0800070c   0x00000002   Code   RO            5    i.DebugMon_Handler  stm32f10x_it.o
    0x0800070e   0x00000116   Code   RO         1471    i.GPIO_Init         stm32f10x_gpio.o
    0x08000824   0x00000090   Code   RO         1473    i.GPIO_PinRemapConfig  stm32f10x_gpio.o
    0x080008b4   0x000000c0   Code   RO         1143    i.GPIO_Pin_Init     mygpio.o
    0x08000974   0x00000004   Code   RO            6    i.HardFault_Handler  stm32f10x_it.o
    0x08000978   0x0000002c   Code   RO          347    i.KeyIsPress        my_key.o
    0x080009a4   0x00000048   Code   RO          441    i.LCD_Clear         my_lcd_spi.o
    0x080009ec   0x00000028   Code   RO          442    i.LCD_DCET          my_lcd_spi.o
    0x08000a14   0x0000008a   Code   RO          556    i.LCD_DrawMatrixCode  my_lcd_spi_gui.o
    0x08000a9e   0x00000002   PAD
    0x08000aa0   0x0000001c   Code   RO          443    i.LCD_DrawPoint     my_lcd_spi.o
    0x08000abc   0x00000020   Code   RO          444    i.LCD_GPIOInit      my_lcd_spi.o
    0x08000adc   0x00000020   Code   RO          563    i.LCD_GetPos_X      my_lcd_spi_gui.o
    0x08000afc   0x0000001c   Code   RO          564    i.LCD_GetPos_Y      my_lcd_spi_gui.o
    0x08000b18   0x00000234   Code   RO          445    i.LCD_Init          my_lcd_spi.o
    0x08000d4c   0x00000064   Code   RO          566    i.LCD_ScanLine_Byte  my_lcd_spi_gui.o
    0x08000db0   0x00000014   Code   RO          446    i.LCD_SetCursor     my_lcd_spi.o
    0x08000dc4   0x0000006c   Code   RO          447    i.LCD_SetWindows    my_lcd_spi.o
    0x08000e30   0x000000b4   Code   RO          567    i.LCD_ShowChar      my_lcd_spi_gui.o
    0x08000ee4   0x000000cc   Code   RO          568    i.LCD_ShowChinese   my_lcd_spi_gui.o
    0x08000fb0   0x00000076   Code   RO          570    i.LCD_ShowString    my_lcd_spi_gui.o
    0x08001026   0x00000002   PAD
    0x08001028   0x00000028   Code   RO          448    i.LCD_WR_DATA       my_lcd_spi.o
    0x08001050   0x00000028   Code   RO          449    i.LCD_WR_REG        my_lcd_spi.o
    0x08001078   0x00000030   Code   RO          450    i.LCD_WriteData_16Bit  my_lcd_spi.o
    0x080010a8   0x00000010   Code   RO          451    i.LCD_WriteRAM_Prepare  my_lcd_spi.o
    0x080010b8   0x00000014   Code   RO          452    i.LCD_WriteReg      my_lcd_spi.o
    0x080010cc   0x00000090   Code   RO          453    i.LCD_direction     my_lcd_spi.o
    0x0800115c   0x00000004   Code   RO            7    i.MemManage_Handler  stm32f10x_it.o
    0x08001160   0x00000174   Code   RO          727    i.My_FaceData_StateMachine  my_face.o
    0x080012d4   0x00000038   Code   RO          572    i.My_Font_GetCodeSize_ASCII  my_lcd_spi_gui.o
    0x0800130c   0x0000002c   Code   RO          573    i.My_Font_GetCodeSize_CH  my_lcd_spi_gui.o
    0x08001338   0x00000030   Code   RO          351    i.My_KEY_Init       my_key.o
    0x08001368   0x00000068   Code   RO          352    i.My_KeyReadState   my_key.o
    0x080013d0   0x00000038   Code   RO          353    i.My_KeyScan        my_key.o
    0x08001408   0x00000064   Code   RO          319    i.My_LED_Init       my_led.o
    0x0800146c   0x00000058   Code   RO          805    i.My_Menu_Back      my_menu.o
    0x080014c4   0x0000000a   Code   RO          168    i.My_Menu_Clear     main.o
    0x080014ce   0x00000002   PAD
    0x080014d0   0x000001d8   Code   RO          169    i.My_Menu_Display   main.o
    0x080016a8   0x00000018   Code   RO          810    i.My_Menu_GetSelectID  my_menu.o
    0x080016c0   0x00000054   Code   RO          812    i.My_Menu_Init      my_menu.o
    0x08001714   0x0000008c   Code   RO          813    i.My_Menu_Into      my_menu.o
    0x080017a0   0x0000008c   Code   RO          814    i.My_Menu_SelectDown  my_menu.o
    0x0800182c   0x00000088   Code   RO          815    i.My_Menu_SelectUp  my_menu.o
    0x080018b4   0x0000000c   Code   RO          816    i.My_Menu_UnderBottom  my_menu.o
    0x080018c0   0x0000001c   Code   RO          905    i.My_PWM_Init       my_pwm.o
    0x080018dc   0x00000250   Code   RO          906    i.My_PWM_PreInit    my_pwm.o
    0x08001b2c   0x00000114   Code   RO          907    i.My_PWM_SetDuty    my_pwm.o
    0x08001c40   0x00000040   Code   RO          952    i.My_SG90_Init      my_sg90.o
    0x08001c80   0x00000020   Code   RO          953    i.My_SG90_IsEnable  my_sg90.o
    0x08001ca0   0x000000cc   Code   RO          954    i.My_SG90_SetAngle  my_sg90.o
    0x08001d6c   0x00000060   Code   RO         1312    i.My_SysTick_Init   my_systick.o
    0x08001dcc   0x00000118   Code   RO         1048    i.My_USART_Init     usart.o
    0x08001ee4   0x0000001c   Code   RO         1049    i.My_USART_SendByte  usart.o
    0x08001f00   0x00000020   Code   RO         1050    i.My_USART_SendBytes  usart.o
    0x08001f20   0x0000008c   Code   RO         1364    i.My_UartMessage_Process  my_uart_msg.o
    0x08001fac   0x000000c8   Code   RO         1366    i.My_UartMessage_StateMachine  my_uart_msg.o
    0x08002074   0x00000002   Code   RO            8    i.NMI_Handler       stm32f10x_it.o
    0x08002076   0x0000000c   Code   RO          286    i.NVIC_Configuration  my_board.o
    0x08002082   0x00000002   PAD
    0x08002084   0x00000070   Code   RO         1995    i.NVIC_Init         misc.o
    0x080020f4   0x00000014   Code   RO         1996    i.NVIC_PriorityGroupConfig  misc.o
    0x08002108   0x00000002   Code   RO         1367    i.OnGetUartMessage  my_uart_msg.o
    0x0800210a   0x00000002   PAD
    0x0800210c   0x0000000c   Code   RO         4114    i.PWR_BackupAccessCmd  stm32f10x_pwr.o
    0x08002118   0x00000002   Code   RO            9    i.PendSV_Handler    stm32f10x_it.o
    0x0800211a   0x00000002   PAD
    0x0800211c   0x00000020   Code   RO         1593    i.RCC_APB1PeriphClockCmd  stm32f10x_rcc.o
    0x0800213c   0x00000020   Code   RO         1594    i.RCC_APB1PeriphResetCmd  stm32f10x_rcc.o
    0x0800215c   0x00000020   Code   RO         1595    i.RCC_APB2PeriphClockCmd  stm32f10x_rcc.o
    0x0800217c   0x00000020   Code   RO         1596    i.RCC_APB2PeriphResetCmd  stm32f10x_rcc.o
    0x0800219c   0x000000d4   Code   RO         1603    i.RCC_GetClocksFreq  stm32f10x_rcc.o
    0x08002270   0x00000040   Code   RO          454    i.SPIv_WriteData    my_lcd_spi.o
    0x080022b0   0x00000002   Code   RO           10    i.SVC_Handler       stm32f10x_it.o
    0x080022b2   0x00000008   Code   RO         1419    i.SetSysClock       system_stm32f10x.o
    0x080022ba   0x00000002   PAD
    0x080022bc   0x000000e0   Code   RO         1420    i.SetSysClockTo72   system_stm32f10x.o
    0x0800239c   0x00000048   Code   RO         1313    i.SysTick_Handler   my_systick.o
    0x080023e4   0x00000060   Code   RO         1422    i.SystemInit        system_stm32f10x.o
    0x08002444   0x00000018   Code   RO         2281    i.TIM_ARRPreloadConfig  stm32f10x_tim.o
    0x0800245c   0x00000018   Code   RO         2293    i.TIM_Cmd           stm32f10x_tim.o
    0x08002474   0x0000001e   Code   RO         2295    i.TIM_CtrlPWMOutputs  stm32f10x_tim.o
    0x08002492   0x00000002   PAD
    0x08002494   0x00000098   Code   RO         2322    i.TIM_OC1Init       stm32f10x_tim.o
    0x0800252c   0x00000012   Code   RO         2325    i.TIM_OC1PreloadConfig  stm32f10x_tim.o
    0x0800253e   0x00000002   PAD
    0x08002540   0x000000a4   Code   RO         2327    i.TIM_OC2Init       stm32f10x_tim.o
    0x080025e4   0x0000001a   Code   RO         2330    i.TIM_OC2PreloadConfig  stm32f10x_tim.o
    0x080025fe   0x00000002   PAD
    0x08002600   0x000000a0   Code   RO         2332    i.TIM_OC3Init       stm32f10x_tim.o
    0x080026a0   0x00000012   Code   RO         2335    i.TIM_OC3PreloadConfig  stm32f10x_tim.o
    0x080026b2   0x00000002   PAD
    0x080026b4   0x0000007c   Code   RO         2337    i.TIM_OC4Init       stm32f10x_tim.o
    0x08002730   0x0000001a   Code   RO         2339    i.TIM_OC4PreloadConfig  stm32f10x_tim.o
    0x0800274a   0x00000004   Code   RO         2354    i.TIM_SetCompare1   stm32f10x_tim.o
    0x0800274e   0x00000004   Code   RO         2355    i.TIM_SetCompare2   stm32f10x_tim.o
    0x08002752   0x00000004   Code   RO         2356    i.TIM_SetCompare3   stm32f10x_tim.o
    0x08002756   0x00000006   Code   RO         2357    i.TIM_SetCompare4   stm32f10x_tim.o
    0x0800275c   0x000000a4   Code   RO         2364    i.TIM_TimeBaseInit  stm32f10x_tim.o
    0x08002800   0x00000024   Code   RO         1053    i.USART1_IRQHandler  usart.o
    0x08002824   0x0000001c   Code   RO         1054    i.USART2_IRQHandler  usart.o
    0x08002840   0x00000024   Code   RO         1055    i.USART3_IRQHandler  usart.o
    0x08002864   0x00000018   Code   RO         1807    i.USART_Cmd         stm32f10x_usart.o
    0x0800287c   0x0000009c   Code   RO         1809    i.USART_DeInit      stm32f10x_usart.o
    0x08002918   0x00000054   Code   RO         1811    i.USART_GetITStatus  stm32f10x_usart.o
    0x0800296c   0x0000004a   Code   RO         1813    i.USART_ITConfig    stm32f10x_usart.o
    0x080029b6   0x00000002   PAD
    0x080029b8   0x000000d8   Code   RO         1814    i.USART_Init        stm32f10x_usart.o
    0x08002a90   0x0000000a   Code   RO         1821    i.USART_ReceiveData  stm32f10x_usart.o
    0x08002a9a   0x00000008   Code   RO         1824    i.USART_SendData    stm32f10x_usart.o
    0x08002aa2   0x00000004   Code   RO           11    i.UsageFault_Handler  stm32f10x_it.o
    0x08002aa6   0x0000000e   Code   RO         4731    i._is_digit         c_w.l(__printf_wp.o)
    0x08002ab4   0x00000004   Code   RO         1056    i._sys_exit         usart.o
    0x08002ab8   0x00000028   Code   RO          728    i.cancelCurFaceCmd  my_face.o
    0x08002ae0   0x00000012   Code   RO         1002    i.delay_ms          delay.o
    0x08002af2   0x00000002   PAD
    0x08002af4   0x00000038   Code   RO         1004    i.delay_us          delay.o
    0x08002b2c   0x00000028   Code   RO          729    i.deleteAllFaceCmd  my_face.o
    0x08002b54   0x00000078   Code   RO          730    i.deleteFaceIdCmd   my_face.o
    0x08002bcc   0x0000000c   Code   RO          731    i.getFaceCmdkRes    my_face.o
    0x08002bd8   0x0000000c   Code   RO          732    i.getFaceId         my_face.o
    0x08002be4   0x00000a24   Code   RO          170    i.main              main.o
    0x08003608   0x0000007c   Code   RO          171    i.scanKeyAnddealKey  main.o
    0x08003684   0x00000028   Code   RO          733    i.sendInputFaceCmd  my_face.o
    0x080036ac   0x00000028   Code   RO          734    i.shiBieFaceCmd     my_face.o
    0x080036d4   0x00000040   Code   RO          735    i.xbx_crc_calculate  my_face.o
    0x08003714   0x00000062   Code   RO         4751    x$fpl$d2f           fz_ws.l(d2f.o)
    0x08003776   0x00000002   PAD
    0x08003778   0x00000150   Code   RO         4753    x$fpl$dadd          fz_ws.l(daddsub_clz.o)
    0x080038c8   0x00000154   Code   RO         4759    x$fpl$dmul          fz_ws.l(dmul.o)
    0x08003a1c   0x0000009c   Code   RO         4864    x$fpl$dnaninf       fz_ws.l(dnaninf.o)
    0x08003ab8   0x0000000c   Code   RO         4866    x$fpl$dretinf       fz_ws.l(dretinf.o)
    0x08003ac4   0x00000016   Code   RO         4754    x$fpl$drsb          fz_ws.l(daddsub_clz.o)
    0x08003ada   0x00000002   PAD
    0x08003adc   0x000001d4   Code   RO         4755    x$fpl$dsub          fz_ws.l(daddsub_clz.o)
    0x08003cb0   0x00000056   Code   RO         4761    x$fpl$f2d           fz_ws.l(f2d.o)
    0x08003d06   0x00000002   PAD
    0x08003d08   0x000000c4   Code   RO         4763    x$fpl$fadd          fz_ws.l(faddsub_clz.o)
    0x08003dcc   0x00000018   Code   RO         4868    x$fpl$fcmpinf       fz_ws.l(fcmpi.o)
    0x08003de4   0x00000184   Code   RO         4770    x$fpl$fdiv          fz_ws.l(fdiv.o)
    0x08003f68   0x00000036   Code   RO         4773    x$fpl$ffix          fz_ws.l(ffix.o)
    0x08003f9e   0x00000002   PAD
    0x08003fa0   0x0000003e   Code   RO         4777    x$fpl$ffixu         fz_ws.l(ffixu.o)
    0x08003fde   0x00000002   PAD
    0x08003fe0   0x00000026   Code   RO         4781    x$fpl$ffltu         fz_ws.l(fflt_clz.o)
    0x08004006   0x00000002   PAD
    0x08004008   0x00000068   Code   RO         4787    x$fpl$fleqf         fz_ws.l(fleqf.o)
    0x08004070   0x00000102   Code   RO         4789    x$fpl$fmul          fz_ws.l(fmul.o)
    0x08004172   0x0000008c   Code   RO         4870    x$fpl$fnaninf       fz_ws.l(fnaninf.o)
    0x080041fe   0x0000000a   Code   RO         4872    x$fpl$fretinf       fz_ws.l(fretinf.o)
    0x08004208   0x00000062   Code   RO         4791    x$fpl$frleqf        fz_ws.l(frleqf.o)
    0x0800426a   0x00000002   PAD
    0x0800426c   0x000000ea   Code   RO         4765    x$fpl$fsub          fz_ws.l(faddsub_clz.o)
    0x08004356   0x00000000   Code   RO         4876    x$fpl$usenofp       fz_ws.l(usenofp.o)
    0x08004356   0x0000000c   Data   RO          320    .constdata          my_led.o
    0x08004362   0x0000000c   Data   RO          359    .constdata          my_key.o
    0x0800436e   0x0000000c   Data   RO          456    .constdata          my_lcd_spi.o
    0x0800437a   0x000011c0   Data   RO          577    .constdata          my_lcd_spi_gui.o
    0x0800553a   0x00000002   PAD
    0x0800553c   0x000000dc   Data   RO          818    .constdata          my_menu.o
    0x08005618   0x00000011   Data   RO         4739    .constdata          c_w.l(__printf_flags_ss_wp.o)
    0x08005629   0x00000003   PAD
    0x0800562c   0x00000042   Data   RO          174    .conststring        main.o
    0x0800566e   0x00000002   PAD
    0x08005670   0x00000020   Data   RO         5082    Region$$Table       anon$$obj.o


    Execution Region RW_IRAM1 (Base: 0x20000000, Size: 0x00000938, Max: 0x00005000, ABSOLUTE, COMPRESSED[0x00000064])

    Base Addr    Size         Type   Attr      Idx    E Section Name        Object

    0x20000000   0x0000002a   Data   RW          175    .data               main.o
    0x2000002a   0x00000002   PAD
    0x2000002c   0x00000012   Data   RW          361    .data               my_key.o
    0x2000003e   0x00000002   PAD
    0x20000040   0x00000016   Data   RW          458    .data               my_lcd_spi.o
    0x20000056   0x00000002   PAD
    0x20000058   0x00000074   Data   RW          739    .data               my_face.o
    0x200000cc   0x00000018   Data   RW          820    .data               my_menu.o
    0x200000e4   0x00000018   Data   RW          910    .data               my_pwm.o
    0x200000fc   0x0000001c   Data   RW          958    .data               my_sg90.o
    0x20000118   0x00000016   Data   RW         1316    .data               my_systick.o
    0x2000012e   0x00000002   PAD
    0x20000130   0x00000014   Data   RW         1371    .data               my_uart_msg.o
    0x20000144   0x00000014   Data   RW         1423    .data               system_stm32f10x.o
    0x20000158   0x00000014   Data   RW         1623    .data               stm32f10x_rcc.o
    0x2000016c   0x00000060   Zero   RW          172    .bss                main.o
    0x200001cc   0x00000010   Zero   RW          455    .bss                my_lcd_spi.o
    0x200001dc   0x00000024   Zero   RW          736    .bss                my_face.o
    0x20000200   0x0000003c   Zero   RW          817    .bss                my_menu.o
    0x2000023c   0x00000010   Zero   RW          955    .bss                my_sg90.o
    0x2000024c   0x00000088   Zero   RW         1368    .bss                my_uart_msg.o
    0x200002d4   0x00000060   Zero   RW         4956    .bss                c_w.l(libspace.o)
    0x20000334   0x00000004   PAD
    0x20000338   0x00000200   Zero   RW         1410    HEAP                startup_stm32f10x_hd.o
    0x20000538   0x00000400   Zero   RW         1409    STACK               startup_stm32f10x_hd.o


==============================================================================

Image component sizes


      Code (inc. data)   RO Data    RW Data    ZI Data      Debug   Object Name

       114         22          0          0          0       1717   delay.o
      3202        458         66         42         96      17059   main.o
       132         22          0          0          0       1751   misc.o
        34          0          0          0          0       1042   my_board.o
       740        122          0        116         36       6461   my_face.o
       252         36         12         18          0       2734   my_key.o
      1236         78         12         22         16      10445   my_lcd_spi.o
       900         54       4544          0          0       8728   my_lcd_spi_gui.o
       100         10         12          0          0        906   my_led.o
       624         82        220         24         60       6040   my_menu.o
       896         24          0         24          0       3370   my_pwm.o
       300         62          0         28         16       2885   my_sg90.o
       168         28          0         22          0      27037   my_systick.o
       342         26          0         20        136       2696   my_uart_msg.o
       192         12          0          0          0        736   mygpio.o
        64         26        304          0       1536        852   startup_stm32f10x_hd.o
        12          6          0          0          0        579   stm32f10x_bkp.o
       422          6          0          0          0       2994   stm32f10x_gpio.o
        24          0          0          0          0     256232   stm32f10x_it.o
        12          6          0          0          0        582   stm32f10x_pwr.o
       340         44          0         20          0       6072   stm32f10x_rcc.o
       948         92          0          0          0      11393   stm32f10x_tim.o
       572         28          0          0          0       6666   stm32f10x_usart.o
       328         28          0         20          0       2601   system_stm32f10x.o
       444         30          0          0          0       4741   usart.o

    ----------------------------------------------------------------------
     12426       1302       5206        364       1896     386319   Object Totals
         0          0         32          0          0          0   (incl. Generated)
        28          0          4          8          0          0   (incl. Padding)

    ----------------------------------------------------------------------

      Code (inc. data)   RO Data    RW Data    ZI Data      Debug   Library Member Name

        44          6          0          0          0         84   __2sprintf.o
        90          0          0          0          0          0   __dczerorl2.o
         8          0          0          0          0         68   __main.o
       392          4         17          0          0         92   __printf_flags_ss_wp.o
        14          0          0          0          0         68   __printf_wp.o
         0          0          0          0          0          0   __rtentry.o
        12          0          0          0          0          0   __rtentry2.o
         6          0          0          0          0          0   __rtentry4.o
        52          8          0          0          0          0   __scatter.o
        28          0          0          0          0          0   __scatter_zi.o
        48          6          0          0          0         96   _printf_char_common.o
         6          0          0          0          0          0   _printf_d.o
       120         16          0          0          0         92   _printf_dec.o
       178          0          0          0          0         88   _printf_intcommon.o
        78          0          0          0          0        108   _printf_pad.o
         0          0          0          0          0          0   _printf_percent.o
         4          0          0          0          0          0   _printf_percent_end.o
        10          0          0          0          0         68   _sputc.o
        12          0          0          0          0         72   exit.o
         6          0          0          0          0        152   heapauxi.o
         2          0          0          0          0          0   libinit.o
         2          0          0          0          0          0   libinit2.o
         2          0          0          0          0          0   libshutdown.o
         2          0          0          0          0          0   libshutdown2.o
         8          4          0          0         96         68   libspace.o
        68          0          0          0          0         68   rt_memclr.o
        78          0          0          0          0         80   rt_memclr_w.o
         2          0          0          0          0          0   rtexit.o
        10          0          0          0          0          0   rtexit2.o
        74          0          0          0          0         80   sys_stackheap_outer.o
         2          0          0          0          0         68   use_no_semi.o
         2          0          0          0          0         68   use_no_semi_2.o
        98          4          0          0          0         92   d2f.o
       826         16          0          0          0        348   daddsub_clz.o
       340         12          0          0          0        104   dmul.o
       156          4          0          0          0         92   dnaninf.o
        12          0          0          0          0         68   dretinf.o
        86          4          0          0          0         84   f2d.o
       430          8          0          0          0        168   faddsub_clz.o
        24          0          0          0          0         68   fcmpi.o
       388         76          0          0          0         96   fdiv.o
        54          4          0          0          0         84   ffix.o
        62          4          0          0          0         84   ffixu.o
        38          0          0          0          0         68   fflt_clz.o
       104          4          0          0          0         84   fleqf.o
       258          4          0          0          0         84   fmul.o
       140          4          0          0          0         84   fnaninf.o
        10          0          0          0          0         68   fretinf.o
        98          0          0          0          0         68   frleqf.o
         0          0          0          0          0          0   usenofp.o

    ----------------------------------------------------------------------
      4508        188         20          0        100       3164   Library Totals
        24          0          3          0          4          0   (incl. Padding)

    ----------------------------------------------------------------------

      Code (inc. data)   RO Data    RW Data    ZI Data      Debug   Library Name

      1360         44         17          0         96       1420   c_w.l
      3124        144          0          0          0       1744   fz_ws.l

    ----------------------------------------------------------------------
      4508        188         20          0        100       3164   Library Totals

    ----------------------------------------------------------------------

==============================================================================


      Code (inc. data)   RO Data    RW Data    ZI Data      Debug   

     16934       1490       5226        364       1996     381939   Grand Totals
     16934       1490       5226        100       1996     381939   ELF Image Totals (compressed)
     16934       1490       5226        100          0          0   ROM Totals

==============================================================================

    Total RO  Size (Code + RO Data)                22160 (  21.64kB)
    Total RW  Size (RW Data + ZI Data)              2360 (   2.30kB)
    Total ROM Size (Code + RO Data + RW Data)      22260 (  21.74kB)

==============================================================================

